2026-09-15 22:53:26.905 [info] Extension host with pid 27139 started
2026-09-15 22:53:26.905 [info] Skipping acquiring lock for /home/hydramous/.config/Code/User/workspaceStorage/33d43cb2b0c03f40d9512d4667e57118.
2026-09-15 22:53:27.178 [info] ExtensionService#_doActivateExtension vscode.github-authentication, startup: false, activationEvent: 'onAuthenticationRequest:github'
2026-09-15 22:53:27.211 [info] ExtensionService#_doActivateExtension vscode.emmet, startup: false, activationEvent: 'onLanguage'
2026-09-15 22:53:27.226 [info] ExtensionService#_doActivateExtension sumneko.lua, startup: false, activationEvent: 'onLanguage:lua'
2026-09-15 22:53:27.472 [info] ExtensionService#_doActivateExtension vscode.git-base, startup: true, activationEvent: '*'
2026-09-15 22:53:27.475 [info] ExtensionService#_doActivateExtension christian-kohler.path-intellisense, startup: true, activationEvent: '*'
2026-09-15 22:53:27.485 [info] ExtensionService#_doActivateExtension formulahendry.auto-close-tag, startup: true, activationEvent: '*'
2026-09-15 22:53:27.486 [info] ExtensionService#_doActivateExtension formulahendry.auto-rename-tag, startup: true, activationEvent: '*'
2026-09-15 22:53:27.628 [info] ExtensionService#_doActivateExtension vscode.github, startup: true, activationEvent: '*'
2026-09-15 22:53:27.677 [info] Eager extensions activated
2026-09-15 22:53:27.678 [info] ExtensionService#_doActivateExtension vscode.debug-auto-launch, startup: false, activationEvent: 'onStartupFinished'
2026-09-15 22:53:27.680 [info] ExtensionService#_doActivateExtension vscode.merge-conflict, startup: false, activationEvent: 'onStartupFinished'
2026-09-15 22:53:27.694 [info] ExtensionService#_doActivateExtension Catppuccin.catppuccin-vsc, startup: false, activationEvent: 'onStartupFinished'
2026-09-15 22:53:27.701 [info] ExtensionService#_doActivateExtension dsznajder.es7-react-js-snippets, startup: false, activationEvent: 'onStartupFinished'
2026-09-15 22:53:28.132 [info] ExtensionService#_doActivateExtension esbenp.prettier-vscode, startup: false, activationEvent: 'onStartupFinished'
2026-09-15 22:53:28.140 [info] ExtensionService#_doActivateExtension GitHub.vscode-pull-request-github, startup: false, activationEvent: 'onStartupFinished'
2026-09-15 22:53:28.231 [info] ExtensionService#_doActivateExtension ms-dotnettools.vscode-dotnet-runtime, startup: false, activationEvent: 'onStartupFinished'
2026-09-15 22:53:28.479 [info] ExtensionService#_doActivateExtension ms-vscode-remote.remote-containers, startup: false, activationEvent: 'onStartupFinished'
2026-09-15 22:53:28.580 [info] ExtensionService#_doActivateExtension ms-vscode-remote.remote-wsl, startup: false, activationEvent: 'onStartupFinished'
2026-09-15 22:53:28.648 [info] ExtensionService#_doActivateExtension PKief.material-icon-theme, startup: false, activationEvent: 'onStartupFinished'
2026-09-15 22:53:28.658 [info] ExtensionService#_doActivateExtension reesew.everforest-theme, startup: false, activationEvent: 'onStartupFinished'
2026-09-15 22:53:28.663 [info] ExtensionService#_doActivateExtension vscode-icons-team.vscode-icons, startup: false, activationEvent: 'onStartupFinished'
2026-09-15 22:53:28.692 [info] ExtensionService#_doActivateExtension zhuangtongfa.material-theme, startup: false, activationEvent: 'onStartupFinished'
2026-09-15 22:56:55.475 [info] Extension host terminating: received terminate message from renderer
2026-09-15 22:56:55.504 [info] Extension host with pid 27139 exiting with code 0
