2026-09-16 22:16:30.091 [info] Reading sessions from keychain...
2026-09-16 22:16:30.091 [info] Getting sessions for all scopes...
2026-09-16 22:16:30.104 [info] Got 0 sessions for all scopes...
2026-09-16 22:16:30.104 [info] Getting sessions for all scopes...
2026-09-16 22:16:30.104 [info] Got 0 sessions for all scopes...
2026-09-16 22:16:30.104 [info] Getting sessions for all scopes...
2026-09-16 22:16:30.104 [info] Got 0 sessions for all scopes...
2026-09-16 22:16:30.104 [info] Getting sessions for all scopes...
2026-09-16 22:16:30.104 [info] Got 0 sessions for all scopes...
2026-09-16 22:16:30.109 [info] Getting sessions for all scopes...
2026-09-16 22:16:30.109 [info] Got 0 sessions for all scopes...
2026-09-16 22:16:30.165 [info] Getting sessions for all scopes...
2026-09-16 22:16:30.165 [info] Got 0 sessions for all scopes...
2026-09-16 22:16:30.211 [info] Getting sessions for read:user,user:email...
2026-09-16 22:16:30.212 [info] Got 0 sessions for read:user,user:email...
2026-09-16 22:16:30.270 [info] Getting sessions for all scopes...
2026-09-16 22:16:30.270 [info] Got 0 sessions for all scopes...
2026-09-16 22:16:30.276 [info] Getting sessions for repo...
2026-09-16 22:16:30.276 [info] Got 0 sessions for repo...
2026-09-16 22:16:30.323 [info] Getting sessions for all scopes...
2026-09-16 22:16:30.323 [info] Got 0 sessions for all scopes...
2026-09-16 22:16:30.376 [info] Getting sessions for read:user,user:email...
2026-09-16 22:16:30.376 [info] Got 0 sessions for read:user,user:email...
2026-09-16 22:16:30.382 [info] Getting sessions for all scopes...
2026-09-16 22:16:30.382 [info] Got 0 sessions for all scopes...
2026-09-16 22:16:30.386 [info] Getting sessions for repo...
2026-09-16 22:16:30.386 [info] Got 0 sessions for repo...
2026-09-16 22:16:30.391 [info] Getting sessions for all scopes...
2026-09-16 22:16:30.391 [info] Got 0 sessions for all scopes...
2026-09-16 22:16:30.464 [info] Getting sessions for user:email...
2026-09-16 22:16:30.464 [info] Got 0 sessions for user:email...
