2026-09-15 23:03:50.880 [info] Reading sessions from keychain...
2026-09-15 23:03:50.880 [info] Getting sessions for all scopes...
2026-09-15 23:03:50.880 [info] Got 0 sessions for all scopes...
2026-09-15 23:03:50.880 [info] Getting sessions for all scopes...
2026-09-15 23:03:50.880 [info] Got 0 sessions for all scopes...
2026-09-15 23:03:50.880 [info] Getting sessions for all scopes...
2026-09-15 23:03:50.880 [info] Got 0 sessions for all scopes...
2026-09-15 23:03:50.880 [info] Getting sessions for all scopes...
2026-09-15 23:03:50.880 [info] Got 0 sessions for all scopes...
2026-09-15 23:03:50.880 [info] Getting sessions for read:user,user:email...
2026-09-15 23:03:50.880 [info] Got 0 sessions for read:user,user:email...
2026-09-15 23:03:50.880 [info] Getting sessions for all scopes...
2026-09-15 23:03:50.880 [info] Got 0 sessions for all scopes...
2026-09-15 23:03:50.880 [info] Getting sessions for all scopes...
2026-09-15 23:03:50.880 [info] Got 0 sessions for all scopes...
2026-09-15 23:03:50.880 [info] Getting sessions for read:user,user:email...
2026-09-15 23:03:50.880 [info] Got 0 sessions for read:user,user:email...
2026-09-15 23:03:50.880 [info] Getting sessions for read:user,user:email...
2026-09-15 23:03:50.880 [info] Got 0 sessions for read:user,user:email...
2026-09-15 23:03:50.880 [info] Getting sessions for all scopes...
2026-09-15 23:03:50.880 [info] Got 0 sessions for all scopes...
2026-09-15 23:03:50.880 [info] Getting sessions for all scopes...
2026-09-15 23:03:50.880 [info] Got 0 sessions for all scopes...
2026-09-15 23:03:50.880 [info] Getting sessions for all scopes...
2026-09-15 23:03:50.880 [info] Got 0 sessions for all scopes...
2026-09-15 23:03:50.880 [info] Getting sessions for all scopes...
2026-09-15 23:03:50.880 [info] Got 0 sessions for all scopes...
2026-09-15 23:03:50.880 [info] Getting sessions for all scopes...
2026-09-15 23:03:50.880 [info] Got 0 sessions for all scopes...
2026-09-15 23:03:50.880 [info] Getting sessions for all scopes...
2026-09-15 23:03:50.880 [info] Got 0 sessions for all scopes...
2026-09-15 23:03:50.880 [info] Getting sessions for user:email...
2026-09-15 23:03:50.880 [info] Got 0 sessions for user:email...
2026-09-15 23:03:50.880 [info] Getting sessions for repo...
2026-09-15 23:03:50.880 [info] Got 0 sessions for repo...
2026-09-15 23:03:50.880 [info] Getting sessions for repo...
2026-09-15 23:03:50.880 [info] Got 0 sessions for repo...
2026-09-15 23:03:50.880 [info] Getting sessions for repo...
2026-09-15 23:03:50.880 [info] Got 0 sessions for repo...
2026-09-15 23:03:50.880 [info] Getting sessions for all scopes...
2026-09-15 23:03:50.880 [info] Got 0 sessions for all scopes...
2026-09-15 23:03:50.880 [info] Getting sessions for all scopes...
2026-09-15 23:03:50.880 [info] Got 0 sessions for all scopes...
2026-09-15 23:03:50.880 [info] Getting sessions for all scopes...
2026-09-15 23:03:50.880 [info] Got 0 sessions for all scopes...
2026-09-15 23:03:50.880 [info] Getting sessions for read:user,user:email...
2026-09-15 23:03:50.880 [info] Got 0 sessions for read:user,user:email...
2026-09-15 23:03:50.880 [info] Getting sessions for read:user,user:email...
2026-09-15 23:03:50.880 [info] Got 0 sessions for read:user,user:email...
2026-09-15 23:03:50.880 [info] Getting sessions for read:user,user:email...
2026-09-15 23:03:50.880 [info] Got 0 sessions for read:user,user:email...
2026-09-15 23:03:50.880 [info] Getting sessions for user:email...
2026-09-15 23:03:50.880 [info] Got 0 sessions for user:email...
2026-09-15 23:03:50.880 [info] Getting sessions for read:user,repo,user:email,workflow...
2026-09-15 23:03:50.880 [info] Got 0 sessions for read:user,repo,user:email,workflow...
2026-09-15 23:03:51.996 [info] Getting sessions for all scopes...
2026-09-15 23:03:51.996 [info] Got 0 sessions for all scopes...
2026-09-15 23:03:51.996 [info] Getting sessions for all scopes...
2026-09-15 23:03:51.996 [info] Got 0 sessions for all scopes...
2026-09-15 23:03:51.996 [info] Getting sessions for all scopes...
2026-09-15 23:03:51.996 [info] Got 0 sessions for all scopes...
2026-09-15 23:03:51.998 [info] Getting sessions for all scopes...
2026-09-15 23:03:51.998 [info] Got 0 sessions for all scopes...
2026-09-15 23:03:52.046 [info] Getting sessions for all scopes...
2026-09-15 23:03:52.046 [info] Got 0 sessions for all scopes...
2026-09-15 23:03:52.177 [info] Getting sessions for repo...
2026-09-15 23:03:52.177 [info] Got 0 sessions for repo...
2026-09-15 23:03:52.177 [info] Getting sessions for repo...
2026-09-15 23:03:52.177 [info] Got 0 sessions for repo...
2026-09-15 23:03:52.177 [info] Getting sessions for repo...
2026-09-15 23:03:52.177 [info] Got 0 sessions for repo...
2026-09-15 23:03:52.285 [info] Getting sessions for all scopes...
2026-09-15 23:03:52.285 [info] Got 0 sessions for all scopes...
2026-09-15 23:03:52.285 [info] Getting sessions for all scopes...
2026-09-15 23:03:52.285 [info] Got 0 sessions for all scopes...
2026-09-15 23:03:52.286 [info] Getting sessions for all scopes...
2026-09-15 23:03:52.286 [info] Got 0 sessions for all scopes...
2026-09-15 23:03:52.286 [info] Getting sessions for all scopes...
2026-09-15 23:03:52.286 [info] Got 0 sessions for all scopes...
2026-09-15 23:03:52.286 [info] Getting sessions for user:email...
2026-09-15 23:03:52.286 [info] Got 0 sessions for user:email...
2026-09-15 23:03:52.286 [info] Getting sessions for read:user,user:email...
2026-09-15 23:03:52.286 [info] Got 0 sessions for read:user,user:email...
2026-09-15 23:03:52.299 [info] Getting sessions for read:user,repo,user:email,workflow...
2026-09-15 23:03:52.299 [info] Got 0 sessions for read:user,repo,user:email,workflow...
2026-09-15 23:03:52.320 [info] Getting sessions for all scopes...
2026-09-15 23:03:52.320 [info] Got 0 sessions for all scopes...
2026-09-15 23:03:52.322 [info] Getting sessions for user:email...
2026-09-15 23:03:52.322 [info] Got 0 sessions for user:email...
2026-09-15 23:03:52.497 [info] Getting sessions for repo...
2026-09-15 23:03:52.497 [info] Got 0 sessions for repo...
2026-09-15 23:03:52.523 [info] Getting sessions for all scopes...
2026-09-15 23:03:52.523 [info] Got 0 sessions for all scopes...
2026-09-15 23:03:52.544 [info] Getting sessions for read:user,repo,user:email...
2026-09-15 23:03:52.544 [info] Got 0 sessions for read:user,repo,user:email...
2026-09-15 23:03:52.544 [info] Getting sessions for read:user,user:email...
2026-09-15 23:03:52.544 [info] Got 0 sessions for read:user,user:email...
2026-09-15 23:03:52.544 [info] Getting sessions for all scopes...
2026-09-15 23:03:52.544 [info] Got 0 sessions for all scopes...
2026-09-15 23:03:52.544 [info] Getting sessions for all scopes...
2026-09-15 23:03:52.544 [info] Got 0 sessions for all scopes...
2026-09-15 23:03:52.595 [info] Getting sessions for all scopes...
2026-09-15 23:03:52.595 [info] Got 0 sessions for all scopes...
2026-09-15 23:03:52.609 [info] Getting sessions for repo...
2026-09-15 23:03:52.609 [info] Got 0 sessions for repo...
2026-09-15 23:03:52.657 [info] Getting sessions for project,read:org,read:user,repo,user:email,workflow...
2026-09-15 23:03:52.657 [info] Got 0 sessions for project,read:org,read:user,repo,user:email,workflow...
2026-09-15 23:03:52.657 [info] Getting sessions for all scopes...
2026-09-15 23:03:52.657 [info] Got 0 sessions for all scopes...
2026-09-15 23:03:52.657 [info] Getting sessions for read:user,repo,user:email,workflow...
2026-09-15 23:03:52.657 [info] Got 0 sessions for read:user,repo,user:email,workflow...
2026-09-15 23:03:52.657 [info] Getting sessions for user:email...
2026-09-15 23:03:52.657 [info] Got 0 sessions for user:email...
2026-09-15 23:03:52.683 [info] Getting sessions for read:user,repo,user:email,workflow...
2026-09-15 23:03:52.684 [info] Got 0 sessions for read:user,repo,user:email,workflow...
2026-09-15 23:03:52.684 [info] Getting sessions for all scopes...
2026-09-15 23:03:52.684 [info] Got 0 sessions for all scopes...
2026-09-15 23:03:52.736 [info] Getting sessions for user:email...
2026-09-15 23:03:52.736 [info] Got 0 sessions for user:email...
2026-09-15 23:03:52.782 [info] Getting sessions for all scopes...
2026-09-15 23:03:52.782 [info] Got 0 sessions for all scopes...
2026-09-15 23:03:52.793 [info] Getting sessions for all scopes...
2026-09-15 23:03:52.794 [info] Got 0 sessions for all scopes...
2026-09-15 23:03:52.805 [info] Getting sessions for user:email...
2026-09-15 23:03:52.805 [info] Got 0 sessions for user:email...
2026-09-15 23:03:52.805 [info] Getting sessions for read:user,repo,user:email,workflow...
2026-09-15 23:03:52.805 [info] Got 0 sessions for read:user,repo,user:email,workflow...
2026-09-15 23:03:52.809 [info] Getting sessions for all scopes...
2026-09-15 23:03:52.809 [info] Got 0 sessions for all scopes...
2026-09-15 23:03:52.809 [info] Getting sessions for all scopes...
2026-09-15 23:03:52.809 [info] Got 0 sessions for all scopes...
2026-09-15 23:03:52.810 [info] Getting sessions for user:email...
2026-09-15 23:03:52.810 [info] Got 0 sessions for user:email...
2026-09-15 23:03:52.810 [info] Getting sessions for read:user,repo,user:email,workflow...
2026-09-15 23:03:52.810 [info] Got 0 sessions for read:user,repo,user:email,workflow...
2026-09-15 23:03:59.843 [info] Getting sessions for all scopes...
2026-09-15 23:03:59.843 [info] Got 0 sessions for all scopes...
2026-09-15 23:03:59.844 [info] Getting sessions for user:email...
2026-09-15 23:03:59.844 [info] Got 0 sessions for user:email...
