2026-09-16 21:19:45.113 [info] Reading sessions from keychain...
2026-09-16 21:19:45.113 [info] Getting sessions for all scopes...
2026-09-16 21:19:45.113 [info] Got 0 sessions for all scopes...
2026-09-16 21:19:45.113 [info] Getting sessions for all scopes...
2026-09-16 21:19:45.113 [info] Got 0 sessions for all scopes...
2026-09-16 21:19:45.113 [info] Getting sessions for all scopes...
2026-09-16 21:19:45.113 [info] Got 0 sessions for all scopes...
2026-09-16 21:19:45.113 [info] Getting sessions for all scopes...
2026-09-16 21:19:45.113 [info] Got 0 sessions for all scopes...
2026-09-16 21:19:45.184 [info] Getting sessions for all scopes...
2026-09-16 21:19:45.184 [info] Got 0 sessions for all scopes...
2026-09-16 21:19:45.393 [info] Getting sessions for all scopes...
2026-09-16 21:19:45.393 [info] Got 0 sessions for all scopes...
2026-09-16 21:19:45.428 [info] Getting sessions for read:user,user:email...
2026-09-16 21:19:45.428 [info] Got 0 sessions for read:user,user:email...
2026-09-16 21:19:45.466 [info] Getting sessions for all scopes...
2026-09-16 21:19:45.466 [info] Got 0 sessions for all scopes...
2026-09-16 21:19:45.476 [info] Getting sessions for repo...
2026-09-16 21:19:45.476 [info] Got 0 sessions for repo...
2026-09-16 21:19:45.529 [info] Getting sessions for all scopes...
2026-09-16 21:19:45.529 [info] Got 0 sessions for all scopes...
2026-09-16 21:19:45.593 [info] Getting sessions for read:user,user:email...
2026-09-16 21:19:45.593 [info] Got 0 sessions for read:user,user:email...
2026-09-16 21:19:45.613 [info] Getting sessions for all scopes...
2026-09-16 21:19:45.613 [info] Got 0 sessions for all scopes...
2026-09-16 21:19:45.620 [info] Getting sessions for repo...
2026-09-16 21:19:45.620 [info] Got 0 sessions for repo...
2026-09-16 21:19:45.620 [info] Getting sessions for all scopes...
2026-09-16 21:19:45.620 [info] Got 0 sessions for all scopes...
2026-09-16 21:19:45.784 [info] Getting sessions for user:email...
2026-09-16 21:19:45.784 [info] Got 0 sessions for user:email...
2026-09-16 21:19:47.923 [info] Getting sessions for all scopes...
2026-09-16 21:19:47.923 [info] Got 0 sessions for all scopes...
2026-09-16 21:19:48.169 [info] Getting sessions for all scopes...
2026-09-16 21:19:48.169 [info] Got 0 sessions for all scopes...
2026-09-16 21:19:48.169 [info] Getting sessions for all scopes...
2026-09-16 21:19:48.169 [info] Got 0 sessions for all scopes...
2026-09-16 21:19:48.203 [info] Getting sessions for read:user,repo,user:email,workflow...
2026-09-16 21:19:48.203 [info] Got 0 sessions for read:user,repo,user:email,workflow...
2026-09-16 21:19:48.238 [info] Getting sessions for user:email...
2026-09-16 21:19:48.238 [info] Got 0 sessions for user:email...
2026-09-16 21:19:48.238 [info] Getting sessions for read:user,repo,user:email,workflow...
2026-09-16 21:19:48.238 [info] Got 0 sessions for read:user,repo,user:email,workflow...
2026-09-16 21:19:48.250 [info] Getting sessions for read:user,repo,user:email...
2026-09-16 21:19:48.250 [info] Got 0 sessions for read:user,repo,user:email...
2026-09-16 21:19:48.767 [info] Getting sessions for project,read:org,read:user,repo,user:email,workflow...
2026-09-16 21:19:48.767 [info] Got 0 sessions for project,read:org,read:user,repo,user:email,workflow...
2026-09-16 21:19:48.767 [info] Getting sessions for all scopes...
2026-09-16 21:19:48.767 [info] Got 0 sessions for all scopes...
2026-09-16 21:19:48.767 [info] Getting sessions for all scopes...
2026-09-16 21:19:48.767 [info] Got 0 sessions for all scopes...
2026-09-16 21:19:48.813 [info] Getting sessions for all scopes...
2026-09-16 21:19:48.813 [info] Got 0 sessions for all scopes...
2026-09-16 21:19:48.845 [info] Getting sessions for user:email...
2026-09-16 21:19:48.845 [info] Got 0 sessions for user:email...
2026-09-16 21:19:48.845 [info] Getting sessions for read:user,user:email...
2026-09-16 21:19:48.845 [info] Got 0 sessions for read:user,user:email...
2026-09-16 21:19:48.850 [info] Getting sessions for all scopes...
2026-09-16 21:19:48.850 [info] Got 0 sessions for all scopes...
2026-09-16 21:19:48.853 [info] Getting sessions for read:user,repo,user:email,workflow...
2026-09-16 21:19:48.853 [info] Got 0 sessions for read:user,repo,user:email,workflow...
2026-09-16 21:19:48.853 [info] Getting sessions for user:email...
2026-09-16 21:19:48.853 [info] Got 0 sessions for user:email...
2026-09-16 21:19:48.853 [info] Getting sessions for read:user,repo,user:email,workflow...
2026-09-16 21:19:48.853 [info] Got 0 sessions for read:user,repo,user:email,workflow...
2026-09-16 21:19:48.853 [info] Getting sessions for repo...
2026-09-16 21:19:48.853 [info] Got 0 sessions for repo...
2026-09-16 21:19:48.901 [info] Getting sessions for all scopes...
2026-09-16 21:19:48.901 [info] Got 0 sessions for all scopes...
2026-09-16 21:19:48.913 [info] Getting sessions for read:user,user:email...
2026-09-16 21:19:48.913 [info] Got 0 sessions for read:user,user:email...
2026-09-16 21:19:48.928 [info] Getting sessions for all scopes...
2026-09-16 21:19:48.928 [info] Got 0 sessions for all scopes...
2026-09-16 21:19:48.928 [info] Getting sessions for all scopes...
2026-09-16 21:19:48.928 [info] Got 0 sessions for all scopes...
2026-09-16 21:19:48.928 [info] Getting sessions for all scopes...
2026-09-16 21:19:48.928 [info] Got 0 sessions for all scopes...
2026-09-16 21:19:48.928 [info] Getting sessions for all scopes...
2026-09-16 21:19:48.928 [info] Got 0 sessions for all scopes...
2026-09-16 21:19:48.942 [info] Getting sessions for repo...
2026-09-16 21:19:48.942 [info] Got 0 sessions for repo...
2026-09-16 21:19:48.949 [info] Getting sessions for all scopes...
2026-09-16 21:19:48.949 [info] Got 0 sessions for all scopes...
2026-09-16 21:19:48.953 [info] Getting sessions for user:email...
2026-09-16 21:19:48.953 [info] Got 0 sessions for user:email...
2026-09-16 21:19:48.953 [info] Getting sessions for read:user,repo,user:email,workflow...
2026-09-16 21:19:48.953 [info] Got 0 sessions for read:user,repo,user:email,workflow...
2026-09-16 21:19:48.958 [info] Getting sessions for all scopes...
2026-09-16 21:19:48.958 [info] Got 0 sessions for all scopes...
2026-09-16 21:19:48.959 [info] Getting sessions for user:email...
2026-09-16 21:19:48.959 [info] Got 0 sessions for user:email...
2026-09-16 21:19:48.962 [info] Getting sessions for all scopes...
2026-09-16 21:19:48.962 [info] Got 0 sessions for all scopes...
2026-09-16 21:19:48.968 [info] Getting sessions for user:email...
2026-09-16 21:19:48.968 [info] Got 0 sessions for user:email...
2026-09-16 21:19:48.981 [info] Getting sessions for all scopes...
2026-09-16 21:19:48.981 [info] Got 0 sessions for all scopes...
2026-09-16 21:19:49.035 [info] Getting sessions for user:email...
2026-09-16 21:19:49.035 [info] Got 0 sessions for user:email...
2026-09-16 22:58:23.161 [info] Getting sessions for read:user,user:email...
2026-09-16 22:58:23.161 [info] Got 0 sessions for read:user,user:email...
2026-09-16 22:58:23.162 [info] Getting sessions for all scopes...
2026-09-16 22:58:23.162 [info] Got 0 sessions for all scopes...
2026-09-16 22:58:23.163 [info] Getting sessions for repo...
2026-09-16 22:58:23.163 [info] Got 0 sessions for repo...
2026-09-16 22:58:23.163 [info] Getting sessions for all scopes...
2026-09-16 22:58:23.163 [info] Got 0 sessions for all scopes...
2026-09-16 22:58:23.164 [info] Getting sessions for read:user,user:email...
2026-09-16 22:58:23.164 [info] Got 0 sessions for read:user,user:email...
2026-09-16 22:58:23.164 [info] Getting sessions for all scopes...
2026-09-16 22:58:23.164 [info] Got 0 sessions for all scopes...
2026-09-16 22:58:23.164 [info] Getting sessions for repo...
2026-09-16 22:58:23.164 [info] Got 0 sessions for repo...
2026-09-16 22:58:23.165 [info] Getting sessions for all scopes...
2026-09-16 22:58:23.165 [info] Got 0 sessions for all scopes...
