2026-09-15 21:20:15.213 [info] Reading sessions from keychain...
2026-09-15 21:20:15.213 [info] Getting sessions for all scopes...
2026-09-15 21:20:15.308 [info] Got 0 sessions for all scopes...
2026-09-15 21:20:15.308 [info] Getting sessions for all scopes...
2026-09-15 21:20:15.308 [info] Got 0 sessions for all scopes...
2026-09-15 21:20:15.308 [info] Getting sessions for all scopes...
2026-09-15 21:20:15.308 [info] Got 0 sessions for all scopes...
2026-09-15 21:20:15.308 [info] Getting sessions for all scopes...
2026-09-15 21:20:15.308 [info] Got 0 sessions for all scopes...
2026-09-15 21:20:15.308 [info] Getting sessions for all scopes...
2026-09-15 21:20:15.308 [info] Got 0 sessions for all scopes...
2026-09-15 21:20:15.309 [info] Getting sessions for all scopes...
2026-09-15 21:20:15.309 [info] Got 0 sessions for all scopes...
2026-09-15 21:20:15.341 [info] Getting sessions for all scopes...
2026-09-15 21:20:15.341 [info] Got 0 sessions for all scopes...
2026-09-15 21:20:16.530 [info] Getting sessions for read:user,user:email...
2026-09-15 21:20:16.530 [info] Got 0 sessions for read:user,user:email...
2026-09-15 21:20:16.531 [info] Getting sessions for read:user,user:email...
2026-09-15 21:20:16.531 [info] Got 0 sessions for read:user,user:email...
2026-09-15 21:20:16.531 [info] Getting sessions for read:user,user:email...
2026-09-15 21:20:16.531 [info] Got 0 sessions for read:user,user:email...
2026-09-15 21:20:16.542 [info] Getting sessions for user:email...
2026-09-15 21:20:16.542 [info] Got 0 sessions for user:email...
2026-09-15 21:20:16.716 [info] Getting sessions for all scopes...
2026-09-15 21:20:16.716 [info] Got 0 sessions for all scopes...
2026-09-15 21:20:16.717 [info] Getting sessions for all scopes...
2026-09-15 21:20:16.717 [info] Got 0 sessions for all scopes...
2026-09-15 21:20:16.717 [info] Getting sessions for all scopes...
2026-09-15 21:20:16.717 [info] Got 0 sessions for all scopes...
2026-09-15 21:20:16.896 [info] Getting sessions for repo...
2026-09-15 21:20:16.896 [info] Got 0 sessions for repo...
2026-09-15 21:20:16.896 [info] Getting sessions for repo...
2026-09-15 21:20:16.896 [info] Got 0 sessions for repo...
2026-09-15 21:20:16.896 [info] Getting sessions for repo...
2026-09-15 21:20:16.896 [info] Got 0 sessions for repo...
2026-09-15 21:20:16.896 [info] Getting sessions for read:user,repo,user:email,workflow...
2026-09-15 21:20:16.896 [info] Got 0 sessions for read:user,repo,user:email,workflow...
2026-09-15 21:20:16.908 [info] Getting sessions for all scopes...
2026-09-15 21:20:16.908 [info] Got 0 sessions for all scopes...
2026-09-15 21:20:16.981 [info] Getting sessions for all scopes...
2026-09-15 21:20:16.981 [info] Got 0 sessions for all scopes...
2026-09-15 21:20:16.981 [info] Getting sessions for all scopes...
2026-09-15 21:20:16.981 [info] Got 0 sessions for all scopes...
2026-09-15 21:20:16.981 [info] Getting sessions for all scopes...
2026-09-15 21:20:16.981 [info] Got 0 sessions for all scopes...
2026-09-15 21:20:17.030 [info] Getting sessions for read:user,user:email...
2026-09-15 21:20:17.031 [info] Got 0 sessions for read:user,user:email...
2026-09-15 21:20:17.036 [info] Getting sessions for read:user,user:email...
2026-09-15 21:20:17.037 [info] Got 0 sessions for read:user,user:email...
2026-09-15 21:20:17.037 [info] Getting sessions for read:user,user:email...
2026-09-15 21:20:17.037 [info] Got 0 sessions for read:user,user:email...
2026-09-15 21:20:17.065 [info] Getting sessions for all scopes...
2026-09-15 21:20:17.065 [info] Got 0 sessions for all scopes...
2026-09-15 21:20:17.069 [info] Getting sessions for all scopes...
2026-09-15 21:20:17.069 [info] Got 0 sessions for all scopes...
2026-09-15 21:20:17.069 [info] Getting sessions for all scopes...
2026-09-15 21:20:17.069 [info] Got 0 sessions for all scopes...
2026-09-15 21:20:17.069 [info] Getting sessions for read:user,repo,user:email...
2026-09-15 21:20:17.069 [info] Got 0 sessions for read:user,repo,user:email...
2026-09-15 21:20:17.092 [info] Getting sessions for repo...
2026-09-15 21:20:17.092 [info] Got 0 sessions for repo...
2026-09-15 21:20:17.093 [info] Getting sessions for repo...
2026-09-15 21:20:17.093 [info] Got 0 sessions for repo...
2026-09-15 21:20:17.093 [info] Getting sessions for repo...
2026-09-15 21:20:17.093 [info] Got 0 sessions for repo...
2026-09-15 21:20:17.111 [info] Getting sessions for all scopes...
2026-09-15 21:20:17.111 [info] Got 0 sessions for all scopes...
2026-09-15 21:20:17.113 [info] Getting sessions for all scopes...
2026-09-15 21:20:17.113 [info] Got 0 sessions for all scopes...
2026-09-15 21:20:17.113 [info] Getting sessions for all scopes...
2026-09-15 21:20:17.113 [info] Got 0 sessions for all scopes...
2026-09-15 21:20:17.137 [info] Getting sessions for project,read:org,read:user,repo,user:email,workflow...
2026-09-15 21:20:17.137 [info] Got 0 sessions for project,read:org,read:user,repo,user:email,workflow...
2026-09-15 21:20:17.252 [info] Getting sessions for read:user,repo,user:email,workflow...
2026-09-15 21:20:17.252 [info] Got 0 sessions for read:user,repo,user:email,workflow...
