2026-09-15 21:20:13.380 [info] [RemoteAgentHost] Reconciling: desired=[], current=[]
2026-09-15 21:20:13.413 [info] [AgentHost:renderer] Acquiring MessagePort to agent host...
2026-09-15 21:20:13.593 [info] [ChatModelSelection] event=no-model-at-toolbar-build surface="workbench" sessionKey=undefined conversationKey=undefined modelTarget=undefined storageKey="chat.currentLanguageModel.panel" widgetViewKind="view"
2026-09-15 21:20:13.894 [info] [AgentHost:renderer] MessagePort acquired, creating client...
2026-09-15 21:20:13.914 [info] [ChatModelSelection] event=no-model-at-toolbar-build surface="workbench" sessionKey="local" conversationKey="vscode-chat-session://local/YWZiMDFlMzAtNGQ3Yy00MjE4LWEwY2YtNDg5NTc1MmZlMTY3" modelTarget=undefined storageKey="chat.currentLanguageModel.panel" widgetViewKind="view"
2026-09-15 21:20:13.977 [info] Started local extension host with pid 859.
2026-09-15 21:20:14.028 [info] [AgentHost:renderer] Protocol connection established; clientId=4d3b9b8c-c1d8-4aa4-a988-a30fdda6cf0c
2026-09-15 21:20:14.236 [info] [ChatModelSelection] event=no-model-at-toolbar-build surface="workbench" sessionKey="local" conversationKey="vscode-chat-session://local/YWZiMDFlMzAtNGQ3Yy00MjE4LWEwY2YtNDg5NTc1MmZlMTY3" modelTarget=undefined storageKey="chat.currentLanguageModel.panel" widgetViewKind="view"
2026-09-15 21:20:14.614 [info] [RemoteAgentHostProtocol] Mirroring configuration to host root config from DEFAULT: byokModelsEnabled=true (chat.agentHost.byokModels.enabled)
2026-09-15 21:20:15.110 [info] [AccountPolicyGate] apply: state=inactive, reason=undefined, isRestricted=false
2026-09-15 21:20:15.537 [info] [ChatModelSelection] event=no-model-at-toolbar-build surface="workbench" sessionKey="local" conversationKey="vscode-chat-session://local/YWZiMDFlMzAtNGQ3Yy00MjE4LWEwY2YtNDg5NTc1MmZlMTY3" modelTarget=undefined storageKey="chat.currentLanguageModel.panel" widgetViewKind="view"
2026-09-15 21:20:15.639 [info] [ChatModelSelection] event=no-model-at-toolbar-build surface="workbench" sessionKey="local" conversationKey="vscode-chat-session://local/YWZiMDFlMzAtNGQ3Yy00MjE4LWEwY2YtNDg5NTc1MmZlMTY3" modelTarget=undefined storageKey="chat.currentLanguageModel.panel" widgetViewKind="view"
2026-09-15 21:20:15.808 [info] [ChatModelSelection] event=no-model-at-toolbar-build surface="workbench" sessionKey="local" conversationKey="vscode-chat-session://local/YWZiMDFlMzAtNGQ3Yy00MjE4LWEwY2YtNDg5NTc1MmZlMTY3" modelTarget=undefined storageKey="chat.currentLanguageModel.panel" widgetViewKind="view"
2026-09-15 21:20:16.000 [info] [ChatModelSelection] event=no-model-at-toolbar-build surface="workbench" sessionKey="local" conversationKey="vscode-chat-session://local/YWZiMDFlMzAtNGQ3Yy00MjE4LWEwY2YtNDg5NTc1MmZlMTY3" modelTarget=undefined storageKey="chat.currentLanguageModel.panel" widgetViewKind="view"
2026-09-15 21:20:16.007 [error] [Extension Host] (node:859) [DEP0040] DeprecationWarning: The `punycode` module is deprecated. Please use a userland alternative instead.
(Use `exe --trace-deprecation ...` to show where the warning was created)
2026-09-15 21:20:16.613 [info] Settings Sync: Account status changed from uninitialized to unavailable
2026-09-15 21:20:16.645 [info] [ChatModelSelection] event=no-model-at-toolbar-build surface="workbench" sessionKey="local" conversationKey="vscode-chat-session://local/YWZiMDFlMzAtNGQ3Yy00MjE4LWEwY2YtNDg5NTc1MmZlMTY3" modelTarget=undefined storageKey="chat.currentLanguageModel.panel" widgetViewKind="view"
2026-09-15 21:20:16.658 [error] [Extension Host] (node:859) [DEP0169] DeprecationWarning: `url.parse()` behavior is not standardized and prone to errors that have security implications. Use the WHATWG URL API instead. CVEs are not issued for `url.parse()` vulnerabilities.
2026-09-15 21:20:16.738 [info] [AgentHost] No signed-in session resolved for resource: https://api.github.com
2026-09-15 21:20:16.738 [info] [AgentHost] No signed-in session resolved for resource: https://api.github.com
2026-09-15 21:20:16.738 [info] [AgentHost] No signed-in session resolved for resource: https://api.github.com
2026-09-15 21:20:16.846 [info] [ChatModelSelection] event=no-model-at-toolbar-build surface="workbench" sessionKey="local" conversationKey="vscode-chat-session://local/YWZiMDFlMzAtNGQ3Yy00MjE4LWEwY2YtNDg5NTc1MmZlMTY3" modelTarget=undefined storageKey="chat.currentLanguageModel.panel" widgetViewKind="view"
2026-09-15 21:20:17.030 [info] [AgentHost] No signed-in session resolved for resource: https://api.github.com/repos
2026-09-15 21:20:17.037 [info] [AgentHost] No signed-in session resolved for resource: https://api.github.com/repos
2026-09-15 21:20:17.037 [info] [AgentHost] No signed-in session resolved for resource: https://api.github.com/repos
2026-09-15 21:20:17.092 [info] [AgentHost] No signed-in session resolved for resource: https://api.github.com
2026-09-15 21:20:17.092 [info] [AgentHost] No signed-in session resolved for resource: https://api.github.com
2026-09-15 21:20:17.092 [info] [AgentHost] No signed-in session resolved for resource: https://api.github.com
2026-09-15 21:20:17.140 [info] [AgentHost] No signed-in session resolved for resource: https://api.github.com/repos
2026-09-15 21:20:17.141 [info] [AgentHost] No signed-in session resolved for resource: https://api.github.com/repos
2026-09-15 21:20:17.144 [info] [AgentHost] No signed-in session resolved for resource: https://api.github.com/repos
2026-09-15 21:20:17.403 [info] [perf] Render performance baseline is 20ms
2026-09-15 21:20:20.111 [info] [AccountPolicyGate] apply: state=inactive, reason=undefined, isRestricted=false
