2026-09-15 21:21:43.609 [info] [RemoteAgentHost] Reconciling: desired=[], current=[]
2026-09-15 21:21:43.639 [info] [AgentHost:renderer] Acquiring MessagePort to agent host...
2026-09-15 21:21:43.787 [info] [ChatModelSelection] event=no-model-at-toolbar-build surface="workbench" sessionKey=undefined conversationKey=undefined modelTarget=undefined storageKey="chat.currentLanguageModel.panel" widgetViewKind="view"
2026-09-15 21:21:44.002 [info] [AgentHost:renderer] MessagePort acquired, creating client...
2026-09-15 21:21:44.089 [info] [ChatModelSelection] event=no-model-at-toolbar-build surface="workbench" sessionKey="local" conversationKey="vscode-chat-session://local/MzEwOThkZjItODkyYS00NGFjLThjYmItMWE0YTUzMjUxZjM5" modelTarget=undefined storageKey="chat.currentLanguageModel.panel" widgetViewKind="view"
2026-09-15 21:21:44.161 [info] Started local extension host with pid 1182.
2026-09-15 21:21:44.257 [info] [AgentHost:renderer] Protocol connection established; clientId=c793030b-0ee3-4071-a469-1e42ecc967df
2026-09-15 21:21:44.538 [info] [RemoteAgentHostProtocol] Mirroring configuration to host root config from DEFAULT: byokModelsEnabled=true (chat.agentHost.byokModels.enabled)
2026-09-15 21:21:45.352 [info] [AccountPolicyGate] apply: state=inactive, reason=undefined, isRestricted=false
2026-09-15 21:21:45.654 [info] [ChatModelSelection] event=no-model-at-toolbar-build surface="workbench" sessionKey="local" conversationKey="vscode-chat-session://local/MzEwOThkZjItODkyYS00NGFjLThjYmItMWE0YTUzMjUxZjM5" modelTarget=undefined storageKey="chat.currentLanguageModel.panel" widgetViewKind="view"
2026-09-15 21:21:45.759 [info] [ChatModelSelection] event=no-model-at-toolbar-build surface="workbench" sessionKey="local" conversationKey="vscode-chat-session://local/MzEwOThkZjItODkyYS00NGFjLThjYmItMWE0YTUzMjUxZjM5" modelTarget=undefined storageKey="chat.currentLanguageModel.panel" widgetViewKind="view"
2026-09-15 21:21:45.827 [error] [Extension Host] (node:1182) [DEP0040] DeprecationWarning: The `punycode` module is deprecated. Please use a userland alternative instead.
(Use `exe --trace-deprecation ...` to show where the warning was created)
2026-09-15 21:21:45.947 [info] [ChatModelSelection] event=no-model-at-toolbar-build surface="workbench" sessionKey="local" conversationKey="vscode-chat-session://local/MzEwOThkZjItODkyYS00NGFjLThjYmItMWE0YTUzMjUxZjM5" modelTarget=undefined storageKey="chat.currentLanguageModel.panel" widgetViewKind="view"
2026-09-15 21:21:46.299 [info] Settings Sync: Account status changed from uninitialized to unavailable
2026-09-15 21:21:46.375 [error] [Extension Host] (node:1182) [DEP0169] DeprecationWarning: `url.parse()` behavior is not standardized and prone to errors that have security implications. Use the WHATWG URL API instead. CVEs are not issued for `url.parse()` vulnerabilities.
2026-09-15 21:21:46.452 [info] [AgentHost] No signed-in session resolved for resource: https://api.github.com
2026-09-15 21:21:46.563 [info] [AgentHost] No signed-in session resolved for resource: https://api.github.com/repos
2026-09-15 21:21:46.713 [info] [AgentHost] No signed-in session resolved for resource: https://api.github.com
2026-09-15 21:21:46.722 [info] [ChatModelSelection] event=no-model-at-toolbar-build surface="workbench" sessionKey="local" conversationKey="vscode-chat-session://local/MzEwOThkZjItODkyYS00NGFjLThjYmItMWE0YTUzMjUxZjM5" modelTarget=undefined storageKey="chat.currentLanguageModel.panel" widgetViewKind="view"
2026-09-15 21:21:46.745 [info] [AgentHost] No signed-in session resolved for resource: https://api.github.com/repos
2026-09-15 21:21:46.895 [info] [perf] Render performance baseline is 16ms
2026-09-15 21:21:47.013 [info] [ChatModelSelection] event=no-model-at-toolbar-build surface="workbench" sessionKey="local" conversationKey="vscode-chat-session://local/MzEwOThkZjItODkyYS00NGFjLThjYmItMWE0YTUzMjUxZjM5" modelTarget=undefined storageKey="chat.currentLanguageModel.panel" widgetViewKind="view"
2026-09-15 21:21:50.352 [info] [AccountPolicyGate] apply: state=inactive, reason=undefined, isRestricted=false
