2026-09-15 22:53:27.421 [info] Reading sessions from keychain...
2026-09-15 22:53:27.421 [info] Getting sessions for all scopes...
2026-09-15 22:53:27.421 [info] Got 0 sessions for all scopes...
2026-09-15 22:53:27.421 [info] Getting sessions for all scopes...
2026-09-15 22:53:27.421 [info] Got 0 sessions for all scopes...
2026-09-15 22:53:27.421 [info] Getting sessions for all scopes...
2026-09-15 22:53:27.421 [info] Got 0 sessions for all scopes...
2026-09-15 22:53:27.421 [info] Getting sessions for all scopes...
2026-09-15 22:53:27.421 [info] Got 0 sessions for all scopes...
2026-09-15 22:53:27.421 [info] Getting sessions for all scopes...
2026-09-15 22:53:27.421 [info] Got 0 sessions for all scopes...
2026-09-15 22:53:27.507 [info] Getting sessions for all scopes...
2026-09-15 22:53:27.507 [info] Got 0 sessions for all scopes...
2026-09-15 22:53:28.709 [info] Getting sessions for all scopes...
2026-09-15 22:53:28.709 [info] Got 0 sessions for all scopes...
2026-09-15 22:53:28.711 [info] Getting sessions for read:user,user:email...
2026-09-15 22:53:28.711 [info] Got 0 sessions for read:user,user:email...
2026-09-15 22:53:28.735 [info] Getting sessions for user:email...
2026-09-15 22:53:28.735 [info] Got 0 sessions for user:email...
2026-09-15 22:53:28.897 [info] Getting sessions for all scopes...
2026-09-15 22:53:28.897 [info] Got 0 sessions for all scopes...
2026-09-15 22:53:29.016 [info] Getting sessions for repo...
2026-09-15 22:53:29.017 [info] Got 0 sessions for repo...
2026-09-15 22:53:29.023 [info] Getting sessions for read:user,repo,user:email,workflow...
2026-09-15 22:53:29.023 [info] Got 0 sessions for read:user,repo,user:email,workflow...
2026-09-15 22:53:29.106 [info] Getting sessions for all scopes...
2026-09-15 22:53:29.106 [info] Got 0 sessions for all scopes...
2026-09-15 22:53:29.145 [info] Getting sessions for read:user,user:email...
2026-09-15 22:53:29.145 [info] Got 0 sessions for read:user,user:email...
2026-09-15 22:53:29.177 [info] Getting sessions for all scopes...
2026-09-15 22:53:29.177 [info] Got 0 sessions for all scopes...
2026-09-15 22:53:29.179 [info] Getting sessions for read:user,repo,user:email...
2026-09-15 22:53:29.179 [info] Got 0 sessions for read:user,repo,user:email...
2026-09-15 22:53:29.233 [info] Getting sessions for repo...
2026-09-15 22:53:29.233 [info] Got 0 sessions for repo...
2026-09-15 22:53:29.275 [info] Getting sessions for all scopes...
2026-09-15 22:53:29.275 [info] Got 0 sessions for all scopes...
2026-09-15 22:53:29.314 [info] Getting sessions for project,read:org,read:user,repo,user:email,workflow...
2026-09-15 22:53:29.314 [info] Got 0 sessions for project,read:org,read:user,repo,user:email,workflow...
2026-09-15 22:53:29.359 [info] Getting sessions for read:user,repo,user:email,workflow...
2026-09-15 22:53:29.359 [info] Got 0 sessions for read:user,repo,user:email,workflow...
2026-09-15 22:53:29.578 [info] Getting sessions for all scopes...
2026-09-15 22:53:29.578 [info] Got 0 sessions for all scopes...
