2026-09-15 23:08:50.132 [error] #2: https://marketplace.visualstudio.com/_apis/public/gallery/vscode/bradlc/vscode-tailwindcss/latest - error GET Fetch timeout: 60000ms
2026-09-15 23:08:50.134 [error] #3: https://marketplace.visualstudio.com/_apis/public/gallery/vscode/catppuccin/catppuccin-vsc/latest - error GET Fetch timeout: 60000ms
2026-09-15 23:08:50.137 [error] #4: https://marketplace.visualstudio.com/_apis/public/gallery/vscode/christian-kohler/path-intellisense/latest - error GET Fetch timeout: 60000ms
2026-09-15 23:08:50.141 [error] #5: https://marketplace.visualstudio.com/_apis/public/gallery/vscode/dbaeumer/vscode-eslint/latest - error GET Fetch timeout: 60000ms
2026-09-15 23:08:50.141 [error] #6: https://marketplace.visualstudio.com/_apis/public/gallery/vscode/dsznajder/es7-react-js-snippets/latest - error GET Fetch timeout: 60000ms
2026-09-15 23:08:50.146 [error] #7: https://marketplace.visualstudio.com/_apis/public/gallery/vscode/ecmel/vscode-html-css/latest - error GET Fetch timeout: 60000ms
2026-09-15 23:08:50.146 [error] #8: https://marketplace.visualstudio.com/_apis/public/gallery/vscode/enkia/tokyo-night/latest - error GET Fetch timeout: 60000ms
2026-09-15 23:08:50.147 [error] #9: https://marketplace.visualstudio.com/_apis/public/gallery/vscode/esbenp/prettier-vscode/latest - error GET Fetch timeout: 60000ms
2026-09-15 23:08:50.148 [error] #10: https://marketplace.visualstudio.com/_apis/public/gallery/vscode/farigab/noctokai-theme/latest - error GET Fetch timeout: 60000ms
2026-09-15 23:08:50.153 [error] #11: https://marketplace.visualstudio.com/_apis/public/gallery/vscode/formulahendry/auto-close-tag/latest - error GET Fetch timeout: 60000ms
2026-09-15 23:08:50.158 [error] #12: https://marketplace.visualstudio.com/_apis/public/gallery/vscode/formulahendry/auto-rename-tag/latest - error GET Fetch timeout: 60000ms
2026-09-15 23:08:50.160 [error] #13: https://marketplace.visualstudio.com/_apis/public/gallery/vscode/formulahendry/code-runner/latest - error GET Fetch timeout: 60000ms
2026-09-15 23:08:50.166 [error] #14: https://marketplace.visualstudio.com/_apis/public/gallery/vscode/github/vscode-pull-request-github/latest - error GET Fetch timeout: 60000ms
2026-09-15 23:08:50.167 [error] #15: https://marketplace.visualstudio.com/_apis/public/gallery/vscode/jovejonovski/ocean-green/latest - error GET Fetch timeout: 60000ms
2026-09-15 23:08:50.172 [error] #16: https://marketplace.visualstudio.com/_apis/public/gallery/vscode/kevinrose/vsc-python-indent/latest - error GET Fetch timeout: 60000ms
2026-09-15 23:08:50.172 [error] #17: https://marketplace.visualstudio.com/_apis/public/gallery/vscode/mechatroner/rainbow-csv/latest - error GET Fetch timeout: 60000ms
2026-09-15 23:08:50.180 [error] #18: https://marketplace.visualstudio.com/_apis/public/gallery/vscode/mhutchie/git-graph/latest - error GET Fetch timeout: 60000ms
2026-09-15 23:08:50.186 [error] #19: https://marketplace.visualstudio.com/_apis/public/gallery/vscode/ms-azuretools/vscode-containers/latest - error GET Fetch timeout: 60000ms
2026-09-15 23:08:50.188 [error] #20: https://marketplace.visualstudio.com/_apis/public/gallery/vscode/ms-azuretools/vscode-docker/latest - error GET Fetch timeout: 60000ms
2026-09-15 23:08:50.240 [error] #21: https://marketplace.visualstudio.com/_apis/public/gallery/vscode/ms-dotnettools/vscode-dotnet-runtime/latest - error GET Fetch timeout: 60000ms
2026-09-15 23:08:50.241 [error] #22: https://marketplace.visualstudio.com/_apis/public/gallery/vscode/ms-python/debugpy/latest - error GET Fetch timeout: 60000ms
2026-09-15 23:08:50.242 [error] #23: https://marketplace.visualstudio.com/_apis/public/gallery/vscode/ms-python/python/latest - error GET Fetch timeout: 60000ms
2026-09-15 23:08:50.242 [error] #24: https://marketplace.visualstudio.com/_apis/public/gallery/vscode/ms-python/vscode-pylance/latest - error GET Fetch timeout: 60000ms
2026-09-15 23:08:50.243 [error] #25: https://marketplace.visualstudio.com/_apis/public/gallery/vscode/ms-python/vscode-python-envs/latest - error GET Fetch timeout: 60000ms
2026-09-15 23:08:50.244 [error] #26: https://marketplace.visualstudio.com/_apis/public/gallery/vscode/ms-toolsai/jupyter-renderers/latest - error GET Fetch timeout: 60000ms
2026-09-15 23:08:50.244 [error] #27: https://marketplace.visualstudio.com/_apis/public/gallery/vscode/ms-toolsai/vscode-jupyter-cell-tags/latest - error GET Fetch timeout: 60000ms
2026-09-15 23:08:50.245 [error] #28: https://marketplace.visualstudio.com/_apis/public/gallery/vscode/ms-toolsai/vscode-jupyter-slideshow/latest - error GET Fetch timeout: 60000ms
2026-09-15 23:08:50.245 [error] #29: https://marketplace.visualstudio.com/_apis/public/gallery/vscode/ms-vscode-remote/remote-containers/latest - error GET Fetch timeout: 60000ms
2026-09-15 23:08:50.246 [error] #30: https://marketplace.visualstudio.com/_apis/public/gallery/vscode/ms-vscode-remote/remote-ssh/latest - error GET Fetch timeout: 60000ms
2026-09-15 23:08:50.247 [error] #31: https://marketplace.visualstudio.com/_apis/public/gallery/vscode/ms-vscode-remote/remote-ssh-edit/latest - error GET Fetch timeout: 60000ms
2026-09-15 23:08:50.247 [error] #32: https://marketplace.visualstudio.com/_apis/public/gallery/vscode/ms-vscode-remote/remote-wsl/latest - error GET Fetch timeout: 60000ms
2026-09-15 23:08:50.248 [error] #33: https://marketplace.visualstudio.com/_apis/public/gallery/vscode/ms-vscode/powershell/latest - error GET Fetch timeout: 60000ms
2026-09-15 23:08:50.249 [error] #34: https://marketplace.visualstudio.com/_apis/public/gallery/vscode/ms-vscode/remote-explorer/latest - error GET Fetch timeout: 60000ms
2026-09-15 23:08:50.249 [error] #35: https://marketplace.visualstudio.com/_apis/public/gallery/vscode/njpwerner/autodocstring/latest - error GET Fetch timeout: 60000ms
2026-09-15 23:08:50.250 [error] #36: https://marketplace.visualstudio.com/_apis/public/gallery/vscode/oderwat/indent-rainbow/latest - error GET Fetch timeout: 60000ms
2026-09-15 23:08:50.251 [error] #37: https://marketplace.visualstudio.com/_apis/public/gallery/vscode/pkief/material-icon-theme/latest - error GET Fetch timeout: 60000ms
2026-09-15 23:08:50.252 [error] #38: https://marketplace.visualstudio.com/_apis/public/gallery/vscode/qufiwefefwoyn/kanagawa/latest - error GET Fetch timeout: 60000ms
2026-09-15 23:08:50.253 [error] #39: https://marketplace.visualstudio.com/_apis/public/gallery/vscode/redhat/vscode-yaml/latest - error GET Fetch timeout: 60000ms
2026-09-15 23:08:50.254 [error] #40: https://marketplace.visualstudio.com/_apis/public/gallery/vscode/reesew/everforest-theme/latest - error GET Fetch timeout: 60000ms
2026-09-15 23:08:50.255 [error] #41: https://marketplace.visualstudio.com/_apis/public/gallery/vscode/rikkarth/ship-at-sea/latest - error GET Fetch timeout: 60000ms
2026-09-15 23:08:50.256 [error] #42: https://marketplace.visualstudio.com/_apis/public/gallery/vscode/ritwickdey/liveserver/latest - error GET Fetch timeout: 60000ms
2026-09-15 23:08:50.257 [error] #43: https://marketplace.visualstudio.com/_apis/public/gallery/vscode/sumneko/lua/latest - error GET Fetch timeout: 60000ms
2026-09-15 23:08:50.257 [error] #44: https://marketplace.visualstudio.com/_apis/public/gallery/vscode/tahayvr/matteblack/latest - error GET Fetch timeout: 60000ms
2026-09-15 23:08:50.258 [error] #45: https://marketplace.visualstudio.com/_apis/public/gallery/vscode/vscode-icons-team/vscode-icons/latest - error GET Fetch timeout: 60000ms
2026-09-15 23:08:50.259 [error] #46: https://marketplace.visualstudio.com/_apis/public/gallery/vscode/xabikos/javascriptsnippets/latest - error GET Fetch timeout: 60000ms
2026-09-15 23:08:50.259 [error] #47: https://marketplace.visualstudio.com/_apis/public/gallery/vscode/zhuangtongfa/material-theme/latest - error GET Fetch timeout: 60000ms
