2026-09-15 23:07:38.069 [info] [RemoteAgentHost] Reconciling: desired=[], current=[]
2026-09-15 23:07:38.099 [info] [AgentHost:renderer] Acquiring MessagePort to agent host...
2026-09-15 23:07:38.304 [info] [ChatModelSelection] event=no-model-at-toolbar-build surface="workbench" sessionKey=undefined conversationKey=undefined modelTarget=undefined storageKey="chat.currentLanguageModel.panel" widgetViewKind="view"
2026-09-15 23:07:38.564 [info] [AgentHost:renderer] MessagePort acquired, creating client...
2026-09-15 23:07:38.625 [info] [ChatModelSelection] event=no-model-at-toolbar-build surface="workbench" sessionKey="local" conversationKey="vscode-chat-session://local/MWQyZTAzNTAtOTc4MC00ZjlkLWI5MzQtY2M5MDhhNjI2NDU1" modelTarget=undefined storageKey="chat.currentLanguageModel.panel" widgetViewKind="view"
2026-09-15 23:07:38.736 [info] Started local extension host with pid 30949.
2026-09-15 23:07:38.856 [info] [AgentHost:renderer] Protocol connection established; clientId=20ae0e15-3df7-41ba-8dbd-3164aa15576f
2026-09-15 23:07:39.339 [info] [RemoteAgentHostProtocol] Mirroring configuration to host root config from DEFAULT: byokModelsEnabled=true (chat.agentHost.byokModels.enabled)
2026-09-15 23:07:39.648 [warning] [ms-toolsai.vscode-jupyter-cell-tags]: View container 'jupyter-variables' does not exist and all views registered to it will be added to 'Explorer'.
2026-09-15 23:07:40.712 [info] [AccountPolicyGate] apply: state=inactive, reason=undefined, isRestricted=false
2026-09-15 23:07:41.096 [info] [ChatModelSelection] event=no-model-at-toolbar-build surface="workbench" sessionKey="local" conversationKey="vscode-chat-session://local/MWQyZTAzNTAtOTc4MC00ZjlkLWI5MzQtY2M5MDhhNjI2NDU1" modelTarget=undefined storageKey="chat.currentLanguageModel.panel" widgetViewKind="view"
2026-09-15 23:08:49.989 [info] [ChatModelSelection] event=no-model-at-toolbar-build surface="workbench" sessionKey="local" conversationKey="vscode-chat-session://local/MWQyZTAzNTAtOTc4MC00ZjlkLWI5MzQtY2M5MDhhNjI2NDU1" modelTarget=undefined storageKey="chat.currentLanguageModel.panel" widgetViewKind="view"
2026-09-15 23:08:49.993 [info] [ChatModelSelection] event=no-model-at-toolbar-build surface="workbench" sessionKey="local" conversationKey="vscode-chat-session://local/MWQyZTAzNTAtOTc4MC00ZjlkLWI5MzQtY2M5MDhhNjI2NDU1" modelTarget=undefined storageKey="chat.currentLanguageModel.panel" widgetViewKind="view"
2026-09-15 23:08:50.055 [info] [ChatModelSelection] event=no-model-at-toolbar-build surface="workbench" sessionKey="local" conversationKey="vscode-chat-session://local/MWQyZTAzNTAtOTc4MC00ZjlkLWI5MzQtY2M5MDhhNjI2NDU1" modelTarget=undefined storageKey="chat.currentLanguageModel.panel" widgetViewKind="view"
2026-09-15 23:08:50.083 [info] Extension host (LocalProcess pid: 30949) is unresponsive.
2026-09-15 23:08:50.121 [info] Extension host (LocalProcess pid: 30949) is responsive.
2026-09-15 23:08:50.121 [info] [AccountPolicyGate] apply: state=inactive, reason=undefined, isRestricted=false
2026-09-15 23:08:50.133 [error] Error while getting the latest version for the extension bradlc.vscode-tailwindcss from https://marketplace.visualstudio.com/_apis/public/gallery/vscode/{publisher}/{name}/latest. Trying the fallback https://www.vscode-unpkg.net/_gallery/{publisher}/{name}/latest Failed
2026-09-15 23:08:50.136 [error] Error while getting the latest version for the extension catppuccin.catppuccin-vsc from https://marketplace.visualstudio.com/_apis/public/gallery/vscode/{publisher}/{name}/latest. Trying the fallback https://www.vscode-unpkg.net/_gallery/{publisher}/{name}/latest Failed
2026-09-15 23:08:50.138 [error] Error while getting the latest version for the extension christian-kohler.path-intellisense from https://marketplace.visualstudio.com/_apis/public/gallery/vscode/{publisher}/{name}/latest. Trying the fallback https://www.vscode-unpkg.net/_gallery/{publisher}/{name}/latest Failed
2026-09-15 23:08:50.141 [error] Error while getting the latest version for the extension dbaeumer.vscode-eslint from https://marketplace.visualstudio.com/_apis/public/gallery/vscode/{publisher}/{name}/latest. Trying the fallback https://www.vscode-unpkg.net/_gallery/{publisher}/{name}/latest Failed
2026-09-15 23:08:50.142 [error] Error while getting the latest version for the extension dsznajder.es7-react-js-snippets from https://marketplace.visualstudio.com/_apis/public/gallery/vscode/{publisher}/{name}/latest. Trying the fallback https://www.vscode-unpkg.net/_gallery/{publisher}/{name}/latest Failed
2026-09-15 23:08:50.146 [error] Error while getting the latest version for the extension ecmel.vscode-html-css from https://marketplace.visualstudio.com/_apis/public/gallery/vscode/{publisher}/{name}/latest. Trying the fallback https://www.vscode-unpkg.net/_gallery/{publisher}/{name}/latest Failed
2026-09-15 23:08:50.147 [error] Error while getting the latest version for the extension enkia.tokyo-night from https://marketplace.visualstudio.com/_apis/public/gallery/vscode/{publisher}/{name}/latest. Trying the fallback https://www.vscode-unpkg.net/_gallery/{publisher}/{name}/latest Failed
2026-09-15 23:08:50.147 [error] Error while getting the latest version for the extension esbenp.prettier-vscode from https://marketplace.visualstudio.com/_apis/public/gallery/vscode/{publisher}/{name}/latest. Trying the fallback https://www.vscode-unpkg.net/_gallery/{publisher}/{name}/latest Failed
2026-09-15 23:08:50.150 [error] Error while getting the latest version for the extension farigab.noctokai-theme from https://marketplace.visualstudio.com/_apis/public/gallery/vscode/{publisher}/{name}/latest. Trying the fallback https://www.vscode-unpkg.net/_gallery/{publisher}/{name}/latest Failed
2026-09-15 23:08:50.156 [error] Error while getting the latest version for the extension formulahendry.auto-close-tag from https://marketplace.visualstudio.com/_apis/public/gallery/vscode/{publisher}/{name}/latest. Trying the fallback https://www.vscode-unpkg.net/_gallery/{publisher}/{name}/latest Failed
2026-09-15 23:08:50.159 [error] Error while getting the latest version for the extension formulahendry.auto-rename-tag from https://marketplace.visualstudio.com/_apis/public/gallery/vscode/{publisher}/{name}/latest. Trying the fallback https://www.vscode-unpkg.net/_gallery/{publisher}/{name}/latest Failed
2026-09-15 23:08:50.163 [error] Error while getting the latest version for the extension formulahendry.code-runner from https://marketplace.visualstudio.com/_apis/public/gallery/vscode/{publisher}/{name}/latest. Trying the fallback https://www.vscode-unpkg.net/_gallery/{publisher}/{name}/latest Failed
2026-09-15 23:08:50.167 [error] Error while getting the latest version for the extension github.vscode-pull-request-github from https://marketplace.visualstudio.com/_apis/public/gallery/vscode/{publisher}/{name}/latest. Trying the fallback https://www.vscode-unpkg.net/_gallery/{publisher}/{name}/latest Failed
2026-09-15 23:08:50.167 [error] Error while getting the latest version for the extension jovejonovski.ocean-green from https://marketplace.visualstudio.com/_apis/public/gallery/vscode/{publisher}/{name}/latest. Trying the fallback https://www.vscode-unpkg.net/_gallery/{publisher}/{name}/latest Failed
2026-09-15 23:08:50.172 [error] Error while getting the latest version for the extension kevinrose.vsc-python-indent from https://marketplace.visualstudio.com/_apis/public/gallery/vscode/{publisher}/{name}/latest. Trying the fallback https://www.vscode-unpkg.net/_gallery/{publisher}/{name}/latest Failed
2026-09-15 23:08:50.175 [error] Error while getting the latest version for the extension mechatroner.rainbow-csv from https://marketplace.visualstudio.com/_apis/public/gallery/vscode/{publisher}/{name}/latest. Trying the fallback https://www.vscode-unpkg.net/_gallery/{publisher}/{name}/latest Failed
2026-09-15 23:08:50.180 [error] Error while getting the latest version for the extension mhutchie.git-graph from https://marketplace.visualstudio.com/_apis/public/gallery/vscode/{publisher}/{name}/latest. Trying the fallback https://www.vscode-unpkg.net/_gallery/{publisher}/{name}/latest Failed
2026-09-15 23:08:50.187 [error] Error while getting the latest version for the extension ms-azuretools.vscode-containers from https://marketplace.visualstudio.com/_apis/public/gallery/vscode/{publisher}/{name}/latest. Trying the fallback https://www.vscode-unpkg.net/_gallery/{publisher}/{name}/latest Failed
2026-09-15 23:08:50.188 [error] Error while getting the latest version for the extension ms-azuretools.vscode-docker from https://marketplace.visualstudio.com/_apis/public/gallery/vscode/{publisher}/{name}/latest. Trying the fallback https://www.vscode-unpkg.net/_gallery/{publisher}/{name}/latest Failed
2026-09-15 23:08:50.240 [error] Error while getting the latest version for the extension ms-dotnettools.vscode-dotnet-runtime from https://marketplace.visualstudio.com/_apis/public/gallery/vscode/{publisher}/{name}/latest. Trying the fallback https://www.vscode-unpkg.net/_gallery/{publisher}/{name}/latest Failed
2026-09-15 23:08:50.241 [error] Error while getting the latest version for the extension ms-python.debugpy from https://marketplace.visualstudio.com/_apis/public/gallery/vscode/{publisher}/{name}/latest. Trying the fallback https://www.vscode-unpkg.net/_gallery/{publisher}/{name}/latest Failed
2026-09-15 23:08:50.242 [error] Error while getting the latest version for the extension ms-python.python from https://marketplace.visualstudio.com/_apis/public/gallery/vscode/{publisher}/{name}/latest. Trying the fallback https://www.vscode-unpkg.net/_gallery/{publisher}/{name}/latest Failed
2026-09-15 23:08:50.242 [error] Error while getting the latest version for the extension ms-python.vscode-pylance from https://marketplace.visualstudio.com/_apis/public/gallery/vscode/{publisher}/{name}/latest. Trying the fallback https://www.vscode-unpkg.net/_gallery/{publisher}/{name}/latest Failed
2026-09-15 23:08:50.243 [error] Error while getting the latest version for the extension ms-python.vscode-python-envs from https://marketplace.visualstudio.com/_apis/public/gallery/vscode/{publisher}/{name}/latest. Trying the fallback https://www.vscode-unpkg.net/_gallery/{publisher}/{name}/latest Failed
2026-09-15 23:08:50.244 [error] Error while getting the latest version for the extension ms-toolsai.jupyter-renderers from https://marketplace.visualstudio.com/_apis/public/gallery/vscode/{publisher}/{name}/latest. Trying the fallback https://www.vscode-unpkg.net/_gallery/{publisher}/{name}/latest Failed
2026-09-15 23:08:50.245 [error] Error while getting the latest version for the extension ms-toolsai.vscode-jupyter-cell-tags from https://marketplace.visualstudio.com/_apis/public/gallery/vscode/{publisher}/{name}/latest. Trying the fallback https://www.vscode-unpkg.net/_gallery/{publisher}/{name}/latest Failed
2026-09-15 23:08:50.245 [error] Error while getting the latest version for the extension ms-toolsai.vscode-jupyter-slideshow from https://marketplace.visualstudio.com/_apis/public/gallery/vscode/{publisher}/{name}/latest. Trying the fallback https://www.vscode-unpkg.net/_gallery/{publisher}/{name}/latest Failed
2026-09-15 23:08:50.246 [error] Error while getting the latest version for the extension ms-vscode-remote.remote-containers from https://marketplace.visualstudio.com/_apis/public/gallery/vscode/{publisher}/{name}/latest. Trying the fallback https://www.vscode-unpkg.net/_gallery/{publisher}/{name}/latest Failed
2026-09-15 23:08:50.246 [error] Error while getting the latest version for the extension ms-vscode-remote.remote-ssh from https://marketplace.visualstudio.com/_apis/public/gallery/vscode/{publisher}/{name}/latest. Trying the fallback https://www.vscode-unpkg.net/_gallery/{publisher}/{name}/latest Failed
2026-09-15 23:08:50.247 [error] Error while getting the latest version for the extension ms-vscode-remote.remote-ssh-edit from https://marketplace.visualstudio.com/_apis/public/gallery/vscode/{publisher}/{name}/latest. Trying the fallback https://www.vscode-unpkg.net/_gallery/{publisher}/{name}/latest Failed
2026-09-15 23:08:50.248 [error] Error while getting the latest version for the extension ms-vscode-remote.remote-wsl from https://marketplace.visualstudio.com/_apis/public/gallery/vscode/{publisher}/{name}/latest. Trying the fallback https://www.vscode-unpkg.net/_gallery/{publisher}/{name}/latest Failed
2026-09-15 23:08:50.248 [error] Error while getting the latest version for the extension ms-vscode.powershell from https://marketplace.visualstudio.com/_apis/public/gallery/vscode/{publisher}/{name}/latest. Trying the fallback https://www.vscode-unpkg.net/_gallery/{publisher}/{name}/latest Failed
2026-09-15 23:08:50.249 [error] Error while getting the latest version for the extension ms-vscode.remote-explorer from https://marketplace.visualstudio.com/_apis/public/gallery/vscode/{publisher}/{name}/latest. Trying the fallback https://www.vscode-unpkg.net/_gallery/{publisher}/{name}/latest Failed
2026-09-15 23:08:50.250 [error] Error while getting the latest version for the extension njpwerner.autodocstring from https://marketplace.visualstudio.com/_apis/public/gallery/vscode/{publisher}/{name}/latest. Trying the fallback https://www.vscode-unpkg.net/_gallery/{publisher}/{name}/latest Failed
2026-09-15 23:08:50.250 [error] Error while getting the latest version for the extension oderwat.indent-rainbow from https://marketplace.visualstudio.com/_apis/public/gallery/vscode/{publisher}/{name}/latest. Trying the fallback https://www.vscode-unpkg.net/_gallery/{publisher}/{name}/latest Failed
2026-09-15 23:08:50.251 [error] Error while getting the latest version for the extension pkief.material-icon-theme from https://marketplace.visualstudio.com/_apis/public/gallery/vscode/{publisher}/{name}/latest. Trying the fallback https://www.vscode-unpkg.net/_gallery/{publisher}/{name}/latest Failed
2026-09-15 23:08:50.252 [error] Error while getting the latest version for the extension qufiwefefwoyn.kanagawa from https://marketplace.visualstudio.com/_apis/public/gallery/vscode/{publisher}/{name}/latest. Trying the fallback https://www.vscode-unpkg.net/_gallery/{publisher}/{name}/latest Failed
2026-09-15 23:08:50.254 [error] Error while getting the latest version for the extension redhat.vscode-yaml from https://marketplace.visualstudio.com/_apis/public/gallery/vscode/{publisher}/{name}/latest. Trying the fallback https://www.vscode-unpkg.net/_gallery/{publisher}/{name}/latest Failed
2026-09-15 23:08:50.254 [error] Error while getting the latest version for the extension reesew.everforest-theme from https://marketplace.visualstudio.com/_apis/public/gallery/vscode/{publisher}/{name}/latest. Trying the fallback https://www.vscode-unpkg.net/_gallery/{publisher}/{name}/latest Failed
2026-09-15 23:08:50.255 [error] Error while getting the latest version for the extension rikkarth.ship-at-sea from https://marketplace.visualstudio.com/_apis/public/gallery/vscode/{publisher}/{name}/latest. Trying the fallback https://www.vscode-unpkg.net/_gallery/{publisher}/{name}/latest Failed
2026-09-15 23:08:50.256 [error] Error while getting the latest version for the extension ritwickdey.liveserver from https://marketplace.visualstudio.com/_apis/public/gallery/vscode/{publisher}/{name}/latest. Trying the fallback https://www.vscode-unpkg.net/_gallery/{publisher}/{name}/latest Failed
2026-09-15 23:08:50.257 [error] Error while getting the latest version for the extension sumneko.lua from https://marketplace.visualstudio.com/_apis/public/gallery/vscode/{publisher}/{name}/latest. Trying the fallback https://www.vscode-unpkg.net/_gallery/{publisher}/{name}/latest Failed
2026-09-15 23:08:50.257 [error] Error while getting the latest version for the extension tahayvr.matteblack from https://marketplace.visualstudio.com/_apis/public/gallery/vscode/{publisher}/{name}/latest. Trying the fallback https://www.vscode-unpkg.net/_gallery/{publisher}/{name}/latest Failed
2026-09-15 23:08:50.258 [error] Error while getting the latest version for the extension vscode-icons-team.vscode-icons from https://marketplace.visualstudio.com/_apis/public/gallery/vscode/{publisher}/{name}/latest. Trying the fallback https://www.vscode-unpkg.net/_gallery/{publisher}/{name}/latest Failed
2026-09-15 23:08:50.259 [error] Error while getting the latest version for the extension xabikos.javascriptsnippets from https://marketplace.visualstudio.com/_apis/public/gallery/vscode/{publisher}/{name}/latest. Trying the fallback https://www.vscode-unpkg.net/_gallery/{publisher}/{name}/latest Failed
2026-09-15 23:08:50.260 [error] Error while getting the latest version for the extension zhuangtongfa.material-theme from https://marketplace.visualstudio.com/_apis/public/gallery/vscode/{publisher}/{name}/latest. Trying the fallback https://www.vscode-unpkg.net/_gallery/{publisher}/{name}/latest Failed
2026-09-15 23:08:50.303 [error] [Extension Host] (node:30949) [DEP0169] DeprecationWarning: `url.parse()` behavior is not standardized and prone to errors that have security implications. Use the WHATWG URL API instead. CVEs are not issued for `url.parse()` vulnerabilities.
(Use `exe --trace-deprecation ...` to show where the warning was created)
2026-09-15 23:08:50.661 [info] [ChatModelSelection] event=no-model-at-toolbar-build surface="workbench" sessionKey="local" conversationKey="vscode-chat-session://local/MWQyZTAzNTAtOTc4MC00ZjlkLWI5MzQtY2M5MDhhNjI2NDU1" modelTarget=undefined storageKey="chat.currentLanguageModel.panel" widgetViewKind="view"
2026-09-15 23:08:50.719 [info] Settings Sync: Account status changed from uninitialized to unavailable
2026-09-15 23:08:50.801 [info] [ChatModelSelection] event=no-model-at-toolbar-build surface="workbench" sessionKey="local" conversationKey="vscode-chat-session://local/MWQyZTAzNTAtOTc4MC00ZjlkLWI5MzQtY2M5MDhhNjI2NDU1" modelTarget=undefined storageKey="chat.currentLanguageModel.panel" widgetViewKind="view"
2026-09-15 23:08:50.926 [info] [perf] Render performance baseline is 33ms
2026-09-15 23:08:51.069 [error] [Extension Host] (node:30949) [DEP0040] DeprecationWarning: The `punycode` module is deprecated. Please use a userland alternative instead.
2026-09-15 23:08:51.596 [info] [AgentHost] No signed-in session resolved for resource: https://api.github.com
2026-09-15 23:08:51.597 [info] [AgentHost] No signed-in session resolved for resource: https://api.github.com
2026-09-15 23:08:51.598 [info] [AgentHost] No signed-in session resolved for resource: https://api.github.com
2026-09-15 23:08:51.692 [info] [ChatModelSelection] event=no-model-at-toolbar-build surface="workbench" sessionKey="local" conversationKey="vscode-chat-session://local/MWQyZTAzNTAtOTc4MC00ZjlkLWI5MzQtY2M5MDhhNjI2NDU1" modelTarget=undefined storageKey="chat.currentLanguageModel.panel" widgetViewKind="view"
2026-09-15 23:08:51.850 [info] [AgentHost] No signed-in session resolved for resource: https://api.github.com/repos
2026-09-15 23:08:51.850 [info] [AgentHost] No signed-in session resolved for resource: https://api.github.com/repos
2026-09-15 23:08:51.851 [info] [AgentHost] No signed-in session resolved for resource: https://api.github.com/repos
2026-09-15 23:08:52.042 [info] [AgentHost] No signed-in session resolved for resource: https://api.github.com
2026-09-15 23:08:52.042 [info] [AgentHost] No signed-in session resolved for resource: https://api.github.com
2026-09-15 23:08:52.042 [info] [AgentHost] No signed-in session resolved for resource: https://api.github.com
2026-09-15 23:08:52.045 [info] [AgentHost] No signed-in session resolved for resource: https://api.github.com
2026-09-15 23:08:52.060 [info] [AgentHost] No signed-in session resolved for resource: https://api.github.com/repos
2026-09-15 23:08:52.113 [info] [AgentHost] No signed-in session resolved for resource: https://api.github.com/repos
2026-09-15 23:08:52.113 [info] [AgentHost] No signed-in session resolved for resource: https://api.github.com/repos
2026-09-15 23:08:52.114 [info] [AgentHost] No signed-in session resolved for resource: https://api.github.com/repos
2026-09-15 23:08:52.135 [info] [AgentHost] No signed-in session resolved for resource: https://api.github.com
2026-09-15 23:08:52.224 [info] [AgentHost] No signed-in session resolved for resource: https://api.github.com/repos
2026-09-15 23:09:22.414 [error] [Extension Host] Failed to fetch remote embeddings cache from https://embeddings.vscode-cdn.net/text-3-small/v1.137/commands/latest.txt
2026-09-15 23:09:22.415 [error] [Extension Host] Response status: 404, status text: 
2026-09-15 23:09:22.674 [error] [Extension Host] Failed to fetch remote embeddings cache from https://embeddings.vscode-cdn.net/text-3-small/v1.137/commands/core.json
2026-09-15 23:09:22.674 [error] [Extension Host] Response status: 404, status text: 
2026-09-15 23:13:10.309 [info] [AgentHost] No signed-in session resolved for resource: https://api.github.com
2026-09-15 23:13:10.311 [info] [AgentHost] No signed-in session resolved for resource: https://api.github.com/repos
2026-09-15 23:13:10.315 [info] [AgentHost] No signed-in session resolved for resource: https://api.github.com
2026-09-15 23:13:10.318 [info] [AgentHost] No signed-in session resolved for resource: https://api.github.com/repos
