2026-09-16 01:15:18.677 [info] [main] Log level: Info
2026-09-16 01:15:18.677 [info] [main] Validating found git in: "git"
2026-09-16 01:15:18.677 [info] [main] Using git "2.55.0" from "git"
2026-09-16 01:15:18.677 [info] [Model][doInitialScan] Initial repository scan started
2026-09-16 01:15:18.677 [info] > git rev-parse --show-toplevel [1182ms]
2026-09-16 01:15:18.754 [info] > git rev-parse --show-toplevel [53ms]
2026-09-16 01:15:18.831 [info] > git rev-parse --show-toplevel [66ms]
2026-09-16 01:15:18.913 [info] > git rev-parse --show-toplevel [27ms]
2026-09-16 01:15:18.923 [info] > git rev-parse --show-toplevel [2ms]
2026-09-16 01:15:18.925 [info] [Model][doInitialScan] Initial repository scan completed - repositories (0), closed repositories (0), parent repositories (1), unsafe repositories (0)
2026-09-16 01:15:18.942 [info] > git rev-parse --show-toplevel [3ms]
2026-09-16 01:15:18.952 [info] > git rev-parse --show-toplevel [1ms]
2026-09-16 01:15:18.963 [info] > git rev-parse --show-toplevel [2ms]
2026-09-16 01:15:19.718 [info] > git rev-parse --show-toplevel [2ms]
2026-09-16 01:15:19.912 [info] > git rev-parse --show-toplevel [2ms]
2026-09-16 01:15:25.087 [info] > git rev-parse --show-toplevel [2ms]
2026-09-16 01:15:25.467 [info] > git rev-parse --show-toplevel [2ms]
2026-09-16 01:15:28.706 [info] > git rev-parse --show-toplevel [2ms]
2026-09-16 01:16:00.544 [info] > git rev-parse --show-toplevel [2ms]
2026-09-16 01:19:04.362 [info] > git rev-parse --show-toplevel [2ms]
2026-09-16 01:20:05.892 [info] > git rev-parse --show-toplevel [1ms]
2026-09-16 01:20:45.703 [info] > git rev-parse --show-toplevel [2ms]
2026-09-16 01:21:07.166 [info] > git rev-parse --show-toplevel [2ms]
2026-09-16 01:24:56.400 [info] > git rev-parse --show-toplevel [1ms]
2026-09-16 01:24:59.635 [info] > git rev-parse --show-toplevel [2ms]
2026-09-16 01:30:06.916 [info] > git rev-parse --show-toplevel [1ms]
2026-09-16 01:30:12.487 [info] > git rev-parse --show-toplevel [2ms]
2026-09-16 01:30:15.057 [info] > git rev-parse --show-toplevel [1ms]
2026-09-16 01:30:18.706 [info] > git rev-parse --show-toplevel [2ms]
2026-09-16 01:30:24.789 [info] > git rev-parse --show-toplevel [1ms]
2026-09-16 01:30:52.347 [info] > git rev-parse --show-toplevel [1ms]
2026-09-16 01:30:55.547 [info] > git rev-parse --show-toplevel [2ms]
2026-09-16 01:56:01.285 [info] > git rev-parse --show-toplevel [2ms]
2026-09-16 02:03:52.357 [info] > git rev-parse --show-toplevel [3ms]
2026-09-16 02:04:23.749 [info] > git rev-parse --show-toplevel [2ms]
2026-09-16 02:04:37.241 [info] > git rev-parse --show-toplevel [2ms]
2026-09-16 02:05:53.483 [info] > git rev-parse --show-toplevel [1ms]
2026-09-16 02:05:53.922 [info] > git rev-parse --show-toplevel [2ms]
2026-09-16 02:05:54.895 [info] > git rev-parse --show-toplevel [2ms]
2026-09-16 02:05:55.335 [info] > git rev-parse --show-toplevel [1ms]
2026-09-16 02:06:02.303 [info] > git rev-parse --show-toplevel [2ms]
2026-09-16 02:06:02.533 [info] > git rev-parse --show-toplevel [1ms]
2026-09-16 02:06:02.711 [info] > git rev-parse --show-toplevel [1ms]
2026-09-16 02:06:02.894 [info] > git rev-parse --show-toplevel [2ms]
2026-09-16 02:06:03.054 [info] > git rev-parse --show-toplevel [1ms]
2026-09-16 02:06:03.189 [info] > git rev-parse --show-toplevel [1ms]
2026-09-16 02:06:03.335 [info] > git rev-parse --show-toplevel [1ms]
2026-09-16 02:06:06.007 [info] > git rev-parse --show-toplevel [2ms]
2026-09-16 02:06:06.402 [info] > git rev-parse --show-toplevel [1ms]
2026-09-16 02:06:08.089 [info] > git rev-parse --show-toplevel [1ms]
2026-09-16 02:06:50.281 [info] > git rev-parse --show-toplevel [2ms]
2026-09-16 02:07:03.845 [info] > git rev-parse --show-toplevel [1ms]
2026-09-16 02:07:35.976 [info] > git rev-parse --show-toplevel [1ms]
2026-09-16 02:07:37.834 [info] > git rev-parse --show-toplevel [1ms]
2026-09-16 02:07:41.528 [info] > git rev-parse --show-toplevel [1ms]
2026-09-16 02:07:45.278 [info] > git rev-parse --show-toplevel [1ms]
2026-09-16 02:07:46.760 [info] > git rev-parse --show-toplevel [3ms]
2026-09-16 02:08:07.439 [info] > git rev-parse --show-toplevel [1ms]
2026-09-16 02:08:09.442 [info] > git rev-parse --show-toplevel [1ms]
2026-09-16 02:09:04.630 [info] > git rev-parse --show-toplevel [2ms]
2026-09-16 02:11:43.804 [info] > git rev-parse --show-toplevel [1ms]
2026-09-16 02:11:44.229 [info] > git rev-parse --show-toplevel [2ms]
2026-09-16 02:11:45.060 [info] > git rev-parse --show-toplevel [1ms]
2026-09-16 02:11:46.333 [info] > git rev-parse --show-toplevel [2ms]
2026-09-16 02:11:58.929 [info] > git rev-parse --show-toplevel [2ms]
2026-09-16 02:12:22.053 [info] > git rev-parse --show-toplevel [2ms]
2026-09-16 02:12:59.511 [info] > git rev-parse --show-toplevel [1ms]
2026-09-16 02:13:05.911 [info] > git rev-parse --show-toplevel [1ms]
2026-09-16 02:13:19.314 [info] > git rev-parse --show-toplevel [1ms]
2026-09-16 02:13:58.562 [info] > git rev-parse --show-toplevel [1ms]
2026-09-16 02:13:58.856 [info] > git rev-parse --show-toplevel [2ms]
2026-09-16 02:13:59.190 [info] > git rev-parse --show-toplevel [1ms]
2026-09-16 02:13:59.552 [info] > git rev-parse --show-toplevel [2ms]
2026-09-16 02:14:00.787 [info] > git rev-parse --show-toplevel [1ms]
2026-09-16 02:14:20.219 [info] > git rev-parse --show-toplevel [1ms]
2026-09-16 02:14:40.078 [info] > git rev-parse --show-toplevel [2ms]
2026-09-16 02:14:56.702 [info] > git rev-parse --show-toplevel [2ms]
2026-09-16 02:15:03.116 [info] > git rev-parse --show-toplevel [1ms]
2026-09-16 02:15:09.398 [info] > git rev-parse --show-toplevel [2ms]
2026-09-16 02:15:12.462 [info] > git rev-parse --show-toplevel [1ms]
2026-09-16 02:15:16.155 [info] > git rev-parse --show-toplevel [3ms]
2026-09-16 02:15:21.659 [info] > git rev-parse --show-toplevel [1ms]
2026-09-16 02:15:28.553 [info] > git rev-parse --show-toplevel [1ms]
2026-09-16 02:15:33.117 [info] > git rev-parse --show-toplevel [1ms]
2026-09-16 02:15:34.002 [info] > git rev-parse --show-toplevel [2ms]
2026-09-16 02:15:35.252 [info] > git rev-parse --show-toplevel [2ms]
2026-09-16 02:36:46.815 [info] > git rev-parse --show-toplevel [1ms]
2026-09-16 02:36:50.614 [info] > git rev-parse --show-toplevel [1ms]
2026-09-16 02:37:49.495 [info] > git rev-parse --show-toplevel [1ms]
2026-09-16 02:39:06.485 [info] > git rev-parse --show-toplevel [2ms]
2026-09-16 02:40:01.977 [info] > git rev-parse --show-toplevel [1ms]
2026-09-16 02:40:09.427 [info] > git rev-parse --show-toplevel [2ms]
2026-09-16 02:40:09.809 [info] > git rev-parse --show-toplevel [2ms]
2026-09-16 02:40:10.225 [info] > git rev-parse --show-toplevel [1ms]
2026-09-16 02:40:13.951 [info] > git rev-parse --show-toplevel [1ms]
2026-09-16 02:41:35.997 [info] > git rev-parse --show-toplevel [1ms]
2026-09-16 02:41:36.209 [info] > git rev-parse --show-toplevel [1ms]
2026-09-16 02:41:38.015 [info] > git rev-parse --show-toplevel [1ms]
2026-09-16 02:41:46.416 [info] > git rev-parse --show-toplevel [2ms]
2026-09-16 02:41:48.309 [info] > git rev-parse --show-toplevel [1ms]
2026-09-16 02:42:30.255 [info] > git rev-parse --show-toplevel [1ms]
2026-09-16 02:42:40.490 [info] > git rev-parse --show-toplevel [2ms]
2026-09-16 02:42:44.136 [info] > git rev-parse --show-toplevel [1ms]
2026-09-16 02:42:45.537 [info] > git rev-parse --show-toplevel [1ms]
2026-09-16 02:42:46.895 [info] > git rev-parse --show-toplevel [2ms]
2026-09-16 02:42:47.500 [info] > git rev-parse --show-toplevel [1ms]
2026-09-16 02:42:48.323 [info] > git rev-parse --show-toplevel [2ms]
2026-09-16 02:42:48.643 [info] > git rev-parse --show-toplevel [1ms]
2026-09-16 02:42:50.305 [info] > git rev-parse --show-toplevel [1ms]
2026-09-16 02:43:26.508 [info] > git rev-parse --show-toplevel [1ms]
2026-09-16 02:43:28.462 [info] > git rev-parse --show-toplevel [2ms]
2026-09-16 02:43:58.353 [info] > git rev-parse --show-toplevel [2ms]
2026-09-16 02:44:11.424 [info] > git rev-parse --show-toplevel [2ms]
2026-09-16 02:44:13.389 [info] > git rev-parse --show-toplevel [2ms]
2026-09-16 02:44:14.600 [info] > git rev-parse --show-toplevel [2ms]
2026-09-16 02:44:17.404 [info] > git rev-parse --show-toplevel [1ms]
2026-09-16 02:44:17.725 [info] > git rev-parse --show-toplevel [2ms]
2026-09-16 02:44:24.105 [info] > git rev-parse --show-toplevel [2ms]
2026-09-16 02:44:24.449 [info] > git rev-parse --show-toplevel [2ms]
2026-09-16 02:44:24.650 [info] > git rev-parse --show-toplevel [1ms]
2026-09-16 02:44:25.159 [info] > git rev-parse --show-toplevel [2ms]
2026-09-16 02:45:29.876 [info] > git rev-parse --show-toplevel [2ms]
2026-09-16 02:45:31.062 [info] > git rev-parse --show-toplevel [2ms]
2026-09-16 02:45:51.009 [info] > git rev-parse --show-toplevel [1ms]
2026-09-16 02:45:51.899 [info] > git rev-parse --show-toplevel [2ms]
2026-09-16 02:45:58.092 [info] > git rev-parse --show-toplevel [2ms]
2026-09-16 02:46:05.755 [info] > git rev-parse --show-toplevel [2ms]
2026-09-16 02:46:54.929 [info] > git rev-parse --show-toplevel [1ms]
2026-09-16 02:46:55.182 [info] > git rev-parse --show-toplevel [1ms]
2026-09-16 02:46:55.350 [info] > git rev-parse --show-toplevel [2ms]
2026-09-16 02:47:01.079 [info] > git rev-parse --show-toplevel [2ms]
2026-09-16 02:47:01.694 [info] > git rev-parse --show-toplevel [1ms]
2026-09-16 02:47:03.411 [info] > git rev-parse --show-toplevel [1ms]
2026-09-16 02:47:28.740 [info] > git rev-parse --show-toplevel [1ms]
2026-09-16 02:47:52.187 [info] > git rev-parse --show-toplevel [1ms]
2026-09-16 02:47:52.553 [info] > git rev-parse --show-toplevel [1ms]
2026-09-16 02:48:05.745 [info] > git rev-parse --show-toplevel [1ms]
2026-09-16 02:48:23.703 [info] > git rev-parse --show-toplevel [1ms]
2026-09-16 02:48:40.597 [info] > git rev-parse --show-toplevel [2ms]
2026-09-16 02:49:54.200 [info] > git rev-parse --show-toplevel [1ms]
2026-09-16 02:51:58.644 [info] > git rev-parse --show-toplevel [1ms]
2026-09-16 02:52:10.878 [info] > git rev-parse --show-toplevel [1ms]
2026-09-16 02:52:21.766 [info] > git rev-parse --show-toplevel [1ms]
2026-09-16 02:52:22.045 [info] > git rev-parse --show-toplevel [1ms]
2026-09-16 02:52:23.730 [info] > git rev-parse --show-toplevel [1ms]
2026-09-16 02:52:23.941 [info] > git rev-parse --show-toplevel [1ms]
2026-09-16 02:52:25.015 [info] > git rev-parse --show-toplevel [2ms]
2026-09-16 02:52:28.840 [info] > git rev-parse --show-toplevel [2ms]
2026-09-16 02:52:38.315 [info] > git rev-parse --show-toplevel [1ms]
2026-09-16 02:52:38.683 [info] > git rev-parse --show-toplevel [2ms]
2026-09-16 02:52:39.183 [info] > git rev-parse --show-toplevel [1ms]
2026-09-16 02:52:39.704 [info] > git rev-parse --show-toplevel [1ms]
2026-09-16 02:52:40.921 [info] > git rev-parse --show-toplevel [2ms]
2026-09-16 02:52:56.390 [info] > git rev-parse --show-toplevel [1ms]
2026-09-16 02:54:19.777 [info] > git rev-parse --show-toplevel [2ms]
2026-09-16 02:54:21.894 [info] > git rev-parse --show-toplevel [2ms]
2026-09-16 02:54:22.557 [info] > git rev-parse --show-toplevel [2ms]
2026-09-16 02:54:22.903 [info] > git rev-parse --show-toplevel [1ms]
2026-09-16 02:54:23.200 [info] > git rev-parse --show-toplevel [1ms]
2026-09-16 02:54:25.871 [info] > git rev-parse --show-toplevel [2ms]
2026-09-16 02:55:01.272 [info] > git rev-parse --show-toplevel [2ms]
2026-09-16 02:55:08.176 [info] > git rev-parse --show-toplevel [1ms]
2026-09-16 02:55:08.617 [info] > git rev-parse --show-toplevel [2ms]
2026-09-16 02:55:10.249 [info] > git rev-parse --show-toplevel [2ms]
2026-09-16 02:55:24.396 [info] > git rev-parse --show-toplevel [1ms]
2026-09-16 02:56:05.982 [info] > git rev-parse --show-toplevel [2ms]
2026-09-16 02:56:10.114 [info] > git rev-parse --show-toplevel [2ms]
2026-09-16 02:56:10.128 [info] > git rev-parse --show-toplevel [2ms]
2026-09-16 02:56:22.079 [info] > git rev-parse --show-toplevel [1ms]
2026-09-16 02:56:22.097 [info] > git rev-parse --show-toplevel [2ms]
2026-09-16 02:56:27.113 [info] > git rev-parse --show-toplevel [3ms]
2026-09-16 02:56:38.456 [info] > git rev-parse --show-toplevel [1ms]
2026-09-16 02:56:38.468 [info] > git rev-parse --show-toplevel [1ms]
2026-09-16 02:56:45.907 [info] > git rev-parse --show-toplevel [1ms]
2026-09-16 02:56:45.939 [info] > git rev-parse --show-toplevel [1ms]
2026-09-16 02:57:03.200 [info] > git rev-parse --show-toplevel [1ms]
2026-09-16 02:57:04.530 [info] > git rev-parse --show-toplevel [1ms]
2026-09-16 02:57:04.543 [info] > git rev-parse --show-toplevel [2ms]
2026-09-16 02:57:10.343 [info] > git rev-parse --show-toplevel [2ms]
2026-09-16 02:57:13.738 [info] > git rev-parse --show-toplevel [1ms]
2026-09-16 02:57:36.264 [info] > git rev-parse --show-toplevel [1ms]
2026-09-16 02:57:37.183 [info] > git rev-parse --show-toplevel [2ms]
2026-09-16 02:57:52.863 [info] > git rev-parse --show-toplevel [2ms]
2026-09-16 02:58:09.298 [info] > git rev-parse --show-toplevel [1ms]
2026-09-16 02:58:09.518 [info] > git rev-parse --show-toplevel [1ms]
2026-09-16 02:58:28.006 [info] > git rev-parse --show-toplevel [1ms]
2026-09-16 02:58:36.204 [info] > git rev-parse --show-toplevel [1ms]
2026-09-16 02:58:44.765 [info] > git rev-parse --show-toplevel [2ms]
2026-09-16 02:58:49.412 [info] > git rev-parse --show-toplevel [2ms]
2026-09-16 02:59:23.000 [info] > git rev-parse --show-toplevel [1ms]
2026-09-16 02:59:30.661 [info] > git rev-parse --show-toplevel [2ms]
2026-09-16 03:02:10.784 [info] > git rev-parse --show-toplevel [1ms]
2026-09-16 03:02:24.689 [info] > git rev-parse --show-toplevel [1ms]
2026-09-16 03:02:40.018 [info] > git rev-parse --show-toplevel [2ms]
2026-09-16 03:03:20.997 [info] > git rev-parse --show-toplevel [2ms]
2026-09-16 03:03:22.327 [info] > git rev-parse --show-toplevel [1ms]
2026-09-16 03:04:52.134 [info] > git rev-parse --show-toplevel [1ms]
2026-09-16 03:04:55.308 [info] > git rev-parse --show-toplevel [2ms]
2026-09-16 03:05:37.651 [info] > git rev-parse --show-toplevel [1ms]
2026-09-16 03:05:52.951 [info] > git rev-parse --show-toplevel [2ms]
2026-09-16 03:05:53.347 [info] > git rev-parse --show-toplevel [2ms]
2026-09-16 03:07:08.869 [info] > git rev-parse --show-toplevel [1ms]
2026-09-16 03:07:11.935 [info] > git rev-parse --show-toplevel [2ms]
2026-09-16 03:07:21.866 [info] > git rev-parse --show-toplevel [2ms]
2026-09-16 03:07:28.570 [info] > git rev-parse --show-toplevel [2ms]
2026-09-16 03:07:32.830 [info] > git rev-parse --show-toplevel [2ms]
2026-09-16 03:07:55.304 [info] > git rev-parse --show-toplevel [3ms]
2026-09-16 03:08:07.573 [info] > git rev-parse --show-toplevel [2ms]
2026-09-16 03:09:06.152 [info] > git rev-parse --show-toplevel [1ms]
2026-09-16 03:09:16.152 [info] > git rev-parse --show-toplevel [1ms]
2026-09-16 03:09:17.643 [info] > git rev-parse --show-toplevel [2ms]
2026-09-16 03:09:19.856 [info] > git rev-parse --show-toplevel [1ms]
2026-09-16 03:09:29.250 [info] > git rev-parse --show-toplevel [2ms]
2026-09-16 03:09:50.756 [info] > git rev-parse --show-toplevel [2ms]
