2026-09-15 23:13:10.034 [info] Extension host with pid 32618 started
2026-09-15 23:13:10.034 [info] Skipping acquiring lock for /home/hydramous/.config/Code/User/workspaceStorage/476687488b4c77ef9c3552bcde59330a.
2026-09-15 23:13:10.285 [info] ExtensionService#_doActivateExtension vscode.github-authentication, startup: false, activationEvent: 'onAuthenticationRequest:github'
2026-09-15 23:13:10.309 [info] ExtensionService#_doActivateExtension vscode.emmet, startup: false, activationEvent: 'onLanguage'
2026-09-15 23:13:10.412 [info] ExtensionService#_doActivateExtension vscode.git-base, startup: true, activationEvent: '*'
2026-09-15 23:13:10.414 [info] ExtensionService#_doActivateExtension christian-kohler.path-intellisense, startup: true, activationEvent: '*'
2026-09-15 23:13:10.422 [info] ExtensionService#_doActivateExtension formulahendry.auto-close-tag, startup: true, activationEvent: '*'
2026-09-15 23:13:10.424 [info] ExtensionService#_doActivateExtension formulahendry.auto-rename-tag, startup: true, activationEvent: '*'
2026-09-15 23:13:10.479 [info] ExtensionService#_doActivateExtension vscode.github, startup: true, activationEvent: '*'
2026-09-15 23:13:10.556 [info] Eager extensions activated
2026-09-15 23:13:10.576 [info] ExtensionService#_doActivateExtension vscode.debug-auto-launch, startup: false, activationEvent: 'onStartupFinished'
2026-09-15 23:13:10.578 [info] ExtensionService#_doActivateExtension vscode.merge-conflict, startup: false, activationEvent: 'onStartupFinished'
2026-09-15 23:13:10.593 [info] ExtensionService#_doActivateExtension Catppuccin.catppuccin-vsc, startup: false, activationEvent: 'onStartupFinished'
2026-09-15 23:13:10.599 [info] ExtensionService#_doActivateExtension dsznajder.es7-react-js-snippets, startup: false, activationEvent: 'onStartupFinished'
2026-09-15 23:13:10.979 [info] ExtensionService#_doActivateExtension esbenp.prettier-vscode, startup: false, activationEvent: 'onStartupFinished'
2026-09-15 23:13:10.987 [info] ExtensionService#_doActivateExtension GitHub.vscode-pull-request-github, startup: false, activationEvent: 'onStartupFinished'
2026-09-15 23:13:11.074 [info] ExtensionService#_doActivateExtension ms-dotnettools.vscode-dotnet-runtime, startup: false, activationEvent: 'onStartupFinished'
2026-09-15 23:13:11.331 [info] ExtensionService#_doActivateExtension ms-vscode-remote.remote-containers, startup: false, activationEvent: 'onStartupFinished'
2026-09-15 23:13:11.449 [info] ExtensionService#_doActivateExtension ms-vscode-remote.remote-wsl, startup: false, activationEvent: 'onStartupFinished'
2026-09-15 23:13:11.523 [info] ExtensionService#_doActivateExtension PKief.material-icon-theme, startup: false, activationEvent: 'onStartupFinished'
2026-09-15 23:13:11.534 [info] ExtensionService#_doActivateExtension reesew.everforest-theme, startup: false, activationEvent: 'onStartupFinished'
2026-09-15 23:13:11.539 [info] ExtensionService#_doActivateExtension vscode-icons-team.vscode-icons, startup: false, activationEvent: 'onStartupFinished'
2026-09-15 23:13:11.563 [info] ExtensionService#_doActivateExtension zhuangtongfa.material-theme, startup: false, activationEvent: 'onStartupFinished'
2026-09-15 23:13:12.778 [info] ExtensionService#_doActivateExtension vscode.extension-editing, startup: false, activationEvent: 'onLanguage:markdown'
2026-09-15 23:13:12.789 [info] ExtensionService#_doActivateExtension vscode.markdown-language-features, startup: false, activationEvent: 'onLanguage:markdown'
2026-09-15 23:13:13.076 [info] ExtensionService#_doActivateExtension vscode.markdown-math, startup: false, activationEvent: 'api', root cause: vscode.markdown-language-features
2026-09-15 23:13:13.085 [info] ExtensionService#_doActivateExtension vscode.mermaid-markdown-features, startup: false, activationEvent: 'api', root cause: vscode.markdown-language-features
2026-09-15 23:14:32.362 [error] [vscode.markdown-language-features] provider FAILED
2026-09-15 23:14:32.370 [error] Error: Request markdown/getUpdatePastedLinksEdit failed with message: Cannot read properties of undefined (reading 'line')
    at Bt (/usr/share/code/resources/app/extensions/markdown-language-features/dist/extension.js:4:232)
    at Ae (/usr/share/code/resources/app/extensions/markdown-language-features/dist/extension.js:3:6861)
    at Immediate.<anonymous> (/usr/share/code/resources/app/extensions/markdown-language-features/dist/extension.js:3:6708)
    at processImmediate (node:internal/timers:504:21)
2026-09-15 23:28:50.493 [info] Extension host terminating: received terminate message from renderer
2026-09-15 23:28:50.516 [info] Extension host with pid 32618 exiting with code 0
