2026-09-15 22:57:14.444 [info] Reading sessions from keychain...
2026-09-15 22:57:14.444 [info] Getting sessions for all scopes...
2026-09-15 22:57:14.488 [info] Got 0 sessions for all scopes...
2026-09-15 22:57:14.488 [info] Getting sessions for all scopes...
2026-09-15 22:57:14.488 [info] Got 0 sessions for all scopes...
2026-09-15 22:57:14.488 [info] Getting sessions for all scopes...
2026-09-15 22:57:14.488 [info] Got 0 sessions for all scopes...
2026-09-15 22:57:14.488 [info] Getting sessions for all scopes...
2026-09-15 22:57:14.488 [info] Got 0 sessions for all scopes...
2026-09-15 22:57:14.573 [info] Getting sessions for all scopes...
2026-09-15 22:57:14.573 [info] Got 0 sessions for all scopes...
2026-09-15 22:57:15.864 [info] Getting sessions for all scopes...
2026-09-15 22:57:15.864 [info] Got 0 sessions for all scopes...
2026-09-15 22:57:15.870 [info] Getting sessions for read:user,user:email...
2026-09-15 22:57:15.870 [info] Got 0 sessions for read:user,user:email...
2026-09-15 22:57:16.000 [info] Getting sessions for all scopes...
2026-09-15 22:57:16.000 [info] Got 0 sessions for all scopes...
2026-09-15 22:57:16.026 [info] Getting sessions for read:user,repo,user:email,workflow...
2026-09-15 22:57:16.026 [info] Got 0 sessions for read:user,repo,user:email,workflow...
2026-09-15 22:57:16.026 [info] Getting sessions for repo...
2026-09-15 22:57:16.026 [info] Got 0 sessions for repo...
2026-09-15 22:57:16.039 [info] Getting sessions for all scopes...
2026-09-15 22:57:16.039 [info] Got 0 sessions for all scopes...
2026-09-15 22:57:16.041 [info] Getting sessions for read:user,user:email...
2026-09-15 22:57:16.041 [info] Got 0 sessions for read:user,user:email...
2026-09-15 22:57:16.042 [info] Getting sessions for read:user,repo,user:email...
2026-09-15 22:57:16.042 [info] Got 0 sessions for read:user,repo,user:email...
2026-09-15 22:57:16.104 [info] Getting sessions for all scopes...
2026-09-15 22:57:16.104 [info] Got 0 sessions for all scopes...
2026-09-15 22:57:16.115 [info] Getting sessions for repo...
2026-09-15 22:57:16.115 [info] Got 0 sessions for repo...
2026-09-15 22:57:16.147 [info] Getting sessions for all scopes...
2026-09-15 22:57:16.147 [info] Got 0 sessions for all scopes...
2026-09-15 22:57:16.147 [info] Getting sessions for project,read:org,read:user,repo,user:email,workflow...
2026-09-15 22:57:16.147 [info] Got 0 sessions for project,read:org,read:user,repo,user:email,workflow...
2026-09-15 22:57:16.166 [info] Getting sessions for read:user,repo,user:email,workflow...
2026-09-15 22:57:16.166 [info] Got 0 sessions for read:user,repo,user:email,workflow...
2026-09-15 22:57:19.603 [info] Getting sessions for user:email...
2026-09-15 22:57:19.603 [info] Got 0 sessions for user:email...
2026-09-15 22:57:20.842 [info] Getting sessions for all scopes...
2026-09-15 22:57:20.842 [info] Got 0 sessions for all scopes...
2026-09-15 22:59:10.275 [info] Getting sessions for all scopes...
2026-09-15 22:59:10.275 [info] Got 0 sessions for all scopes...
2026-09-15 22:59:10.275 [info] Getting sessions for all scopes...
2026-09-15 22:59:10.275 [info] Got 0 sessions for all scopes...
2026-09-15 22:59:10.384 [info] Getting sessions for user:email...
2026-09-15 22:59:10.384 [info] Got 0 sessions for user:email...
2026-09-15 22:59:10.384 [info] Getting sessions for read:user,repo,user:email,workflow...
2026-09-15 22:59:10.384 [info] Got 0 sessions for read:user,repo,user:email,workflow...
2026-09-15 22:59:10.449 [info] Getting sessions for user:email...
2026-09-15 22:59:10.449 [info] Got 0 sessions for user:email...
2026-09-15 22:59:10.449 [info] Getting sessions for read:user,user:email...
2026-09-15 22:59:10.449 [info] Got 0 sessions for read:user,user:email...
2026-09-15 22:59:10.476 [info] Getting sessions for all scopes...
2026-09-15 22:59:10.477 [info] Got 0 sessions for all scopes...
2026-09-15 22:59:10.497 [info] Getting sessions for repo...
2026-09-15 22:59:10.497 [info] Got 0 sessions for repo...
2026-09-15 22:59:10.497 [info] Getting sessions for all scopes...
2026-09-15 22:59:10.497 [info] Got 0 sessions for all scopes...
2026-09-15 22:59:10.498 [info] Getting sessions for read:user,user:email...
2026-09-15 22:59:10.498 [info] Got 0 sessions for read:user,user:email...
2026-09-15 22:59:10.499 [info] Getting sessions for all scopes...
2026-09-15 22:59:10.499 [info] Got 0 sessions for all scopes...
2026-09-15 22:59:10.499 [info] Getting sessions for repo...
2026-09-15 22:59:10.499 [info] Got 0 sessions for repo...
2026-09-15 22:59:10.501 [info] Getting sessions for all scopes...
2026-09-15 22:59:10.501 [info] Got 0 sessions for all scopes...
2026-09-15 22:59:11.072 [info] Getting sessions for all scopes...
2026-09-15 22:59:11.072 [info] Got 0 sessions for all scopes...
2026-09-15 22:59:11.073 [info] Getting sessions for all scopes...
2026-09-15 22:59:11.073 [info] Got 0 sessions for all scopes...
2026-09-15 22:59:11.073 [info] Getting sessions for all scopes...
2026-09-15 22:59:11.073 [info] Got 0 sessions for all scopes...
2026-09-15 22:59:11.086 [info] Getting sessions for user:email...
2026-09-15 22:59:11.086 [info] Got 0 sessions for user:email...
2026-09-15 22:59:11.086 [info] Getting sessions for read:user,repo,user:email,workflow...
2026-09-15 22:59:11.086 [info] Got 0 sessions for read:user,repo,user:email,workflow...
2026-09-15 22:59:11.164 [info] Getting sessions for all scopes...
2026-09-15 22:59:11.164 [info] Got 0 sessions for all scopes...
2026-09-15 22:59:11.164 [info] Getting sessions for all scopes...
2026-09-15 22:59:11.164 [info] Got 0 sessions for all scopes...
2026-09-15 22:59:11.164 [info] Getting sessions for all scopes...
2026-09-15 22:59:11.164 [info] Got 0 sessions for all scopes...
2026-09-15 22:59:11.182 [info] Getting sessions for user:email...
2026-09-15 22:59:11.182 [info] Got 0 sessions for user:email...
2026-09-15 22:59:11.182 [info] Getting sessions for read:user,repo,user:email,workflow...
2026-09-15 22:59:11.182 [info] Got 0 sessions for read:user,repo,user:email,workflow...
2026-09-15 22:59:11.209 [info] Getting sessions for all scopes...
2026-09-15 22:59:11.209 [info] Got 0 sessions for all scopes...
2026-09-15 22:59:11.212 [info] Getting sessions for user:email...
2026-09-15 22:59:11.212 [info] Got 0 sessions for user:email...
2026-09-15 22:59:11.220 [info] Getting sessions for all scopes...
2026-09-15 22:59:11.220 [info] Got 0 sessions for all scopes...
2026-09-15 22:59:11.221 [info] Getting sessions for user:email...
2026-09-15 22:59:11.221 [info] Got 0 sessions for user:email...
2026-09-15 22:59:11.231 [info] Getting sessions for all scopes...
2026-09-15 22:59:11.231 [info] Got 0 sessions for all scopes...
2026-09-15 22:59:11.232 [info] Getting sessions for user:email...
2026-09-15 22:59:11.232 [info] Got 0 sessions for user:email...
2026-09-15 22:59:11.431 [info] Getting sessions for read:user,user:email...
2026-09-15 22:59:11.431 [info] Got 0 sessions for read:user,user:email...
2026-09-15 22:59:11.435 [info] Getting sessions for all scopes...
2026-09-15 22:59:11.436 [info] Got 0 sessions for all scopes...
2026-09-15 22:59:11.436 [info] Getting sessions for repo...
2026-09-15 22:59:11.437 [info] Got 0 sessions for repo...
2026-09-15 22:59:11.437 [info] Getting sessions for all scopes...
2026-09-15 22:59:11.437 [info] Got 0 sessions for all scopes...
2026-09-15 22:59:11.437 [info] Getting sessions for read:user,user:email...
2026-09-15 22:59:11.437 [info] Got 0 sessions for read:user,user:email...
2026-09-15 22:59:11.438 [info] Getting sessions for all scopes...
2026-09-15 22:59:11.438 [info] Got 0 sessions for all scopes...
2026-09-15 22:59:11.438 [info] Getting sessions for repo...
2026-09-15 22:59:11.438 [info] Got 0 sessions for repo...
2026-09-15 22:59:11.438 [info] Getting sessions for all scopes...
2026-09-15 22:59:11.438 [info] Got 0 sessions for all scopes...
2026-09-15 22:59:19.624 [info] Getting sessions for all scopes...
2026-09-15 22:59:19.624 [info] Got 0 sessions for all scopes...
2026-09-15 22:59:19.628 [info] Getting sessions for user:email...
2026-09-15 22:59:19.628 [info] Got 0 sessions for user:email...
