2026-09-15 23:13:08.729 [info] [RemoteAgentHost] Reconciling: desired=[], current=[]
2026-09-15 23:13:08.758 [info] [AgentHost:renderer] Acquiring MessagePort to agent host...
2026-09-15 23:13:08.904 [info] [ChatModelSelection] event=no-model-at-toolbar-build surface="workbench" sessionKey=undefined conversationKey=undefined modelTarget=undefined storageKey="chat.currentLanguageModel.panel" widgetViewKind="view"
2026-09-15 23:13:09.131 [info] [AgentHost:renderer] MessagePort acquired, creating client...
2026-09-15 23:13:09.246 [info] [ChatModelSelection] event=no-model-at-toolbar-build surface="workbench" sessionKey="local" conversationKey="vscode-chat-session://local/MDg1NmY4NWMtYjA5My00MzllLWFkOGYtMzdiMWE0MWI1NGFl" modelTarget=undefined storageKey="chat.currentLanguageModel.panel" widgetViewKind="view"
2026-09-15 23:13:09.303 [info] Started local extension host with pid 32618.
2026-09-15 23:13:09.561 [info] [AgentHost:renderer] Protocol connection established; clientId=f2436694-70e9-4006-96f8-85e20d901fec
2026-09-15 23:13:10.016 [info] [RemoteAgentHostProtocol] Mirroring configuration to host root config from DEFAULT: byokModelsEnabled=true (chat.agentHost.byokModels.enabled)
2026-09-15 23:13:10.691 [info] [AccountPolicyGate] apply: state=inactive, reason=undefined, isRestricted=false
2026-09-15 23:13:10.907 [info] [ChatModelSelection] event=no-model-at-toolbar-build surface="workbench" sessionKey="local" conversationKey="vscode-chat-session://local/MDg1NmY4NWMtYjA5My00MzllLWFkOGYtMzdiMWE0MWI1NGFl" modelTarget=undefined storageKey="chat.currentLanguageModel.panel" widgetViewKind="view"
2026-09-15 23:13:11.072 [info] [ChatModelSelection] event=no-model-at-toolbar-build surface="workbench" sessionKey="local" conversationKey="vscode-chat-session://local/MDg1NmY4NWMtYjA5My00MzllLWFkOGYtMzdiMWE0MWI1NGFl" modelTarget=undefined storageKey="chat.currentLanguageModel.panel" widgetViewKind="view"
2026-09-15 23:13:11.123 [error] [Extension Host] (node:32618) [DEP0040] DeprecationWarning: The `punycode` module is deprecated. Please use a userland alternative instead.
(Use `exe --trace-deprecation ...` to show where the warning was created)
2026-09-15 23:13:11.487 [info] [ChatModelSelection] event=no-model-at-toolbar-build surface="workbench" sessionKey="local" conversationKey="vscode-chat-session://local/MDg1NmY4NWMtYjA5My00MzllLWFkOGYtMzdiMWE0MWI1NGFl" modelTarget=undefined storageKey="chat.currentLanguageModel.panel" widgetViewKind="view"
2026-09-15 23:13:11.609 [info] Settings Sync: Account status changed from uninitialized to unavailable
2026-09-15 23:13:11.661 [error] [Extension Host] (node:32618) [DEP0169] DeprecationWarning: `url.parse()` behavior is not standardized and prone to errors that have security implications. Use the WHATWG URL API instead. CVEs are not issued for `url.parse()` vulnerabilities.
2026-09-15 23:13:11.752 [info] [AgentHost] No signed-in session resolved for resource: https://api.github.com
2026-09-15 23:13:11.825 [info] [ChatModelSelection] event=no-model-at-toolbar-build surface="workbench" sessionKey="local" conversationKey="vscode-chat-session://local/MDg1NmY4NWMtYjA5My00MzllLWFkOGYtMzdiMWE0MWI1NGFl" modelTarget=undefined storageKey="chat.currentLanguageModel.panel" widgetViewKind="view"
2026-09-15 23:13:11.980 [info] [AgentHost] No signed-in session resolved for resource: https://api.github.com/repos
2026-09-15 23:13:12.010 [info] [AgentHost] No signed-in session resolved for resource: https://api.github.com
2026-09-15 23:13:12.011 [info] [AgentHost] No signed-in session resolved for resource: https://api.github.com/repos
2026-09-15 23:13:12.264 [info] [ChatModelSelection] event=no-model-at-toolbar-build surface="workbench" sessionKey="local" conversationKey="vscode-chat-session://local/MDg1NmY4NWMtYjA5My00MzllLWFkOGYtMzdiMWE0MWI1NGFl" modelTarget=undefined storageKey="chat.currentLanguageModel.panel" widgetViewKind="view"
2026-09-15 23:13:15.691 [info] [AccountPolicyGate] apply: state=inactive, reason=undefined, isRestricted=false
2026-09-15 23:13:15.947 [info] [perf] Render performance baseline is 24ms
