2026-09-15 23:07:41.583 [info] Reading sessions from keychain...
2026-09-15 23:07:41.583 [info] Getting sessions for all scopes...
2026-09-15 23:08:50.021 [info] Got 0 sessions for all scopes...
2026-09-15 23:08:50.021 [info] Getting sessions for all scopes...
2026-09-15 23:08:50.021 [info] Got 0 sessions for all scopes...
2026-09-15 23:08:50.022 [info] Getting sessions for all scopes...
2026-09-15 23:08:50.022 [info] Got 0 sessions for all scopes...
2026-09-15 23:08:50.022 [info] Getting sessions for all scopes...
2026-09-15 23:08:50.022 [info] Got 0 sessions for all scopes...
2026-09-15 23:08:50.022 [info] Getting sessions for read:user,user:email...
2026-09-15 23:08:50.022 [info] Got 0 sessions for read:user,user:email...
2026-09-15 23:08:50.022 [info] Getting sessions for all scopes...
2026-09-15 23:08:50.022 [info] Got 0 sessions for all scopes...
2026-09-15 23:08:50.022 [info] Getting sessions for all scopes...
2026-09-15 23:08:50.022 [info] Got 0 sessions for all scopes...
2026-09-15 23:08:50.022 [info] Getting sessions for read:user,user:email...
2026-09-15 23:08:50.022 [info] Got 0 sessions for read:user,user:email...
2026-09-15 23:08:50.022 [info] Getting sessions for read:user,user:email...
2026-09-15 23:08:50.022 [info] Got 0 sessions for read:user,user:email...
2026-09-15 23:08:50.022 [info] Getting sessions for user:email...
2026-09-15 23:08:50.022 [info] Got 0 sessions for user:email...
2026-09-15 23:08:50.022 [info] Getting sessions for all scopes...
2026-09-15 23:08:50.022 [info] Got 0 sessions for all scopes...
2026-09-15 23:08:50.022 [info] Getting sessions for all scopes...
2026-09-15 23:08:50.022 [info] Got 0 sessions for all scopes...
2026-09-15 23:08:51.576 [info] Getting sessions for all scopes...
2026-09-15 23:08:51.576 [info] Got 0 sessions for all scopes...
2026-09-15 23:08:51.576 [info] Getting sessions for all scopes...
2026-09-15 23:08:51.576 [info] Got 0 sessions for all scopes...
2026-09-15 23:08:51.576 [info] Getting sessions for all scopes...
2026-09-15 23:08:51.576 [info] Got 0 sessions for all scopes...
2026-09-15 23:08:51.576 [info] Getting sessions for all scopes...
2026-09-15 23:08:51.576 [info] Got 0 sessions for all scopes...
2026-09-15 23:08:51.771 [info] Getting sessions for all scopes...
2026-09-15 23:08:51.771 [info] Got 0 sessions for all scopes...
2026-09-15 23:08:51.787 [info] Getting sessions for all scopes...
2026-09-15 23:08:51.787 [info] Got 0 sessions for all scopes...
2026-09-15 23:08:51.787 [info] Getting sessions for repo...
2026-09-15 23:08:51.787 [info] Got 0 sessions for repo...
2026-09-15 23:08:51.787 [info] Getting sessions for repo...
2026-09-15 23:08:51.787 [info] Got 0 sessions for repo...
2026-09-15 23:08:51.787 [info] Getting sessions for repo...
2026-09-15 23:08:51.787 [info] Got 0 sessions for repo...
2026-09-15 23:08:51.849 [info] Getting sessions for all scopes...
2026-09-15 23:08:51.849 [info] Got 0 sessions for all scopes...
2026-09-15 23:08:51.849 [info] Getting sessions for all scopes...
2026-09-15 23:08:51.849 [info] Got 0 sessions for all scopes...
2026-09-15 23:08:51.849 [info] Getting sessions for all scopes...
2026-09-15 23:08:51.849 [info] Got 0 sessions for all scopes...
2026-09-15 23:08:51.849 [info] Getting sessions for user:email...
2026-09-15 23:08:51.849 [info] Got 0 sessions for user:email...
2026-09-15 23:08:51.849 [info] Getting sessions for read:user,repo,user:email,workflow...
2026-09-15 23:08:51.849 [info] Got 0 sessions for read:user,repo,user:email,workflow...
2026-09-15 23:08:51.851 [info] Getting sessions for read:user,repo,user:email,workflow...
2026-09-15 23:08:51.851 [info] Got 0 sessions for read:user,repo,user:email,workflow...
2026-09-15 23:08:51.864 [info] Getting sessions for read:user,user:email...
2026-09-15 23:08:51.864 [info] Got 0 sessions for read:user,user:email...
2026-09-15 23:08:51.864 [info] Getting sessions for read:user,user:email...
2026-09-15 23:08:51.864 [info] Got 0 sessions for read:user,user:email...
2026-09-15 23:08:51.864 [info] Getting sessions for read:user,user:email...
2026-09-15 23:08:51.864 [info] Got 0 sessions for read:user,user:email...
2026-09-15 23:08:51.885 [info] Getting sessions for user:email...
2026-09-15 23:08:51.885 [info] Got 0 sessions for user:email...
2026-09-15 23:08:51.885 [info] Getting sessions for read:user,user:email...
2026-09-15 23:08:51.885 [info] Got 0 sessions for read:user,user:email...
2026-09-15 23:08:52.040 [info] Getting sessions for all scopes...
2026-09-15 23:08:52.040 [info] Got 0 sessions for all scopes...
2026-09-15 23:08:52.041 [info] Getting sessions for all scopes...
2026-09-15 23:08:52.041 [info] Got 0 sessions for all scopes...
2026-09-15 23:08:52.041 [info] Getting sessions for all scopes...
2026-09-15 23:08:52.041 [info] Got 0 sessions for all scopes...
2026-09-15 23:08:52.043 [info] Getting sessions for all scopes...
2026-09-15 23:08:52.043 [info] Got 0 sessions for all scopes...
2026-09-15 23:08:52.052 [info] Getting sessions for repo...
2026-09-15 23:08:52.052 [info] Got 0 sessions for repo...
2026-09-15 23:08:52.052 [info] Getting sessions for repo...
2026-09-15 23:08:52.052 [info] Got 0 sessions for repo...
2026-09-15 23:08:52.053 [info] Getting sessions for repo...
2026-09-15 23:08:52.053 [info] Got 0 sessions for repo...
2026-09-15 23:08:52.053 [info] Getting sessions for all scopes...
2026-09-15 23:08:52.053 [info] Got 0 sessions for all scopes...
2026-09-15 23:08:52.053 [info] Getting sessions for all scopes...
2026-09-15 23:08:52.053 [info] Got 0 sessions for all scopes...
2026-09-15 23:08:52.053 [info] Getting sessions for all scopes...
2026-09-15 23:08:52.053 [info] Got 0 sessions for all scopes...
2026-09-15 23:08:52.053 [info] Getting sessions for repo...
2026-09-15 23:08:52.053 [info] Got 0 sessions for repo...
2026-09-15 23:08:52.054 [info] Getting sessions for read:user,repo,user:email...
2026-09-15 23:08:52.054 [info] Got 0 sessions for read:user,repo,user:email...
2026-09-15 23:08:52.058 [info] Getting sessions for all scopes...
2026-09-15 23:08:52.058 [info] Got 0 sessions for all scopes...
2026-09-15 23:08:52.113 [info] Getting sessions for all scopes...
2026-09-15 23:08:52.113 [info] Got 0 sessions for all scopes...
2026-09-15 23:08:52.113 [info] Getting sessions for all scopes...
2026-09-15 23:08:52.113 [info] Got 0 sessions for all scopes...
2026-09-15 23:08:52.113 [info] Getting sessions for all scopes...
2026-09-15 23:08:52.113 [info] Got 0 sessions for all scopes...
2026-09-15 23:08:52.133 [info] Getting sessions for read:user,user:email...
2026-09-15 23:08:52.133 [info] Got 0 sessions for read:user,user:email...
2026-09-15 23:08:52.135 [info] Getting sessions for user:email...
2026-09-15 23:08:52.135 [info] Got 0 sessions for user:email...
2026-09-15 23:08:52.135 [info] Getting sessions for read:user,repo,user:email,workflow...
2026-09-15 23:08:52.135 [info] Got 0 sessions for read:user,repo,user:email,workflow...
2026-09-15 23:08:52.135 [info] Getting sessions for all scopes...
2026-09-15 23:08:52.135 [info] Got 0 sessions for all scopes...
2026-09-15 23:08:52.135 [info] Getting sessions for project,read:org,read:user,repo,user:email,workflow...
2026-09-15 23:08:52.135 [info] Got 0 sessions for project,read:org,read:user,repo,user:email,workflow...
2026-09-15 23:08:52.206 [info] Getting sessions for repo...
2026-09-15 23:08:52.206 [info] Got 0 sessions for repo...
2026-09-15 23:08:52.223 [info] Getting sessions for all scopes...
2026-09-15 23:08:52.223 [info] Got 0 sessions for all scopes...
2026-09-15 23:08:52.224 [info] Getting sessions for all scopes...
2026-09-15 23:08:52.224 [info] Got 0 sessions for all scopes...
2026-09-15 23:08:52.225 [info] Getting sessions for read:user,repo,user:email,workflow...
2026-09-15 23:08:52.225 [info] Got 0 sessions for read:user,repo,user:email,workflow...
2026-09-15 23:08:52.252 [info] Getting sessions for user:email...
2026-09-15 23:08:52.252 [info] Got 0 sessions for user:email...
2026-09-15 23:08:52.262 [info] Getting sessions for all scopes...
2026-09-15 23:08:52.262 [info] Got 0 sessions for all scopes...
2026-09-15 23:08:52.263 [info] Getting sessions for user:email...
2026-09-15 23:08:52.263 [info] Got 0 sessions for user:email...
2026-09-15 23:08:52.267 [info] Getting sessions for all scopes...
2026-09-15 23:08:52.267 [info] Got 0 sessions for all scopes...
2026-09-15 23:08:52.274 [info] Getting sessions for user:email...
2026-09-15 23:08:52.274 [info] Got 0 sessions for user:email...
2026-09-15 23:13:10.308 [info] Getting sessions for read:user,user:email...
2026-09-15 23:13:10.308 [info] Got 0 sessions for read:user,user:email...
2026-09-15 23:13:10.309 [info] Getting sessions for all scopes...
2026-09-15 23:13:10.309 [info] Got 0 sessions for all scopes...
2026-09-15 23:13:10.309 [info] Getting sessions for repo...
2026-09-15 23:13:10.309 [info] Got 0 sessions for repo...
2026-09-15 23:13:10.310 [info] Getting sessions for all scopes...
2026-09-15 23:13:10.310 [info] Got 0 sessions for all scopes...
2026-09-15 23:13:10.311 [info] Getting sessions for read:user,user:email...
2026-09-15 23:13:10.311 [info] Got 0 sessions for read:user,user:email...
2026-09-15 23:13:10.312 [info] Getting sessions for all scopes...
2026-09-15 23:13:10.312 [info] Got 0 sessions for all scopes...
2026-09-15 23:13:10.312 [info] Getting sessions for repo...
2026-09-15 23:13:10.312 [info] Got 0 sessions for repo...
2026-09-15 23:13:10.316 [info] Getting sessions for all scopes...
2026-09-15 23:13:10.316 [info] Got 0 sessions for all scopes...
