2026-09-15 21:21:45.265 [info] Reading sessions from keychain...
2026-09-15 21:21:45.265 [info] Getting sessions for all scopes...
2026-09-15 21:21:45.265 [info] Got 0 sessions for all scopes...
2026-09-15 21:21:45.265 [info] Getting sessions for all scopes...
2026-09-15 21:21:45.265 [info] Got 0 sessions for all scopes...
2026-09-15 21:21:45.265 [info] Getting sessions for all scopes...
2026-09-15 21:21:45.265 [info] Got 0 sessions for all scopes...
2026-09-15 21:21:45.265 [info] Getting sessions for all scopes...
2026-09-15 21:21:45.265 [info] Got 0 sessions for all scopes...
2026-09-15 21:21:45.265 [info] Getting sessions for all scopes...
2026-09-15 21:21:45.265 [info] Got 0 sessions for all scopes...
2026-09-15 21:21:45.265 [info] Getting sessions for all scopes...
2026-09-15 21:21:45.265 [info] Got 0 sessions for all scopes...
2026-09-15 21:21:46.281 [info] Getting sessions for all scopes...
2026-09-15 21:21:46.281 [info] Got 0 sessions for all scopes...
2026-09-15 21:21:46.282 [info] Getting sessions for read:user,user:email...
2026-09-15 21:21:46.282 [info] Got 0 sessions for read:user,user:email...
2026-09-15 21:21:46.294 [info] Getting sessions for user:email...
2026-09-15 21:21:46.294 [info] Got 0 sessions for user:email...
2026-09-15 21:21:46.449 [info] Getting sessions for all scopes...
2026-09-15 21:21:46.449 [info] Got 0 sessions for all scopes...
2026-09-15 21:21:46.545 [info] Getting sessions for repo...
2026-09-15 21:21:46.545 [info] Got 0 sessions for repo...
2026-09-15 21:21:46.545 [info] Getting sessions for read:user,repo,user:email,workflow...
2026-09-15 21:21:46.545 [info] Got 0 sessions for read:user,repo,user:email,workflow...
2026-09-15 21:21:46.557 [info] Getting sessions for all scopes...
2026-09-15 21:21:46.558 [info] Got 0 sessions for all scopes...
2026-09-15 21:21:46.623 [info] Getting sessions for read:user,user:email...
2026-09-15 21:21:46.624 [info] Got 0 sessions for read:user,user:email...
2026-09-15 21:21:46.692 [info] Getting sessions for all scopes...
2026-09-15 21:21:46.692 [info] Got 0 sessions for all scopes...
2026-09-15 21:21:46.692 [info] Getting sessions for read:user,repo,user:email...
2026-09-15 21:21:46.692 [info] Got 0 sessions for read:user,repo,user:email...
2026-09-15 21:21:46.714 [info] Getting sessions for repo...
2026-09-15 21:21:46.714 [info] Got 0 sessions for repo...
2026-09-15 21:21:46.732 [info] Getting sessions for all scopes...
2026-09-15 21:21:46.732 [info] Got 0 sessions for all scopes...
2026-09-15 21:21:46.745 [info] Getting sessions for project,read:org,read:user,repo,user:email,workflow...
2026-09-15 21:21:46.745 [info] Got 0 sessions for project,read:org,read:user,repo,user:email,workflow...
2026-09-15 21:21:46.749 [info] Getting sessions for read:user,repo,user:email,workflow...
2026-09-15 21:21:46.750 [info] Got 0 sessions for read:user,repo,user:email,workflow...
2026-09-15 21:21:46.872 [info] Getting sessions for all scopes...
2026-09-15 21:21:46.873 [info] Got 0 sessions for all scopes...
