["INFO" - 1:15:18 AM] Extension Name: esbenp.prettier-vscode.
["INFO" - 1:15:18 AM] Extension Version: 12.4.0.
["INFO" - 1:15:18 AM] EditorConfig support is enabled, checking for .editorconfig files
["INFO" - 1:15:18 AM] No local configuration (i.e. .prettierrc or .editorconfig) detected, will fall back to VS Code configuration
["INFO" - 1:15:25 AM] EditorConfig support is enabled, checking for .editorconfig files
["INFO" - 1:15:25 AM] No local configuration (i.e. .prettierrc or .editorconfig) detected, will fall back to VS Code configuration
["INFO" - 1:15:25 AM] EditorConfig support is enabled, checking for .editorconfig files
["INFO" - 1:15:25 AM] No local configuration (i.e. .prettierrc or .editorconfig) detected, will fall back to VS Code configuration
["INFO" - 1:15:28 AM] EditorConfig support is enabled, checking for .editorconfig files
["INFO" - 1:15:28 AM] No local configuration (i.e. .prettierrc or .editorconfig) detected, will fall back to VS Code configuration
["INFO" - 1:16:00 AM] EditorConfig support is enabled, checking for .editorconfig files
["INFO" - 1:16:00 AM] No local configuration (i.e. .prettierrc or .editorconfig) detected, will fall back to VS Code configuration
["INFO" - 1:19:04 AM] EditorConfig support is enabled, checking for .editorconfig files
["INFO" - 1:19:04 AM] No local configuration (i.e. .prettierrc or .editorconfig) detected, will fall back to VS Code configuration
["INFO" - 1:20:05 AM] EditorConfig support is enabled, checking for .editorconfig files
["INFO" - 1:20:05 AM] No local configuration (i.e. .prettierrc or .editorconfig) detected, will fall back to VS Code configuration
["INFO" - 1:20:45 AM] EditorConfig support is enabled, checking for .editorconfig files
["INFO" - 1:20:45 AM] No local configuration (i.e. .prettierrc or .editorconfig) detected, will fall back to VS Code configuration
["INFO" - 1:21:07 AM] EditorConfig support is enabled, checking for .editorconfig files
["INFO" - 1:21:07 AM] No local configuration (i.e. .prettierrc or .editorconfig) detected, will fall back to VS Code configuration
["INFO" - 1:24:56 AM] EditorConfig support is enabled, checking for .editorconfig files
["INFO" - 1:24:56 AM] No local configuration (i.e. .prettierrc or .editorconfig) detected, will fall back to VS Code configuration
["INFO" - 1:24:59 AM] EditorConfig support is enabled, checking for .editorconfig files
["INFO" - 1:24:59 AM] No local configuration (i.e. .prettierrc or .editorconfig) detected, will fall back to VS Code configuration
["INFO" - 1:30:06 AM] EditorConfig support is enabled, checking for .editorconfig files
["INFO" - 1:30:06 AM] No local configuration (i.e. .prettierrc or .editorconfig) detected, will fall back to VS Code configuration
["INFO" - 1:30:12 AM] EditorConfig support is enabled, checking for .editorconfig files
["INFO" - 1:30:12 AM] No local configuration (i.e. .prettierrc or .editorconfig) detected, will fall back to VS Code configuration
["INFO" - 1:30:15 AM] EditorConfig support is enabled, checking for .editorconfig files
["INFO" - 1:30:15 AM] No local configuration (i.e. .prettierrc or .editorconfig) detected, will fall back to VS Code configuration
["INFO" - 1:30:18 AM] EditorConfig support is enabled, checking for .editorconfig files
["INFO" - 1:30:18 AM] No local configuration (i.e. .prettierrc or .editorconfig) detected, will fall back to VS Code configuration
["INFO" - 1:30:24 AM] EditorConfig support is enabled, checking for .editorconfig files
["INFO" - 1:30:24 AM] No local configuration (i.e. .prettierrc or .editorconfig) detected, will fall back to VS Code configuration
["INFO" - 1:30:52 AM] EditorConfig support is enabled, checking for .editorconfig files
["INFO" - 1:30:52 AM] No local configuration (i.e. .prettierrc or .editorconfig) detected, will fall back to VS Code configuration
["INFO" - 1:30:55 AM] EditorConfig support is enabled, checking for .editorconfig files
["INFO" - 1:30:55 AM] No local configuration (i.e. .prettierrc or .editorconfig) detected, will fall back to VS Code configuration
["INFO" - 1:56:01 AM] EditorConfig support is enabled, checking for .editorconfig files
["INFO" - 1:56:01 AM] No local configuration (i.e. .prettierrc or .editorconfig) detected, will fall back to VS Code configuration
["INFO" - 2:03:52 AM] EditorConfig support is enabled, checking for .editorconfig files
["INFO" - 2:03:52 AM] No local configuration (i.e. .prettierrc or .editorconfig) detected, will fall back to VS Code configuration
["INFO" - 2:04:23 AM] EditorConfig support is enabled, checking for .editorconfig files
["INFO" - 2:04:23 AM] No local configuration (i.e. .prettierrc or .editorconfig) detected, will fall back to VS Code configuration
["INFO" - 2:04:37 AM] EditorConfig support is enabled, checking for .editorconfig files
["INFO" - 2:04:37 AM] No local configuration (i.e. .prettierrc or .editorconfig) detected, will fall back to VS Code configuration
["INFO" - 2:05:53 AM] EditorConfig support is enabled, checking for .editorconfig files
["INFO" - 2:05:53 AM] No local configuration (i.e. .prettierrc or .editorconfig) detected, will fall back to VS Code configuration
["INFO" - 2:05:53 AM] EditorConfig support is enabled, checking for .editorconfig files
["INFO" - 2:05:53 AM] No local configuration (i.e. .prettierrc or .editorconfig) detected, will fall back to VS Code configuration
["INFO" - 2:05:54 AM] EditorConfig support is enabled, checking for .editorconfig files
["INFO" - 2:05:54 AM] No local configuration (i.e. .prettierrc or .editorconfig) detected, will fall back to VS Code configuration
["INFO" - 2:05:55 AM] EditorConfig support is enabled, checking for .editorconfig files
["INFO" - 2:05:55 AM] No local configuration (i.e. .prettierrc or .editorconfig) detected, will fall back to VS Code configuration
["INFO" - 2:06:02 AM] EditorConfig support is enabled, checking for .editorconfig files
["INFO" - 2:06:02 AM] No local configuration (i.e. .prettierrc or .editorconfig) detected, will fall back to VS Code configuration
["INFO" - 2:06:02 AM] EditorConfig support is enabled, checking for .editorconfig files
["INFO" - 2:06:02 AM] No local configuration (i.e. .prettierrc or .editorconfig) detected, will fall back to VS Code configuration
["INFO" - 2:06:02 AM] EditorConfig support is enabled, checking for .editorconfig files
["INFO" - 2:06:02 AM] No local configuration (i.e. .prettierrc or .editorconfig) detected, will fall back to VS Code configuration
["INFO" - 2:06:02 AM] EditorConfig support is enabled, checking for .editorconfig files
["INFO" - 2:06:02 AM] No local configuration (i.e. .prettierrc or .editorconfig) detected, will fall back to VS Code configuration
["INFO" - 2:06:03 AM] EditorConfig support is enabled, checking for .editorconfig files
["INFO" - 2:06:03 AM] No local configuration (i.e. .prettierrc or .editorconfig) detected, will fall back to VS Code configuration
["INFO" - 2:06:03 AM] EditorConfig support is enabled, checking for .editorconfig files
["INFO" - 2:06:03 AM] No local configuration (i.e. .prettierrc or .editorconfig) detected, will fall back to VS Code configuration
["INFO" - 2:06:03 AM] EditorConfig support is enabled, checking for .editorconfig files
["INFO" - 2:06:03 AM] No local configuration (i.e. .prettierrc or .editorconfig) detected, will fall back to VS Code configuration
["INFO" - 2:06:06 AM] EditorConfig support is enabled, checking for .editorconfig files
["INFO" - 2:06:06 AM] No local configuration (i.e. .prettierrc or .editorconfig) detected, will fall back to VS Code configuration
["INFO" - 2:06:06 AM] EditorConfig support is enabled, checking for .editorconfig files
["INFO" - 2:06:06 AM] No local configuration (i.e. .prettierrc or .editorconfig) detected, will fall back to VS Code configuration
["INFO" - 2:06:08 AM] EditorConfig support is enabled, checking for .editorconfig files
["INFO" - 2:06:08 AM] No local configuration (i.e. .prettierrc or .editorconfig) detected, will fall back to VS Code configuration
["INFO" - 2:06:50 AM] EditorConfig support is enabled, checking for .editorconfig files
["INFO" - 2:06:50 AM] No local configuration (i.e. .prettierrc or .editorconfig) detected, will fall back to VS Code configuration
["INFO" - 2:07:03 AM] EditorConfig support is enabled, checking for .editorconfig files
["INFO" - 2:07:03 AM] No local configuration (i.e. .prettierrc or .editorconfig) detected, will fall back to VS Code configuration
["INFO" - 2:07:35 AM] EditorConfig support is enabled, checking for .editorconfig files
["INFO" - 2:07:35 AM] No local configuration (i.e. .prettierrc or .editorconfig) detected, will fall back to VS Code configuration
["INFO" - 2:07:37 AM] EditorConfig support is enabled, checking for .editorconfig files
["INFO" - 2:07:37 AM] No local configuration (i.e. .prettierrc or .editorconfig) detected, will fall back to VS Code configuration
["INFO" - 2:07:41 AM] EditorConfig support is enabled, checking for .editorconfig files
["INFO" - 2:07:41 AM] No local configuration (i.e. .prettierrc or .editorconfig) detected, will fall back to VS Code configuration
["INFO" - 2:07:45 AM] EditorConfig support is enabled, checking for .editorconfig files
["INFO" - 2:07:45 AM] No local configuration (i.e. .prettierrc or .editorconfig) detected, will fall back to VS Code configuration
["INFO" - 2:07:46 AM] EditorConfig support is enabled, checking for .editorconfig files
["INFO" - 2:07:46 AM] No local configuration (i.e. .prettierrc or .editorconfig) detected, will fall back to VS Code configuration
["INFO" - 2:08:07 AM] EditorConfig support is enabled, checking for .editorconfig files
["INFO" - 2:08:07 AM] No local configuration (i.e. .prettierrc or .editorconfig) detected, will fall back to VS Code configuration
["INFO" - 2:08:09 AM] EditorConfig support is enabled, checking for .editorconfig files
["INFO" - 2:08:09 AM] No local configuration (i.e. .prettierrc or .editorconfig) detected, will fall back to VS Code configuration
["INFO" - 2:09:04 AM] EditorConfig support is enabled, checking for .editorconfig files
["INFO" - 2:09:04 AM] No local configuration (i.e. .prettierrc or .editorconfig) detected, will fall back to VS Code configuration
["INFO" - 2:11:43 AM] EditorConfig support is enabled, checking for .editorconfig files
["INFO" - 2:11:43 AM] No local configuration (i.e. .prettierrc or .editorconfig) detected, will fall back to VS Code configuration
["INFO" - 2:11:44 AM] EditorConfig support is enabled, checking for .editorconfig files
["INFO" - 2:11:44 AM] No local configuration (i.e. .prettierrc or .editorconfig) detected, will fall back to VS Code configuration
["INFO" - 2:11:45 AM] EditorConfig support is enabled, checking for .editorconfig files
["INFO" - 2:11:45 AM] No local configuration (i.e. .prettierrc or .editorconfig) detected, will fall back to VS Code configuration
["INFO" - 2:11:46 AM] EditorConfig support is enabled, checking for .editorconfig files
["INFO" - 2:11:46 AM] No local configuration (i.e. .prettierrc or .editorconfig) detected, will fall back to VS Code configuration
["INFO" - 2:11:58 AM] EditorConfig support is enabled, checking for .editorconfig files
["INFO" - 2:11:58 AM] No local configuration (i.e. .prettierrc or .editorconfig) detected, will fall back to VS Code configuration
["INFO" - 2:12:22 AM] EditorConfig support is enabled, checking for .editorconfig files
["INFO" - 2:12:22 AM] No local configuration (i.e. .prettierrc or .editorconfig) detected, will fall back to VS Code configuration
["INFO" - 2:12:59 AM] EditorConfig support is enabled, checking for .editorconfig files
["INFO" - 2:12:59 AM] No local configuration (i.e. .prettierrc or .editorconfig) detected, will fall back to VS Code configuration
["INFO" - 2:13:05 AM] EditorConfig support is enabled, checking for .editorconfig files
["INFO" - 2:13:05 AM] No local configuration (i.e. .prettierrc or .editorconfig) detected, will fall back to VS Code configuration
["INFO" - 2:13:19 AM] EditorConfig support is enabled, checking for .editorconfig files
["INFO" - 2:13:19 AM] No local configuration (i.e. .prettierrc or .editorconfig) detected, will fall back to VS Code configuration
["INFO" - 2:13:58 AM] EditorConfig support is enabled, checking for .editorconfig files
["INFO" - 2:13:58 AM] No local configuration (i.e. .prettierrc or .editorconfig) detected, will fall back to VS Code configuration
["INFO" - 2:13:58 AM] EditorConfig support is enabled, checking for .editorconfig files
["INFO" - 2:13:58 AM] No local configuration (i.e. .prettierrc or .editorconfig) detected, will fall back to VS Code configuration
["INFO" - 2:13:59 AM] EditorConfig support is enabled, checking for .editorconfig files
["INFO" - 2:13:59 AM] No local configuration (i.e. .prettierrc or .editorconfig) detected, will fall back to VS Code configuration
["INFO" - 2:13:59 AM] EditorConfig support is enabled, checking for .editorconfig files
["INFO" - 2:13:59 AM] No local configuration (i.e. .prettierrc or .editorconfig) detected, will fall back to VS Code configuration
["INFO" - 2:14:00 AM] EditorConfig support is enabled, checking for .editorconfig files
["INFO" - 2:14:00 AM] No local configuration (i.e. .prettierrc or .editorconfig) detected, will fall back to VS Code configuration
["INFO" - 2:14:20 AM] EditorConfig support is enabled, checking for .editorconfig files
["INFO" - 2:14:20 AM] No local configuration (i.e. .prettierrc or .editorconfig) detected, will fall back to VS Code configuration
["INFO" - 2:14:40 AM] EditorConfig support is enabled, checking for .editorconfig files
["INFO" - 2:14:40 AM] No local configuration (i.e. .prettierrc or .editorconfig) detected, will fall back to VS Code configuration
["INFO" - 2:14:56 AM] EditorConfig support is enabled, checking for .editorconfig files
["INFO" - 2:14:56 AM] No local configuration (i.e. .prettierrc or .editorconfig) detected, will fall back to VS Code configuration
["INFO" - 2:15:03 AM] EditorConfig support is enabled, checking for .editorconfig files
["INFO" - 2:15:03 AM] No local configuration (i.e. .prettierrc or .editorconfig) detected, will fall back to VS Code configuration
["INFO" - 2:15:09 AM] EditorConfig support is enabled, checking for .editorconfig files
["INFO" - 2:15:09 AM] No local configuration (i.e. .prettierrc or .editorconfig) detected, will fall back to VS Code configuration
["INFO" - 2:15:12 AM] EditorConfig support is enabled, checking for .editorconfig files
["INFO" - 2:15:12 AM] No local configuration (i.e. .prettierrc or .editorconfig) detected, will fall back to VS Code configuration
["INFO" - 2:15:16 AM] EditorConfig support is enabled, checking for .editorconfig files
["INFO" - 2:15:16 AM] No local configuration (i.e. .prettierrc or .editorconfig) detected, will fall back to VS Code configuration
["INFO" - 2:15:21 AM] EditorConfig support is enabled, checking for .editorconfig files
["INFO" - 2:15:21 AM] No local configuration (i.e. .prettierrc or .editorconfig) detected, will fall back to VS Code configuration
["INFO" - 2:15:28 AM] EditorConfig support is enabled, checking for .editorconfig files
["INFO" - 2:15:28 AM] No local configuration (i.e. .prettierrc or .editorconfig) detected, will fall back to VS Code configuration
["INFO" - 2:15:33 AM] EditorConfig support is enabled, checking for .editorconfig files
["INFO" - 2:15:33 AM] No local configuration (i.e. .prettierrc or .editorconfig) detected, will fall back to VS Code configuration
["INFO" - 2:15:34 AM] EditorConfig support is enabled, checking for .editorconfig files
["INFO" - 2:15:34 AM] No local configuration (i.e. .prettierrc or .editorconfig) detected, will fall back to VS Code configuration
["INFO" - 2:15:35 AM] EditorConfig support is enabled, checking for .editorconfig files
["INFO" - 2:15:35 AM] No local configuration (i.e. .prettierrc or .editorconfig) detected, will fall back to VS Code configuration
["INFO" - 2:36:46 AM] EditorConfig support is enabled, checking for .editorconfig files
["INFO" - 2:36:46 AM] No local configuration (i.e. .prettierrc or .editorconfig) detected, will fall back to VS Code configuration
["INFO" - 2:36:50 AM] EditorConfig support is enabled, checking for .editorconfig files
["INFO" - 2:36:50 AM] No local configuration (i.e. .prettierrc or .editorconfig) detected, will fall back to VS Code configuration
["INFO" - 2:37:49 AM] EditorConfig support is enabled, checking for .editorconfig files
["INFO" - 2:37:49 AM] No local configuration (i.e. .prettierrc or .editorconfig) detected, will fall back to VS Code configuration
["INFO" - 2:39:06 AM] EditorConfig support is enabled, checking for .editorconfig files
["INFO" - 2:39:06 AM] No local configuration (i.e. .prettierrc or .editorconfig) detected, will fall back to VS Code configuration
["INFO" - 2:40:01 AM] EditorConfig support is enabled, checking for .editorconfig files
["INFO" - 2:40:01 AM] No local configuration (i.e. .prettierrc or .editorconfig) detected, will fall back to VS Code configuration
["INFO" - 2:40:09 AM] EditorConfig support is enabled, checking for .editorconfig files
["INFO" - 2:40:09 AM] No local configuration (i.e. .prettierrc or .editorconfig) detected, will fall back to VS Code configuration
["INFO" - 2:40:09 AM] EditorConfig support is enabled, checking for .editorconfig files
["INFO" - 2:40:09 AM] No local configuration (i.e. .prettierrc or .editorconfig) detected, will fall back to VS Code configuration
["INFO" - 2:40:10 AM] EditorConfig support is enabled, checking for .editorconfig files
["INFO" - 2:40:10 AM] No local configuration (i.e. .prettierrc or .editorconfig) detected, will fall back to VS Code configuration
["INFO" - 2:40:13 AM] EditorConfig support is enabled, checking for .editorconfig files
["INFO" - 2:40:13 AM] No local configuration (i.e. .prettierrc or .editorconfig) detected, will fall back to VS Code configuration
["INFO" - 2:41:36 AM] EditorConfig support is enabled, checking for .editorconfig files
["INFO" - 2:41:36 AM] No local configuration (i.e. .prettierrc or .editorconfig) detected, will fall back to VS Code configuration
["INFO" - 2:41:36 AM] EditorConfig support is enabled, checking for .editorconfig files
["INFO" - 2:41:36 AM] No local configuration (i.e. .prettierrc or .editorconfig) detected, will fall back to VS Code configuration
["INFO" - 2:41:38 AM] EditorConfig support is enabled, checking for .editorconfig files
["INFO" - 2:41:38 AM] No local configuration (i.e. .prettierrc or .editorconfig) detected, will fall back to VS Code configuration
["INFO" - 2:41:46 AM] EditorConfig support is enabled, checking for .editorconfig files
["INFO" - 2:41:46 AM] No local configuration (i.e. .prettierrc or .editorconfig) detected, will fall back to VS Code configuration
["INFO" - 2:41:48 AM] EditorConfig support is enabled, checking for .editorconfig files
["INFO" - 2:41:48 AM] No local configuration (i.e. .prettierrc or .editorconfig) detected, will fall back to VS Code configuration
["INFO" - 2:42:30 AM] EditorConfig support is enabled, checking for .editorconfig files
["INFO" - 2:42:30 AM] No local configuration (i.e. .prettierrc or .editorconfig) detected, will fall back to VS Code configuration
["INFO" - 2:42:40 AM] EditorConfig support is enabled, checking for .editorconfig files
["INFO" - 2:42:40 AM] No local configuration (i.e. .prettierrc or .editorconfig) detected, will fall back to VS Code configuration
["INFO" - 2:42:44 AM] EditorConfig support is enabled, checking for .editorconfig files
["INFO" - 2:42:44 AM] No local configuration (i.e. .prettierrc or .editorconfig) detected, will fall back to VS Code configuration
["INFO" - 2:42:45 AM] EditorConfig support is enabled, checking for .editorconfig files
["INFO" - 2:42:45 AM] No local configuration (i.e. .prettierrc or .editorconfig) detected, will fall back to VS Code configuration
["INFO" - 2:42:46 AM] EditorConfig support is enabled, checking for .editorconfig files
["INFO" - 2:42:46 AM] No local configuration (i.e. .prettierrc or .editorconfig) detected, will fall back to VS Code configuration
["INFO" - 2:42:47 AM] EditorConfig support is enabled, checking for .editorconfig files
["INFO" - 2:42:47 AM] No local configuration (i.e. .prettierrc or .editorconfig) detected, will fall back to VS Code configuration
["INFO" - 2:42:48 AM] EditorConfig support is enabled, checking for .editorconfig files
["INFO" - 2:42:48 AM] No local configuration (i.e. .prettierrc or .editorconfig) detected, will fall back to VS Code configuration
["INFO" - 2:42:48 AM] EditorConfig support is enabled, checking for .editorconfig files
["INFO" - 2:42:48 AM] No local configuration (i.e. .prettierrc or .editorconfig) detected, will fall back to VS Code configuration
["INFO" - 2:42:50 AM] EditorConfig support is enabled, checking for .editorconfig files
["INFO" - 2:42:50 AM] No local configuration (i.e. .prettierrc or .editorconfig) detected, will fall back to VS Code configuration
["INFO" - 2:43:26 AM] EditorConfig support is enabled, checking for .editorconfig files
["INFO" - 2:43:26 AM] No local configuration (i.e. .prettierrc or .editorconfig) detected, will fall back to VS Code configuration
["INFO" - 2:43:28 AM] EditorConfig support is enabled, checking for .editorconfig files
["INFO" - 2:43:28 AM] No local configuration (i.e. .prettierrc or .editorconfig) detected, will fall back to VS Code configuration
["INFO" - 2:43:58 AM] EditorConfig support is enabled, checking for .editorconfig files
["INFO" - 2:43:58 AM] No local configuration (i.e. .prettierrc or .editorconfig) detected, will fall back to VS Code configuration
["INFO" - 2:44:11 AM] EditorConfig support is enabled, checking for .editorconfig files
["INFO" - 2:44:11 AM] No local configuration (i.e. .prettierrc or .editorconfig) detected, will fall back to VS Code configuration
["INFO" - 2:44:13 AM] EditorConfig support is enabled, checking for .editorconfig files
["INFO" - 2:44:13 AM] No local configuration (i.e. .prettierrc or .editorconfig) detected, will fall back to VS Code configuration
["INFO" - 2:44:14 AM] EditorConfig support is enabled, checking for .editorconfig files
["INFO" - 2:44:14 AM] No local configuration (i.e. .prettierrc or .editorconfig) detected, will fall back to VS Code configuration
["INFO" - 2:44:17 AM] EditorConfig support is enabled, checking for .editorconfig files
["INFO" - 2:44:17 AM] No local configuration (i.e. .prettierrc or .editorconfig) detected, will fall back to VS Code configuration
["INFO" - 2:44:17 AM] EditorConfig support is enabled, checking for .editorconfig files
["INFO" - 2:44:17 AM] No local configuration (i.e. .prettierrc or .editorconfig) detected, will fall back to VS Code configuration
["INFO" - 2:44:24 AM] EditorConfig support is enabled, checking for .editorconfig files
["INFO" - 2:44:24 AM] No local configuration (i.e. .prettierrc or .editorconfig) detected, will fall back to VS Code configuration
["INFO" - 2:44:24 AM] EditorConfig support is enabled, checking for .editorconfig files
["INFO" - 2:44:24 AM] No local configuration (i.e. .prettierrc or .editorconfig) detected, will fall back to VS Code configuration
["INFO" - 2:44:24 AM] EditorConfig support is enabled, checking for .editorconfig files
["INFO" - 2:44:24 AM] No local configuration (i.e. .prettierrc or .editorconfig) detected, will fall back to VS Code configuration
["INFO" - 2:44:25 AM] EditorConfig support is enabled, checking for .editorconfig files
["INFO" - 2:44:25 AM] No local configuration (i.e. .prettierrc or .editorconfig) detected, will fall back to VS Code configuration
["INFO" - 2:45:29 AM] EditorConfig support is enabled, checking for .editorconfig files
["INFO" - 2:45:29 AM] No local configuration (i.e. .prettierrc or .editorconfig) detected, will fall back to VS Code configuration
["INFO" - 2:45:31 AM] EditorConfig support is enabled, checking for .editorconfig files
["INFO" - 2:45:31 AM] No local configuration (i.e. .prettierrc or .editorconfig) detected, will fall back to VS Code configuration
["INFO" - 2:45:51 AM] EditorConfig support is enabled, checking for .editorconfig files
["INFO" - 2:45:51 AM] No local configuration (i.e. .prettierrc or .editorconfig) detected, will fall back to VS Code configuration
["INFO" - 2:45:51 AM] EditorConfig support is enabled, checking for .editorconfig files
["INFO" - 2:45:51 AM] No local configuration (i.e. .prettierrc or .editorconfig) detected, will fall back to VS Code configuration
["INFO" - 2:45:58 AM] EditorConfig support is enabled, checking for .editorconfig files
["INFO" - 2:45:58 AM] No local configuration (i.e. .prettierrc or .editorconfig) detected, will fall back to VS Code configuration
["INFO" - 2:46:05 AM] EditorConfig support is enabled, checking for .editorconfig files
["INFO" - 2:46:05 AM] No local configuration (i.e. .prettierrc or .editorconfig) detected, will fall back to VS Code configuration
["INFO" - 2:46:54 AM] EditorConfig support is enabled, checking for .editorconfig files
["INFO" - 2:46:54 AM] No local configuration (i.e. .prettierrc or .editorconfig) detected, will fall back to VS Code configuration
["INFO" - 2:46:55 AM] EditorConfig support is enabled, checking for .editorconfig files
["INFO" - 2:46:55 AM] No local configuration (i.e. .prettierrc or .editorconfig) detected, will fall back to VS Code configuration
["INFO" - 2:46:55 AM] EditorConfig support is enabled, checking for .editorconfig files
["INFO" - 2:46:55 AM] No local configuration (i.e. .prettierrc or .editorconfig) detected, will fall back to VS Code configuration
["INFO" - 2:47:01 AM] EditorConfig support is enabled, checking for .editorconfig files
["INFO" - 2:47:01 AM] No local configuration (i.e. .prettierrc or .editorconfig) detected, will fall back to VS Code configuration
["INFO" - 2:47:01 AM] EditorConfig support is enabled, checking for .editorconfig files
["INFO" - 2:47:01 AM] No local configuration (i.e. .prettierrc or .editorconfig) detected, will fall back to VS Code configuration
["INFO" - 2:47:03 AM] EditorConfig support is enabled, checking for .editorconfig files
["INFO" - 2:47:03 AM] No local configuration (i.e. .prettierrc or .editorconfig) detected, will fall back to VS Code configuration
["INFO" - 2:47:28 AM] EditorConfig support is enabled, checking for .editorconfig files
["INFO" - 2:47:28 AM] No local configuration (i.e. .prettierrc or .editorconfig) detected, will fall back to VS Code configuration
["INFO" - 2:47:52 AM] EditorConfig support is enabled, checking for .editorconfig files
["INFO" - 2:47:52 AM] No local configuration (i.e. .prettierrc or .editorconfig) detected, will fall back to VS Code configuration
["INFO" - 2:47:52 AM] EditorConfig support is enabled, checking for .editorconfig files
["INFO" - 2:47:52 AM] No local configuration (i.e. .prettierrc or .editorconfig) detected, will fall back to VS Code configuration
["INFO" - 2:48:05 AM] EditorConfig support is enabled, checking for .editorconfig files
["INFO" - 2:48:05 AM] No local configuration (i.e. .prettierrc or .editorconfig) detected, will fall back to VS Code configuration
["INFO" - 2:48:23 AM] EditorConfig support is enabled, checking for .editorconfig files
["INFO" - 2:48:23 AM] No local configuration (i.e. .prettierrc or .editorconfig) detected, will fall back to VS Code configuration
["INFO" - 2:48:40 AM] EditorConfig support is enabled, checking for .editorconfig files
["INFO" - 2:48:40 AM] No local configuration (i.e. .prettierrc or .editorconfig) detected, will fall back to VS Code configuration
["INFO" - 2:49:54 AM] EditorConfig support is enabled, checking for .editorconfig files
["INFO" - 2:49:54 AM] No local configuration (i.e. .prettierrc or .editorconfig) detected, will fall back to VS Code configuration
["INFO" - 2:51:58 AM] EditorConfig support is enabled, checking for .editorconfig files
["INFO" - 2:51:58 AM] No local configuration (i.e. .prettierrc or .editorconfig) detected, will fall back to VS Code configuration
["INFO" - 2:52:10 AM] EditorConfig support is enabled, checking for .editorconfig files
["INFO" - 2:52:10 AM] No local configuration (i.e. .prettierrc or .editorconfig) detected, will fall back to VS Code configuration
["INFO" - 2:52:21 AM] EditorConfig support is enabled, checking for .editorconfig files
["INFO" - 2:52:21 AM] No local configuration (i.e. .prettierrc or .editorconfig) detected, will fall back to VS Code configuration
["INFO" - 2:52:22 AM] EditorConfig support is enabled, checking for .editorconfig files
["INFO" - 2:52:22 AM] No local configuration (i.e. .prettierrc or .editorconfig) detected, will fall back to VS Code configuration
["INFO" - 2:52:23 AM] EditorConfig support is enabled, checking for .editorconfig files
["INFO" - 2:52:23 AM] No local configuration (i.e. .prettierrc or .editorconfig) detected, will fall back to VS Code configuration
["INFO" - 2:52:23 AM] EditorConfig support is enabled, checking for .editorconfig files
["INFO" - 2:52:23 AM] No local configuration (i.e. .prettierrc or .editorconfig) detected, will fall back to VS Code configuration
["INFO" - 2:52:25 AM] EditorConfig support is enabled, checking for .editorconfig files
["INFO" - 2:52:25 AM] No local configuration (i.e. .prettierrc or .editorconfig) detected, will fall back to VS Code configuration
["INFO" - 2:52:28 AM] EditorConfig support is enabled, checking for .editorconfig files
["INFO" - 2:52:28 AM] No local configuration (i.e. .prettierrc or .editorconfig) detected, will fall back to VS Code configuration
["INFO" - 2:52:38 AM] EditorConfig support is enabled, checking for .editorconfig files
["INFO" - 2:52:38 AM] No local configuration (i.e. .prettierrc or .editorconfig) detected, will fall back to VS Code configuration
["INFO" - 2:52:38 AM] EditorConfig support is enabled, checking for .editorconfig files
["INFO" - 2:52:38 AM] No local configuration (i.e. .prettierrc or .editorconfig) detected, will fall back to VS Code configuration
["INFO" - 2:52:39 AM] EditorConfig support is enabled, checking for .editorconfig files
["INFO" - 2:52:39 AM] No local configuration (i.e. .prettierrc or .editorconfig) detected, will fall back to VS Code configuration
["INFO" - 2:52:39 AM] EditorConfig support is enabled, checking for .editorconfig files
["INFO" - 2:52:39 AM] No local configuration (i.e. .prettierrc or .editorconfig) detected, will fall back to VS Code configuration
["INFO" - 2:52:40 AM] EditorConfig support is enabled, checking for .editorconfig files
["INFO" - 2:52:40 AM] No local configuration (i.e. .prettierrc or .editorconfig) detected, will fall back to VS Code configuration
["INFO" - 2:52:56 AM] EditorConfig support is enabled, checking for .editorconfig files
["INFO" - 2:52:56 AM] No local configuration (i.e. .prettierrc or .editorconfig) detected, will fall back to VS Code configuration
["INFO" - 2:54:19 AM] EditorConfig support is enabled, checking for .editorconfig files
["INFO" - 2:54:19 AM] No local configuration (i.e. .prettierrc or .editorconfig) detected, will fall back to VS Code configuration
["INFO" - 2:54:21 AM] EditorConfig support is enabled, checking for .editorconfig files
["INFO" - 2:54:21 AM] No local configuration (i.e. .prettierrc or .editorconfig) detected, will fall back to VS Code configuration
["INFO" - 2:54:22 AM] EditorConfig support is enabled, checking for .editorconfig files
["INFO" - 2:54:22 AM] No local configuration (i.e. .prettierrc or .editorconfig) detected, will fall back to VS Code configuration
["INFO" - 2:54:22 AM] EditorConfig support is enabled, checking for .editorconfig files
["INFO" - 2:54:22 AM] No local configuration (i.e. .prettierrc or .editorconfig) detected, will fall back to VS Code configuration
["INFO" - 2:54:23 AM] EditorConfig support is enabled, checking for .editorconfig files
["INFO" - 2:54:23 AM] No local configuration (i.e. .prettierrc or .editorconfig) detected, will fall back to VS Code configuration
["INFO" - 2:54:25 AM] EditorConfig support is enabled, checking for .editorconfig files
["INFO" - 2:54:25 AM] No local configuration (i.e. .prettierrc or .editorconfig) detected, will fall back to VS Code configuration
["INFO" - 2:55:01 AM] EditorConfig support is enabled, checking for .editorconfig files
["INFO" - 2:55:01 AM] No local configuration (i.e. .prettierrc or .editorconfig) detected, will fall back to VS Code configuration
["INFO" - 2:55:08 AM] EditorConfig support is enabled, checking for .editorconfig files
["INFO" - 2:55:08 AM] No local configuration (i.e. .prettierrc or .editorconfig) detected, will fall back to VS Code configuration
["INFO" - 2:55:08 AM] EditorConfig support is enabled, checking for .editorconfig files
["INFO" - 2:55:08 AM] No local configuration (i.e. .prettierrc or .editorconfig) detected, will fall back to VS Code configuration
["INFO" - 2:55:10 AM] EditorConfig support is enabled, checking for .editorconfig files
["INFO" - 2:55:10 AM] No local configuration (i.e. .prettierrc or .editorconfig) detected, will fall back to VS Code configuration
["INFO" - 2:55:24 AM] EditorConfig support is enabled, checking for .editorconfig files
["INFO" - 2:55:24 AM] No local configuration (i.e. .prettierrc or .editorconfig) detected, will fall back to VS Code configuration
["INFO" - 2:56:05 AM] EditorConfig support is enabled, checking for .editorconfig files
["INFO" - 2:56:05 AM] No local configuration (i.e. .prettierrc or .editorconfig) detected, will fall back to VS Code configuration
["INFO" - 2:56:18 AM] EditorConfig support is enabled, checking for .editorconfig files
["INFO" - 2:56:18 AM] No local configuration (i.e. .prettierrc or .editorconfig) detected, will fall back to VS Code configuration
["INFO" - 2:56:22 AM] EditorConfig support is enabled, checking for .editorconfig files
["INFO" - 2:56:22 AM] No local configuration (i.e. .prettierrc or .editorconfig) detected, will fall back to VS Code configuration
["INFO" - 2:56:27 AM] EditorConfig support is enabled, checking for .editorconfig files
["INFO" - 2:56:27 AM] No local configuration (i.e. .prettierrc or .editorconfig) detected, will fall back to VS Code configuration
["INFO" - 2:56:43 AM] EditorConfig support is enabled, checking for .editorconfig files
["INFO" - 2:56:43 AM] No local configuration (i.e. .prettierrc or .editorconfig) detected, will fall back to VS Code configuration
["INFO" - 2:56:45 AM] EditorConfig support is enabled, checking for .editorconfig files
["INFO" - 2:56:45 AM] No local configuration (i.e. .prettierrc or .editorconfig) detected, will fall back to VS Code configuration
["INFO" - 2:56:45 AM] EditorConfig support is enabled, checking for .editorconfig files
["INFO" - 2:56:45 AM] No local configuration (i.e. .prettierrc or .editorconfig) detected, will fall back to VS Code configuration
["INFO" - 2:57:03 AM] EditorConfig support is enabled, checking for .editorconfig files
["INFO" - 2:57:03 AM] No local configuration (i.e. .prettierrc or .editorconfig) detected, will fall back to VS Code configuration
["INFO" - 2:57:13 AM] EditorConfig support is enabled, checking for .editorconfig files
["INFO" - 2:57:13 AM] No local configuration (i.e. .prettierrc or .editorconfig) detected, will fall back to VS Code configuration
["INFO" - 2:57:36 AM] EditorConfig support is enabled, checking for .editorconfig files
["INFO" - 2:57:36 AM] No local configuration (i.e. .prettierrc or .editorconfig) detected, will fall back to VS Code configuration
["INFO" - 2:57:37 AM] EditorConfig support is enabled, checking for .editorconfig files
["INFO" - 2:57:37 AM] No local configuration (i.e. .prettierrc or .editorconfig) detected, will fall back to VS Code configuration
["INFO" - 2:57:52 AM] EditorConfig support is enabled, checking for .editorconfig files
["INFO" - 2:57:52 AM] No local configuration (i.e. .prettierrc or .editorconfig) detected, will fall back to VS Code configuration
["INFO" - 2:58:09 AM] EditorConfig support is enabled, checking for .editorconfig files
["INFO" - 2:58:09 AM] No local configuration (i.e. .prettierrc or .editorconfig) detected, will fall back to VS Code configuration
["INFO" - 2:58:09 AM] EditorConfig support is enabled, checking for .editorconfig files
["INFO" - 2:58:09 AM] No local configuration (i.e. .prettierrc or .editorconfig) detected, will fall back to VS Code configuration
["INFO" - 2:58:28 AM] EditorConfig support is enabled, checking for .editorconfig files
["INFO" - 2:58:28 AM] No local configuration (i.e. .prettierrc or .editorconfig) detected, will fall back to VS Code configuration
["INFO" - 2:58:36 AM] EditorConfig support is enabled, checking for .editorconfig files
["INFO" - 2:58:36 AM] No local configuration (i.e. .prettierrc or .editorconfig) detected, will fall back to VS Code configuration
["INFO" - 2:58:44 AM] EditorConfig support is enabled, checking for .editorconfig files
["INFO" - 2:58:44 AM] No local configuration (i.e. .prettierrc or .editorconfig) detected, will fall back to VS Code configuration
["INFO" - 2:58:49 AM] EditorConfig support is enabled, checking for .editorconfig files
["INFO" - 2:58:49 AM] No local configuration (i.e. .prettierrc or .editorconfig) detected, will fall back to VS Code configuration
["INFO" - 2:59:23 AM] EditorConfig support is enabled, checking for .editorconfig files
["INFO" - 2:59:23 AM] No local configuration (i.e. .prettierrc or .editorconfig) detected, will fall back to VS Code configuration
["INFO" - 2:59:30 AM] EditorConfig support is enabled, checking for .editorconfig files
["INFO" - 2:59:30 AM] No local configuration (i.e. .prettierrc or .editorconfig) detected, will fall back to VS Code configuration
["INFO" - 3:02:10 AM] EditorConfig support is enabled, checking for .editorconfig files
["INFO" - 3:02:10 AM] No local configuration (i.e. .prettierrc or .editorconfig) detected, will fall back to VS Code configuration
["INFO" - 3:02:24 AM] EditorConfig support is enabled, checking for .editorconfig files
["INFO" - 3:02:24 AM] No local configuration (i.e. .prettierrc or .editorconfig) detected, will fall back to VS Code configuration
["INFO" - 3:02:40 AM] EditorConfig support is enabled, checking for .editorconfig files
["INFO" - 3:02:40 AM] No local configuration (i.e. .prettierrc or .editorconfig) detected, will fall back to VS Code configuration
["INFO" - 3:03:21 AM] EditorConfig support is enabled, checking for .editorconfig files
["INFO" - 3:03:21 AM] No local configuration (i.e. .prettierrc or .editorconfig) detected, will fall back to VS Code configuration
["INFO" - 3:03:22 AM] EditorConfig support is enabled, checking for .editorconfig files
["INFO" - 3:03:22 AM] No local configuration (i.e. .prettierrc or .editorconfig) detected, will fall back to VS Code configuration
["INFO" - 3:04:52 AM] EditorConfig support is enabled, checking for .editorconfig files
["INFO" - 3:04:52 AM] No local configuration (i.e. .prettierrc or .editorconfig) detected, will fall back to VS Code configuration
["INFO" - 3:04:55 AM] EditorConfig support is enabled, checking for .editorconfig files
["INFO" - 3:04:55 AM] No local configuration (i.e. .prettierrc or .editorconfig) detected, will fall back to VS Code configuration
["INFO" - 3:05:37 AM] EditorConfig support is enabled, checking for .editorconfig files
["INFO" - 3:05:37 AM] No local configuration (i.e. .prettierrc or .editorconfig) detected, will fall back to VS Code configuration
["INFO" - 3:05:52 AM] EditorConfig support is enabled, checking for .editorconfig files
["INFO" - 3:05:52 AM] No local configuration (i.e. .prettierrc or .editorconfig) detected, will fall back to VS Code configuration
["INFO" - 3:05:53 AM] EditorConfig support is enabled, checking for .editorconfig files
["INFO" - 3:05:53 AM] No local configuration (i.e. .prettierrc or .editorconfig) detected, will fall back to VS Code configuration
["INFO" - 3:07:08 AM] EditorConfig support is enabled, checking for .editorconfig files
["INFO" - 3:07:08 AM] No local configuration (i.e. .prettierrc or .editorconfig) detected, will fall back to VS Code configuration
["INFO" - 3:07:11 AM] EditorConfig support is enabled, checking for .editorconfig files
["INFO" - 3:07:11 AM] No local configuration (i.e. .prettierrc or .editorconfig) detected, will fall back to VS Code configuration
["INFO" - 3:07:21 AM] EditorConfig support is enabled, checking for .editorconfig files
["INFO" - 3:07:21 AM] No local configuration (i.e. .prettierrc or .editorconfig) detected, will fall back to VS Code configuration
["INFO" - 3:07:28 AM] EditorConfig support is enabled, checking for .editorconfig files
["INFO" - 3:07:28 AM] No local configuration (i.e. .prettierrc or .editorconfig) detected, will fall back to VS Code configuration
["INFO" - 3:07:32 AM] EditorConfig support is enabled, checking for .editorconfig files
["INFO" - 3:07:32 AM] No local configuration (i.e. .prettierrc or .editorconfig) detected, will fall back to VS Code configuration
["INFO" - 3:07:55 AM] EditorConfig support is enabled, checking for .editorconfig files
["INFO" - 3:07:55 AM] No local configuration (i.e. .prettierrc or .editorconfig) detected, will fall back to VS Code configuration
["INFO" - 3:08:07 AM] EditorConfig support is enabled, checking for .editorconfig files
["INFO" - 3:08:07 AM] No local configuration (i.e. .prettierrc or .editorconfig) detected, will fall back to VS Code configuration
["INFO" - 3:09:06 AM] EditorConfig support is enabled, checking for .editorconfig files
["INFO" - 3:09:06 AM] No local configuration (i.e. .prettierrc or .editorconfig) detected, will fall back to VS Code configuration
["INFO" - 3:09:16 AM] EditorConfig support is enabled, checking for .editorconfig files
["INFO" - 3:09:16 AM] No local configuration (i.e. .prettierrc or .editorconfig) detected, will fall back to VS Code configuration
["INFO" - 3:09:17 AM] EditorConfig support is enabled, checking for .editorconfig files
["INFO" - 3:09:17 AM] No local configuration (i.e. .prettierrc or .editorconfig) detected, will fall back to VS Code configuration
["INFO" - 3:09:19 AM] EditorConfig support is enabled, checking for .editorconfig files
["INFO" - 3:09:19 AM] No local configuration (i.e. .prettierrc or .editorconfig) detected, will fall back to VS Code configuration
["INFO" - 3:09:29 AM] EditorConfig support is enabled, checking for .editorconfig files
["INFO" - 3:09:29 AM] No local configuration (i.e. .prettierrc or .editorconfig) detected, will fall back to VS Code configuration
["INFO" - 3:09:50 AM] EditorConfig support is enabled, checking for .editorconfig files
["INFO" - 3:09:50 AM] No local configuration (i.e. .prettierrc or .editorconfig) detected, will fall back to VS Code configuration
