2026-09-16 22:58:21.447 [info] [RemoteAgentHost] Reconciling: desired=[], current=[]
2026-09-16 22:58:21.477 [info] [AgentHost:renderer] Acquiring MessagePort to agent host...
2026-09-16 22:58:21.667 [info] [ChatModelSelection] event=no-model-at-toolbar-build surface="workbench" sessionKey=undefined conversationKey=undefined modelTarget=undefined storageKey="chat.currentLanguageModel.panel" widgetViewKind="view"
2026-09-16 22:58:21.905 [info] [AgentHost:renderer] MessagePort acquired, creating client...
2026-09-16 22:58:21.967 [info] [ChatModelSelection] event=no-model-at-toolbar-build surface="workbench" sessionKey="local" conversationKey="vscode-chat-session://local/OWJiOGFhMmQtZGZhMS00NWQyLWI2MjQtN2JkNWMxMjQzNTQ0" modelTarget=undefined storageKey="chat.currentLanguageModel.panel" widgetViewKind="view"
2026-09-16 22:58:22.080 [info] Started local extension host with pid 29137.
2026-09-16 22:58:22.360 [info] [AgentHost:renderer] Protocol connection established; clientId=de4997d7-50db-44fe-9e9b-1baea3c825b6
2026-09-16 22:58:22.910 [info] [RemoteAgentHostProtocol] Mirroring configuration to host root config from DEFAULT: byokModelsEnabled=true (chat.agentHost.byokModels.enabled)
2026-09-16 22:58:23.982 [info] [AccountPolicyGate] apply: state=inactive, reason=undefined, isRestricted=false
2026-09-16 22:58:24.281 [info] [ChatModelSelection] event=no-model-at-toolbar-build surface="workbench" sessionKey="local" conversationKey="vscode-chat-session://local/OWJiOGFhMmQtZGZhMS00NWQyLWI2MjQtN2JkNWMxMjQzNTQ0" modelTarget=undefined storageKey="chat.currentLanguageModel.panel" widgetViewKind="view"
2026-09-16 22:58:24.402 [info] [ChatModelSelection] event=no-model-at-toolbar-build surface="workbench" sessionKey="local" conversationKey="vscode-chat-session://local/OWJiOGFhMmQtZGZhMS00NWQyLWI2MjQtN2JkNWMxMjQzNTQ0" modelTarget=undefined storageKey="chat.currentLanguageModel.panel" widgetViewKind="view"
2026-09-16 22:58:24.413 [error] [Extension Host] (node:29137) [DEP0040] DeprecationWarning: The `punycode` module is deprecated. Please use a userland alternative instead.
(Use `exe --trace-deprecation ...` to show where the warning was created)
2026-09-16 22:58:24.748 [info] [ChatModelSelection] event=no-model-at-toolbar-build surface="workbench" sessionKey="local" conversationKey="vscode-chat-session://local/OWJiOGFhMmQtZGZhMS00NWQyLWI2MjQtN2JkNWMxMjQzNTQ0" modelTarget=undefined storageKey="chat.currentLanguageModel.panel" widgetViewKind="view"
2026-09-16 22:58:24.877 [info] [ChatModelSelection] event=no-model-at-toolbar-build surface="workbench" sessionKey="local" conversationKey="vscode-chat-session://local/OWJiOGFhMmQtZGZhMS00NWQyLWI2MjQtN2JkNWMxMjQzNTQ0" modelTarget=undefined storageKey="chat.currentLanguageModel.panel" widgetViewKind="view"
2026-09-16 22:58:24.927 [info] [perf] Render performance baseline is 17ms
2026-09-16 22:58:25.025 [error] [Extension Host] (node:29137) [DEP0169] DeprecationWarning: `url.parse()` behavior is not standardized and prone to errors that have security implications. Use the WHATWG URL API instead. CVEs are not issued for `url.parse()` vulnerabilities.
2026-09-16 22:58:25.026 [info] Settings Sync: Account status changed from uninitialized to unavailable
2026-09-16 22:58:25.110 [info] [ChatModelSelection] event=no-model-at-toolbar-build surface="workbench" sessionKey="local" conversationKey="vscode-chat-session://local/OWJiOGFhMmQtZGZhMS00NWQyLWI2MjQtN2JkNWMxMjQzNTQ0" modelTarget=undefined storageKey="chat.currentLanguageModel.panel" widgetViewKind="view"
2026-09-16 22:58:25.158 [info] [AgentHost] No signed-in session resolved for resource: https://api.github.com
2026-09-16 22:58:25.455 [info] [AgentHost] No signed-in session resolved for resource: https://api.github.com/repos
2026-09-16 22:58:25.466 [info] [AgentHost] No signed-in session resolved for resource: https://api.github.com
2026-09-16 22:58:25.467 [info] [AgentHost] No signed-in session resolved for resource: https://api.github.com/repos
2026-09-16 22:58:28.982 [info] [AccountPolicyGate] apply: state=inactive, reason=undefined, isRestricted=false
