2026-09-16 22:58:23.465 [info] Reading sessions from keychain...
2026-09-16 22:58:23.465 [info] Getting sessions for all scopes...
2026-09-16 22:58:23.561 [info] Got 0 sessions for all scopes...
2026-09-16 22:58:23.561 [info] Getting sessions for all scopes...
2026-09-16 22:58:23.561 [info] Got 0 sessions for all scopes...
2026-09-16 22:58:23.561 [info] Getting sessions for all scopes...
2026-09-16 22:58:23.561 [info] Got 0 sessions for all scopes...
2026-09-16 22:58:23.562 [info] Getting sessions for all scopes...
2026-09-16 22:58:23.562 [info] Got 0 sessions for all scopes...
2026-09-16 22:58:23.629 [info] Getting sessions for all scopes...
2026-09-16 22:58:23.629 [info] Got 0 sessions for all scopes...
2026-09-16 22:58:24.945 [info] Getting sessions for all scopes...
2026-09-16 22:58:24.945 [info] Got 0 sessions for all scopes...
2026-09-16 22:58:24.955 [info] Getting sessions for read:user,user:email...
2026-09-16 22:58:24.955 [info] Got 0 sessions for read:user,user:email...
2026-09-16 22:58:25.025 [info] Getting sessions for user:email...
2026-09-16 22:58:25.025 [info] Got 0 sessions for user:email...
2026-09-16 22:58:25.136 [info] Getting sessions for all scopes...
2026-09-16 22:58:25.136 [info] Got 0 sessions for all scopes...
2026-09-16 22:58:25.142 [info] Getting sessions for all scopes...
2026-09-16 22:58:25.143 [info] Got 0 sessions for all scopes...
2026-09-16 22:58:25.271 [info] Getting sessions for repo...
2026-09-16 22:58:25.271 [info] Got 0 sessions for repo...
2026-09-16 22:58:25.341 [info] Getting sessions for read:user,repo,user:email,workflow...
2026-09-16 22:58:25.341 [info] Got 0 sessions for read:user,repo,user:email,workflow...
2026-09-16 22:58:25.370 [info] Getting sessions for all scopes...
2026-09-16 22:58:25.370 [info] Got 0 sessions for all scopes...
2026-09-16 22:58:25.455 [info] Getting sessions for read:user,user:email...
2026-09-16 22:58:25.455 [info] Got 0 sessions for read:user,user:email...
2026-09-16 22:58:25.461 [info] Getting sessions for all scopes...
2026-09-16 22:58:25.461 [info] Got 0 sessions for all scopes...
2026-09-16 22:58:25.461 [info] Getting sessions for read:user,repo,user:email...
2026-09-16 22:58:25.461 [info] Got 0 sessions for read:user,repo,user:email...
2026-09-16 22:58:25.466 [info] Getting sessions for repo...
2026-09-16 22:58:25.466 [info] Got 0 sessions for repo...
2026-09-16 22:58:25.467 [info] Getting sessions for all scopes...
2026-09-16 22:58:25.467 [info] Got 0 sessions for all scopes...
2026-09-16 22:58:25.468 [info] Getting sessions for project,read:org,read:user,repo,user:email,workflow...
2026-09-16 22:58:25.468 [info] Got 0 sessions for project,read:org,read:user,repo,user:email,workflow...
2026-09-16 22:58:25.469 [info] Getting sessions for read:user,repo,user:email,workflow...
2026-09-16 22:58:25.469 [info] Got 0 sessions for read:user,repo,user:email,workflow...
