2026-09-14 10:26:21.951 [info] [RemoteAgentHost] Reconciling: desired=[], current=[]
2026-09-14 10:26:21.984 [info] [AgentHost:renderer] Acquiring MessagePort to agent host...
2026-09-14 10:26:22.222 [info] [ChatModelSelection] event=no-model-at-toolbar-build surface="workbench" sessionKey=undefined conversationKey=undefined modelTarget=undefined storageKey="chat.currentLanguageModel.panel" widgetViewKind="view"
2026-09-14 10:26:22.512 [info] [AgentHost:renderer] MessagePort acquired, creating client...
2026-09-14 10:26:22.514 [info] [ChatModelSelection] event=no-model-at-toolbar-build surface="workbench" sessionKey="local" conversationKey="vscode-chat-session://local/MzE1NGVhMzMtZWRkMi00MTQ3LTliOWMtYzA4MDJiMmE1ZDIw" modelTarget=undefined storageKey="chat.currentLanguageModel.panel" widgetViewKind="view"
2026-09-14 10:26:22.579 [info] Started local extension host with pid 1759.
2026-09-14 10:26:22.583 [info] [AgentHost:renderer] Protocol connection established; clientId=a28c664b-f5af-4f0d-837d-105f9c8e2d3b
2026-09-14 10:26:22.636 [info] Started initializing default profile extensions in extensions installation folder. file:///home/hydramous/.vscode-oss/extensions
2026-09-14 10:26:22.828 [info] Completed initializing default profile extensions in extensions installation folder. file:///home/hydramous/.vscode-oss/extensions
2026-09-14 10:26:24.436 [info] [AccountPolicyGate] apply: state=inactive, reason=undefined, isRestricted=false
2026-09-14 10:26:27.221 [info] [AgentHost] No signed-in session resolved for resource: https://api.github.com
2026-09-14 10:26:27.226 [info] [ChatModelSelection] event=no-model-at-toolbar-build surface="workbench" sessionKey="local" conversationKey="vscode-chat-session://local/MzE1NGVhMzMtZWRkMi00MTQ3LTliOWMtYzA4MDJiMmE1ZDIw" modelTarget=undefined storageKey="chat.currentLanguageModel.panel" widgetViewKind="view"
2026-09-14 10:26:27.238 [info] [AgentHost] No signed-in session resolved for resource: https://api.github.com
2026-09-14 10:26:27.239 [info] [AgentHost] No signed-in session resolved for resource: https://api.github.com
2026-09-14 10:26:27.239 [info] [AgentHost] No signed-in session resolved for resource: https://api.github.com
2026-09-14 10:26:27.239 [info] [AgentHost] No signed-in session resolved for resource: https://api.github.com
2026-09-14 10:26:27.239 [info] [AgentHost] No signed-in session resolved for resource: https://api.github.com
2026-09-14 10:26:27.239 [info] [AgentHost] No signed-in session resolved for resource: https://api.github.com
2026-09-14 10:26:27.240 [info] [AgentHost] No signed-in session resolved for resource: https://api.github.com
2026-09-14 10:26:27.240 [info] [AgentHost] No signed-in session resolved for resource: https://api.github.com
2026-09-14 10:26:27.240 [info] [AgentHost] No signed-in session resolved for resource: https://api.github.com
2026-09-14 10:26:27.240 [info] [AgentHost] No signed-in session resolved for resource: https://api.github.com
2026-09-14 10:26:27.240 [info] [AgentHost] No signed-in session resolved for resource: https://api.github.com
2026-09-14 10:26:27.241 [info] [AgentHost] No signed-in session resolved for resource: https://api.github.com
2026-09-14 10:26:27.247 [info] [AgentHost] No signed-in session resolved for resource: https://api.github.com
2026-09-14 10:26:27.250 [info] [AgentHost] No signed-in session resolved for resource: https://api.github.com
2026-09-14 10:26:27.250 [info] [AgentHost] No signed-in session resolved for resource: https://api.github.com/repos
2026-09-14 10:26:27.258 [info] [AgentHost] No signed-in session resolved for resource: https://api.github.com/repos
2026-09-14 10:26:27.258 [info] [AgentHost] No signed-in session resolved for resource: https://api.github.com/repos
2026-09-14 10:26:27.258 [info] [AgentHost] No signed-in session resolved for resource: https://api.github.com/repos
2026-09-14 10:26:27.258 [info] [AgentHost] No signed-in session resolved for resource: https://api.github.com/repos
2026-09-14 10:26:27.258 [info] [AgentHost] No signed-in session resolved for resource: https://api.github.com/repos
2026-09-14 10:26:27.258 [info] [AgentHost] No signed-in session resolved for resource: https://api.github.com/repos
2026-09-14 10:26:27.258 [info] [AgentHost] No signed-in session resolved for resource: https://api.github.com/repos
2026-09-14 10:26:27.259 [info] [AgentHost] No signed-in session resolved for resource: https://api.github.com/repos
2026-09-14 10:26:27.259 [info] [AgentHost] No signed-in session resolved for resource: https://api.github.com/repos
2026-09-14 10:26:27.261 [info] [AgentHost] No signed-in session resolved for resource: https://api.github.com/repos
2026-09-14 10:26:27.262 [info] [AgentHost] No signed-in session resolved for resource: https://api.github.com/repos
2026-09-14 10:26:27.263 [info] [AgentHost] No signed-in session resolved for resource: https://api.github.com/repos
2026-09-14 10:26:27.267 [info] [AgentHost] No signed-in session resolved for resource: https://api.github.com/repos
2026-09-14 10:26:27.268 [info] [AgentHost] No signed-in session resolved for resource: https://api.github.com/repos
2026-09-14 10:26:27.506 [info] [ChatModelSelection] event=no-model-at-toolbar-build surface="workbench" sessionKey="local" conversationKey="vscode-chat-session://local/MzE1NGVhMzMtZWRkMi00MTQ3LTliOWMtYzA4MDJiMmE1ZDIw" modelTarget=undefined storageKey="chat.currentLanguageModel.panel" widgetViewKind="view"
2026-09-14 10:26:27.847 [info] [perf] Render performance baseline is 18ms
2026-09-14 10:26:29.437 [info] [AccountPolicyGate] apply: state=inactive, reason=undefined, isRestricted=false
2026-09-14 10:26:36.641 [info] [ChatModelSelection] event=no-model-at-toolbar-build surface="workbench" sessionKey="local" conversationKey="vscode-chat-session://local/MzE1NGVhMzMtZWRkMi00MTQ3LTliOWMtYzA4MDJiMmE1ZDIw" modelTarget=undefined storageKey="chat.currentLanguageModel.panel" widgetViewKind="view"
2026-09-14 10:26:39.307 [info] [ChatModelSelection] event=no-model-at-toolbar-build surface="workbench" sessionKey="local" conversationKey="vscode-chat-session://local/MzE1NGVhMzMtZWRkMi00MTQ3LTliOWMtYzA4MDJiMmE1ZDIw" modelTarget=undefined storageKey="chat.currentLanguageModel.panel" widgetViewKind="view"
2026-09-14 10:42:29.479 [error] spawn truecolor ENOENT: Error: spawn truecolor ENOENT
    at ChildProcess._handle.onexit (node:internal/child_process:287:19)
    at onErrorNT (node:internal/child_process:508:16)
    at process.processTicksAndRejections (node:internal/process/task_queues:90:21)
