2026-09-16 01:15:13.059 [info] [RemoteAgentHost] Reconciling: desired=[], current=[]
2026-09-16 01:15:13.088 [info] [AgentHost:renderer] Acquiring MessagePort to agent host...
2026-09-16 01:15:13.273 [info] [ChatModelSelection] event=no-model-at-toolbar-build surface="workbench" sessionKey=undefined conversationKey=undefined modelTarget=undefined storageKey="chat.currentLanguageModel.panel" widgetViewKind="view"
2026-09-16 01:15:13.515 [info] [AgentHost:renderer] MessagePort acquired, creating client...
2026-09-16 01:15:13.598 [info] [ChatModelSelection] event=no-model-at-toolbar-build surface="workbench" sessionKey="local" conversationKey="vscode-chat-session://local/NmIzOThlZTUtMjYxYS00MDlmLTk1YzQtNmRhNmVjMmJiZDk3" modelTarget=undefined storageKey="chat.currentLanguageModel.panel" widgetViewKind="view"
2026-09-16 01:15:13.724 [info] Started local extension host with pid 1917.
2026-09-16 01:15:13.894 [warning] [ms-toolsai.vscode-jupyter-cell-tags]: View container 'jupyter-variables' does not exist and all views registered to it will be added to 'Explorer'.
2026-09-16 01:15:13.992 [info] [AgentHost:renderer] Protocol connection established; clientId=981d6304-4991-4400-bb69-eedfbddc4127
2026-09-16 01:15:14.481 [info] [RemoteAgentHostProtocol] Mirroring configuration to host root config from DEFAULT: byokModelsEnabled=true (chat.agentHost.byokModels.enabled)
2026-09-16 01:15:15.574 [info] [AccountPolicyGate] apply: state=inactive, reason=undefined, isRestricted=false
2026-09-16 01:15:15.910 [info] [ChatModelSelection] event=no-model-at-toolbar-build surface="workbench" sessionKey="local" conversationKey="vscode-chat-session://local/NmIzOThlZTUtMjYxYS00MDlmLTk1YzQtNmRhNmVjMmJiZDk3" modelTarget=undefined storageKey="chat.currentLanguageModel.panel" widgetViewKind="view"
2026-09-16 01:15:15.976 [info] [ChatModelSelection] event=no-model-at-toolbar-build surface="workbench" sessionKey="local" conversationKey="vscode-chat-session://local/NmIzOThlZTUtMjYxYS00MDlmLTk1YzQtNmRhNmVjMmJiZDk3" modelTarget=undefined storageKey="chat.currentLanguageModel.panel" widgetViewKind="view"
2026-09-16 01:15:16.396 [info] [AgentHost] No signed-in session resolved for resource: https://api.github.com
2026-09-16 01:15:16.397 [info] [AgentHost] No signed-in session resolved for resource: https://api.github.com
2026-09-16 01:15:16.397 [info] [AgentHost] No signed-in session resolved for resource: https://api.github.com
2026-09-16 01:15:16.608 [info] [AgentHost] No signed-in session resolved for resource: https://api.github.com/repos
2026-09-16 01:15:16.608 [info] [AgentHost] No signed-in session resolved for resource: https://api.github.com/repos
2026-09-16 01:15:16.609 [info] [AgentHost] No signed-in session resolved for resource: https://api.github.com/repos
2026-09-16 01:15:16.672 [info] [ChatModelSelection] event=no-model-at-toolbar-build surface="workbench" sessionKey="local" conversationKey="vscode-chat-session://local/NmIzOThlZTUtMjYxYS00MDlmLTk1YzQtNmRhNmVjMmJiZDk3" modelTarget=undefined storageKey="chat.currentLanguageModel.panel" widgetViewKind="view"
2026-09-16 01:15:17.101 [info] [ChatModelSelection] event=no-model-at-toolbar-build surface="workbench" sessionKey="local" conversationKey="vscode-chat-session://local/NmIzOThlZTUtMjYxYS00MDlmLTk1YzQtNmRhNmVjMmJiZDk3" modelTarget=undefined storageKey="chat.currentLanguageModel.panel" widgetViewKind="view"
2026-09-16 01:15:17.239 [info] [AgentHost] No signed-in session resolved for resource: https://api.github.com
2026-09-16 01:15:17.239 [info] [AgentHost] No signed-in session resolved for resource: https://api.github.com
2026-09-16 01:15:17.239 [info] [AgentHost] No signed-in session resolved for resource: https://api.github.com
2026-09-16 01:15:17.362 [info] [ChatModelSelection] event=no-model-at-toolbar-build surface="workbench" sessionKey="local" conversationKey="vscode-chat-session://local/NmIzOThlZTUtMjYxYS00MDlmLTk1YzQtNmRhNmVjMmJiZDk3" modelTarget=undefined storageKey="chat.currentLanguageModel.panel" widgetViewKind="view"
2026-09-16 01:15:17.888 [error] [Extension Host] (node:1917) [DEP0040] DeprecationWarning: The `punycode` module is deprecated. Please use a userland alternative instead.
(Use `exe --trace-deprecation ...` to show where the warning was created)
2026-09-16 01:15:17.964 [info] [ChatModelSelection] event=no-model-at-toolbar-build surface="workbench" sessionKey="local" conversationKey="vscode-chat-session://local/NmIzOThlZTUtMjYxYS00MDlmLTk1YzQtNmRhNmVjMmJiZDk3" modelTarget=undefined storageKey="chat.currentLanguageModel.panel" widgetViewKind="view"
2026-09-16 01:15:18.203 [info] [ChatModelSelection] event=no-model-at-toolbar-build surface="workbench" sessionKey="local" conversationKey="vscode-chat-session://local/NmIzOThlZTUtMjYxYS00MDlmLTk1YzQtNmRhNmVjMmJiZDk3" modelTarget=undefined storageKey="chat.currentLanguageModel.panel" widgetViewKind="view"
2026-09-16 01:15:18.473 [error] [Extension Host] (node:1917) [DEP0169] DeprecationWarning: `url.parse()` behavior is not standardized and prone to errors that have security implications. Use the WHATWG URL API instead. CVEs are not issued for `url.parse()` vulnerabilities.
2026-09-16 01:15:18.473 [info] Settings Sync: Account status changed from uninitialized to unavailable
2026-09-16 01:15:18.563 [info] [AgentHost] No signed-in session resolved for resource: https://api.github.com/repos
2026-09-16 01:15:18.564 [info] [AgentHost] No signed-in session resolved for resource: https://api.github.com/repos
2026-09-16 01:15:18.564 [info] [AgentHost] No signed-in session resolved for resource: https://api.github.com/repos
2026-09-16 01:15:18.938 [info] [AgentHost] No signed-in session resolved for resource: https://api.github.com
2026-09-16 01:15:19.084 [info] [AgentHost] No signed-in session resolved for resource: https://api.github.com/repos
2026-09-16 01:15:19.133 [info] [AgentHost] No signed-in session resolved for resource: https://api.github.com
2026-09-16 01:15:19.141 [info] [AgentHost] No signed-in session resolved for resource: https://api.github.com/repos
2026-09-16 01:15:19.804 [info] [ChatModelSelection] event=no-model-at-toolbar-build surface="workbench" sessionKey="local" conversationKey="vscode-chat-session://local/NmIzOThlZTUtMjYxYS00MDlmLTk1YzQtNmRhNmVjMmJiZDk3" modelTarget=undefined storageKey="chat.currentLanguageModel.panel" widgetViewKind="view"
2026-09-16 01:15:20.006 [info] [ChatModelSelection] event=no-model-at-toolbar-build surface="workbench" sessionKey="local" conversationKey="vscode-chat-session://local/NmIzOThlZTUtMjYxYS00MDlmLTk1YzQtNmRhNmVjMmJiZDk3" modelTarget=undefined storageKey="chat.currentLanguageModel.panel" widgetViewKind="view"
2026-09-16 01:15:20.287 [info] [perf] Render performance baseline is 17ms
2026-09-16 01:15:20.575 [info] [AccountPolicyGate] apply: state=inactive, reason=undefined, isRestricted=false
2026-09-16 01:15:52.684 [info] [AgentHost] No signed-in session resolved for resource: https://api.github.com
2026-09-16 01:15:52.685 [info] [AgentHost] No signed-in session resolved for resource: https://api.github.com/repos
2026-09-16 01:15:52.686 [info] [AgentHost] No signed-in session resolved for resource: https://api.github.com
2026-09-16 01:15:52.687 [info] [AgentHost] No signed-in session resolved for resource: https://api.github.com/repos
2026-09-16 02:06:04.048 [info] [ChatModelSelection] event=no-model-at-toolbar-build surface="workbench" sessionKey="local" conversationKey="vscode-chat-session://local/NmIzOThlZTUtMjYxYS00MDlmLTk1YzQtNmRhNmVjMmJiZDk3" modelTarget=undefined storageKey="chat.currentLanguageModel.panel" widgetViewKind="view"
2026-09-16 02:06:06.103 [info] [ChatModelSelection] event=no-model-at-toolbar-build surface="workbench" sessionKey="local" conversationKey="vscode-chat-session://local/NmIzOThlZTUtMjYxYS00MDlmLTk1YzQtNmRhNmVjMmJiZDk3" modelTarget=undefined storageKey="chat.currentLanguageModel.panel" widgetViewKind="view"
2026-09-16 03:01:13.349 [info] [ChatModelSelection] event=no-model-at-toolbar-build surface="workbench" sessionKey="local" conversationKey="vscode-chat-session://local/NmIzOThlZTUtMjYxYS00MDlmLTk1YzQtNmRhNmVjMmJiZDk3" modelTarget=undefined storageKey="chat.currentLanguageModel.panel" widgetViewKind="view"
