2026-09-16 01:14:52.987 [info] [RemoteAgentHost] Reconciling: desired=[], current=[]
2026-09-16 01:14:53.023 [info] [AgentHost:renderer] Acquiring MessagePort to agent host...
2026-09-16 01:14:53.209 [info] [ChatModelSelection] event=no-model-at-toolbar-build surface="workbench" sessionKey=undefined conversationKey=undefined modelTarget=undefined storageKey="chat.currentLanguageModel.panel" widgetViewKind="view"
2026-09-16 01:14:53.513 [info] [AgentHost:renderer] MessagePort acquired, creating client...
2026-09-16 01:14:53.533 [info] [ChatModelSelection] event=no-model-at-toolbar-build surface="workbench" sessionKey="local" conversationKey="vscode-chat-session://local/MWFiZGJkNTYtMjMwMS00NzBmLWJiODMtODI5OTJkYjRiZGYy" modelTarget=undefined storageKey="chat.currentLanguageModel.panel" widgetViewKind="view"
2026-09-16 01:14:53.599 [info] Started local extension host with pid 1664.
2026-09-16 01:14:53.960 [info] [ChatModelSelection] event=no-model-at-toolbar-build surface="workbench" sessionKey="local" conversationKey="vscode-chat-session://local/MWFiZGJkNTYtMjMwMS00NzBmLWJiODMtODI5OTJkYjRiZGYy" modelTarget=undefined storageKey="chat.currentLanguageModel.panel" widgetViewKind="view"
2026-09-16 01:14:53.995 [info] [AgentHost:renderer] Protocol connection established; clientId=9b7c0bf0-f69c-4e28-bff1-9c4a16475b43
2026-09-16 01:14:54.283 [info] [RemoteAgentHostProtocol] Mirroring configuration to host root config from DEFAULT: byokModelsEnabled=true (chat.agentHost.byokModels.enabled)
2026-09-16 01:14:55.525 [error] [Extension Host] (node:1664) [DEP0040] DeprecationWarning: The `punycode` module is deprecated. Please use a userland alternative instead.
(Use `exe --trace-deprecation ...` to show where the warning was created)
2026-09-16 01:14:55.772 [info] [AccountPolicyGate] apply: state=inactive, reason=undefined, isRestricted=false
2026-09-16 01:14:56.082 [error] [Extension Host] (node:1664) [DEP0169] DeprecationWarning: `url.parse()` behavior is not standardized and prone to errors that have security implications. Use the WHATWG URL API instead. CVEs are not issued for `url.parse()` vulnerabilities.
2026-09-16 01:15:00.773 [info] [AccountPolicyGate] apply: state=inactive, reason=undefined, isRestricted=false
2026-09-16 01:15:19.832 [info] [AgentHost] No signed-in session resolved for resource: https://api.github.com
2026-09-16 01:15:19.832 [info] [AgentHost] No signed-in session resolved for resource: https://api.github.com/repos
2026-09-16 01:15:19.833 [info] [AgentHost] No signed-in session resolved for resource: https://api.github.com
2026-09-16 01:15:19.833 [info] [AgentHost] No signed-in session resolved for resource: https://api.github.com/repos
2026-09-16 01:15:28.463 [info] [ChatModelSelection] event=no-model-at-toolbar-build surface="workbench" sessionKey="local" conversationKey="vscode-chat-session://local/MWFiZGJkNTYtMjMwMS00NzBmLWJiODMtODI5OTJkYjRiZGYy" modelTarget=undefined storageKey="chat.currentLanguageModel.panel" widgetViewKind="view"
2026-09-16 01:15:30.866 [info] [ChatModelSelection] event=no-model-at-toolbar-build surface="workbench" sessionKey="local" conversationKey="vscode-chat-session://local/MWFiZGJkNTYtMjMwMS00NzBmLWJiODMtODI5OTJkYjRiZGYy" modelTarget=undefined storageKey="chat.currentLanguageModel.panel" widgetViewKind="view"
2026-09-16 01:15:30.967 [info] [ChatModelSelection] event=no-model-at-toolbar-build surface="workbench" sessionKey="local" conversationKey="vscode-chat-session://local/MWFiZGJkNTYtMjMwMS00NzBmLWJiODMtODI5OTJkYjRiZGYy" modelTarget=undefined storageKey="chat.currentLanguageModel.panel" widgetViewKind="view"
2026-09-16 01:15:40.150 [info] Settings Sync: Account status changed from uninitialized to unavailable
2026-09-16 01:15:52.708 [info] [AgentHost] No signed-in session resolved for resource: https://api.github.com
2026-09-16 01:15:52.729 [info] [AgentHost] No signed-in session resolved for resource: https://api.github.com/repos
2026-09-16 01:15:52.805 [info] [AgentHost] No signed-in session resolved for resource: https://api.github.com
2026-09-16 01:15:52.806 [info] [ChatModelSelection] event=no-model-at-toolbar-build surface="workbench" sessionKey="local" conversationKey="vscode-chat-session://local/MWFiZGJkNTYtMjMwMS00NzBmLWJiODMtODI5OTJkYjRiZGYy" modelTarget=undefined storageKey="chat.currentLanguageModel.panel" widgetViewKind="view"
2026-09-16 01:15:52.838 [info] [AgentHost] No signed-in session resolved for resource: https://api.github.com/repos
2026-09-16 01:15:54.800 [info] [ChatModelSelection] event=no-model-at-toolbar-build surface="workbench" sessionKey="local" conversationKey="vscode-chat-session://local/MWFiZGJkNTYtMjMwMS00NzBmLWJiODMtODI5OTJkYjRiZGYy" modelTarget=undefined storageKey="chat.currentLanguageModel.panel" widgetViewKind="view"
2026-09-16 01:16:08.375 [info] [ChatModelSelection] event=no-model-at-toolbar-build surface="workbench" sessionKey="local" conversationKey="vscode-chat-session://local/MWFiZGJkNTYtMjMwMS00NzBmLWJiODMtODI5OTJkYjRiZGYy" modelTarget=undefined storageKey="chat.currentLanguageModel.panel" widgetViewKind="view"
2026-09-16 01:16:19.908 [info] [ChatModelSelection] event=no-model-at-toolbar-build surface="workbench" sessionKey="local" conversationKey="vscode-chat-session://local/MWFiZGJkNTYtMjMwMS00NzBmLWJiODMtODI5OTJkYjRiZGYy" modelTarget=undefined storageKey="chat.currentLanguageModel.panel" widgetViewKind="view"
2026-09-16 01:17:40.473 [info] [perf] Render performance baseline is 15ms
