2026-09-15 23:13:10.384 [info] Reading sessions from keychain...
2026-09-15 23:13:10.384 [info] Getting sessions for all scopes...
2026-09-15 23:13:10.446 [info] Got 0 sessions for all scopes...
2026-09-15 23:13:10.446 [info] Getting sessions for all scopes...
2026-09-15 23:13:10.446 [info] Got 0 sessions for all scopes...
2026-09-15 23:13:10.447 [info] Getting sessions for all scopes...
2026-09-15 23:13:10.447 [info] Got 0 sessions for all scopes...
2026-09-15 23:13:10.447 [info] Getting sessions for all scopes...
2026-09-15 23:13:10.447 [info] Got 0 sessions for all scopes...
2026-09-15 23:13:10.476 [info] Getting sessions for all scopes...
2026-09-15 23:13:10.476 [info] Got 0 sessions for all scopes...
2026-09-15 23:13:11.583 [info] Getting sessions for all scopes...
2026-09-15 23:13:11.583 [info] Got 0 sessions for all scopes...
2026-09-15 23:13:11.584 [info] Getting sessions for read:user,user:email...
2026-09-15 23:13:11.584 [info] Got 0 sessions for read:user,user:email...
2026-09-15 23:13:11.598 [info] Getting sessions for user:email...
2026-09-15 23:13:11.598 [info] Got 0 sessions for user:email...
2026-09-15 23:13:11.748 [info] Getting sessions for all scopes...
2026-09-15 23:13:11.748 [info] Got 0 sessions for all scopes...
2026-09-15 23:13:11.853 [info] Getting sessions for repo...
2026-09-15 23:13:11.853 [info] Got 0 sessions for repo...
2026-09-15 23:13:11.862 [info] Getting sessions for read:user,repo,user:email,workflow...
2026-09-15 23:13:11.862 [info] Got 0 sessions for read:user,repo,user:email,workflow...
2026-09-15 23:13:11.946 [info] Getting sessions for all scopes...
2026-09-15 23:13:11.946 [info] Got 0 sessions for all scopes...
2026-09-15 23:13:11.946 [info] Getting sessions for all scopes...
2026-09-15 23:13:11.946 [info] Got 0 sessions for all scopes...
2026-09-15 23:13:11.985 [info] Getting sessions for read:user,user:email...
2026-09-15 23:13:11.985 [info] Got 0 sessions for read:user,user:email...
2026-09-15 23:13:12.006 [info] Getting sessions for all scopes...
2026-09-15 23:13:12.006 [info] Got 0 sessions for all scopes...
2026-09-15 23:13:12.006 [info] Getting sessions for read:user,repo,user:email...
2026-09-15 23:13:12.007 [info] Got 0 sessions for read:user,repo,user:email...
2026-09-15 23:13:12.010 [info] Getting sessions for repo...
2026-09-15 23:13:12.010 [info] Got 0 sessions for repo...
2026-09-15 23:13:12.011 [info] Getting sessions for all scopes...
2026-09-15 23:13:12.011 [info] Got 0 sessions for all scopes...
2026-09-15 23:13:12.011 [info] Getting sessions for project,read:org,read:user,repo,user:email,workflow...
2026-09-15 23:13:12.011 [info] Got 0 sessions for project,read:org,read:user,repo,user:email,workflow...
2026-09-15 23:13:12.012 [info] Getting sessions for read:user,repo,user:email,workflow...
2026-09-15 23:13:12.012 [info] Got 0 sessions for read:user,repo,user:email,workflow...
