2026-09-16 21:19:45.985 [info] [main] Log level: Info
2026-09-16 21:19:45.985 [info] [main] Validating found git in: "git"
2026-09-16 21:19:45.985 [info] [main] Using git "2.55.0" from "git"
2026-09-16 21:19:45.985 [info] [Model][doInitialScan] Initial repository scan started
2026-09-16 21:19:45.985 [info] > git rev-parse --show-toplevel [12ms]
2026-09-16 21:19:45.985 [info] > git rev-parse --show-toplevel [3ms]
2026-09-16 21:19:45.994 [info] > git rev-parse --show-toplevel [5ms]
2026-09-16 21:19:46.792 [info] > git rev-parse --show-toplevel [793ms]
2026-09-16 21:19:48.226 [info] > git rev-parse --show-toplevel [147ms]
2026-09-16 21:19:48.251 [info] > git rev-parse --show-toplevel [15ms]
2026-09-16 21:19:48.293 [info] [Model][doInitialScan] Initial repository scan completed - repositories (0), closed repositories (0), parent repositories (1), unsafe repositories (0)
2026-09-16 21:19:48.742 [info] > git rev-parse --show-toplevel [437ms]
2026-09-16 21:19:48.852 [info] > git rev-parse --show-toplevel [18ms]
2026-09-16 21:19:48.909 [info] > git rev-parse --show-toplevel [47ms]
2026-09-16 21:20:18.954 [info] > git rev-parse --show-toplevel [1ms]
2026-09-16 21:20:25.640 [info] > git rev-parse --show-toplevel [1ms]
2026-09-16 21:20:25.902 [info] > git rev-parse --show-toplevel [2ms]
2026-09-16 21:20:26.836 [info] > git rev-parse --show-toplevel [2ms]
2026-09-16 21:20:28.901 [info] > git rev-parse --show-toplevel [1ms]
2026-09-16 21:22:45.359 [info] > git rev-parse --show-toplevel [1ms]
2026-09-16 21:22:46.691 [info] > git rev-parse --show-toplevel [1ms]
2026-09-16 21:27:16.749 [info] > git rev-parse --show-toplevel [1ms]
2026-09-16 21:27:23.305 [info] > git rev-parse --show-toplevel [2ms]
2026-09-16 21:27:37.147 [info] > git rev-parse --show-toplevel [1ms]
2026-09-16 21:28:34.149 [info] > git rev-parse --show-toplevel [1ms]
2026-09-16 21:29:18.693 [info] > git rev-parse --show-toplevel [2ms]
2026-09-16 22:19:42.480 [info] > git rev-parse --show-toplevel [1ms]
2026-09-16 22:22:10.425 [info] > git rev-parse --show-toplevel [2ms]
2026-09-16 22:22:10.441 [info] > git rev-parse --show-toplevel [4ms]
2026-09-16 22:22:10.441 [info] fatal: not a git repository (or any of the parent directories): .git
2026-09-16 22:22:14.719 [info] > git rev-parse --show-toplevel [1ms]
2026-09-16 22:22:14.719 [info] fatal: not a git repository (or any of the parent directories): .git
2026-09-16 22:22:14.765 [info] > git rev-parse --show-toplevel [2ms]
2026-09-16 22:22:14.765 [info] fatal: not a git repository (or any of the parent directories): .git
2026-09-16 22:24:37.403 [info] > git rev-parse --show-toplevel [1ms]
2026-09-16 22:25:22.103 [info] > git rev-parse --show-toplevel [1ms]
2026-09-16 22:26:03.833 [info] > git rev-parse --show-toplevel [1ms]
2026-09-16 22:26:26.161 [info] > git rev-parse --show-toplevel [1ms]
2026-09-16 22:26:47.969 [info] > git rev-parse --show-toplevel [1ms]
2026-09-16 22:26:49.670 [info] > git rev-parse --show-toplevel [1ms]
2026-09-16 22:29:47.508 [info] > git rev-parse --show-toplevel [1ms]
2026-09-16 22:30:42.664 [info] > git rev-parse --show-toplevel [1ms]
2026-09-16 22:31:00.091 [info] > git rev-parse --show-toplevel [2ms]
2026-09-16 22:32:18.569 [info] > git rev-parse --show-toplevel [1ms]
2026-09-16 22:32:40.176 [info] > git rev-parse --show-toplevel [2ms]
2026-09-16 22:32:40.404 [info] > git rev-parse --show-toplevel [1ms]
2026-09-16 22:34:32.533 [info] > git rev-parse --show-toplevel [1ms]
2026-09-16 22:34:59.328 [info] > git rev-parse --show-toplevel [2ms]
2026-09-16 22:36:56.244 [info] > git rev-parse --show-toplevel [1ms]
2026-09-16 22:37:29.918 [info] > git rev-parse --show-toplevel [1ms]
2026-09-16 22:38:35.845 [info] > git rev-parse --show-toplevel [1ms]
2026-09-16 22:39:18.523 [info] > git rev-parse --show-toplevel [1ms]
2026-09-16 22:39:19.072 [info] > git rev-parse --show-toplevel [1ms]
2026-09-16 22:41:29.426 [info] > git rev-parse --show-toplevel [1ms]
2026-09-16 22:41:29.691 [info] > git rev-parse --show-toplevel [1ms]
