2026-09-16 01:15:17.202 [info] Reading sessions from keychain...
2026-09-16 01:15:17.202 [info] Getting sessions for all scopes...
2026-09-16 01:15:17.202 [info] Got 0 sessions for all scopes...
2026-09-16 01:15:17.202 [info] Getting sessions for all scopes...
2026-09-16 01:15:17.202 [info] Got 0 sessions for all scopes...
2026-09-16 01:15:17.202 [info] Getting sessions for all scopes...
2026-09-16 01:15:17.202 [info] Got 0 sessions for all scopes...
2026-09-16 01:15:17.202 [info] Getting sessions for all scopes...
2026-09-16 01:15:17.202 [info] Got 0 sessions for all scopes...
2026-09-16 01:15:17.202 [info] Getting sessions for read:user,user:email...
2026-09-16 01:15:17.202 [info] Got 0 sessions for read:user,user:email...
2026-09-16 01:15:17.202 [info] Getting sessions for all scopes...
2026-09-16 01:15:17.202 [info] Got 0 sessions for all scopes...
2026-09-16 01:15:17.202 [info] Getting sessions for all scopes...
2026-09-16 01:15:17.202 [info] Got 0 sessions for all scopes...
2026-09-16 01:15:17.202 [info] Getting sessions for read:user,user:email...
2026-09-16 01:15:17.202 [info] Got 0 sessions for read:user,user:email...
2026-09-16 01:15:17.202 [info] Getting sessions for read:user,user:email...
2026-09-16 01:15:17.202 [info] Got 0 sessions for read:user,user:email...
2026-09-16 01:15:17.202 [info] Getting sessions for all scopes...
2026-09-16 01:15:17.202 [info] Got 0 sessions for all scopes...
2026-09-16 01:15:17.202 [info] Getting sessions for all scopes...
2026-09-16 01:15:17.202 [info] Got 0 sessions for all scopes...
2026-09-16 01:15:17.202 [info] Getting sessions for all scopes...
2026-09-16 01:15:17.202 [info] Got 0 sessions for all scopes...
2026-09-16 01:15:17.202 [info] Getting sessions for all scopes...
2026-09-16 01:15:17.202 [info] Got 0 sessions for all scopes...
2026-09-16 01:15:17.202 [info] Getting sessions for all scopes...
2026-09-16 01:15:17.202 [info] Got 0 sessions for all scopes...
2026-09-16 01:15:17.202 [info] Getting sessions for all scopes...
2026-09-16 01:15:17.202 [info] Got 0 sessions for all scopes...
2026-09-16 01:15:17.202 [info] Getting sessions for repo...
2026-09-16 01:15:17.202 [info] Got 0 sessions for repo...
2026-09-16 01:15:17.202 [info] Getting sessions for repo...
2026-09-16 01:15:17.202 [info] Got 0 sessions for repo...
2026-09-16 01:15:17.202 [info] Getting sessions for repo...
2026-09-16 01:15:17.202 [info] Got 0 sessions for repo...
2026-09-16 01:15:17.202 [info] Getting sessions for all scopes...
2026-09-16 01:15:17.202 [info] Got 0 sessions for all scopes...
2026-09-16 01:15:17.202 [info] Getting sessions for all scopes...
2026-09-16 01:15:17.202 [info] Got 0 sessions for all scopes...
2026-09-16 01:15:17.202 [info] Getting sessions for all scopes...
2026-09-16 01:15:17.202 [info] Got 0 sessions for all scopes...
2026-09-16 01:15:17.202 [info] Getting sessions for read:user,user:email...
2026-09-16 01:15:17.202 [info] Got 0 sessions for read:user,user:email...
2026-09-16 01:15:17.202 [info] Getting sessions for read:user,user:email...
2026-09-16 01:15:17.202 [info] Got 0 sessions for read:user,user:email...
2026-09-16 01:15:17.202 [info] Getting sessions for read:user,user:email...
2026-09-16 01:15:17.202 [info] Got 0 sessions for read:user,user:email...
2026-09-16 01:15:17.202 [info] Getting sessions for user:email...
2026-09-16 01:15:17.202 [info] Got 0 sessions for user:email...
2026-09-16 01:15:17.202 [info] Getting sessions for read:user,repo,user:email,workflow...
2026-09-16 01:15:17.202 [info] Got 0 sessions for read:user,repo,user:email,workflow...
2026-09-16 01:15:17.224 [info] Getting sessions for all scopes...
2026-09-16 01:15:17.224 [info] Got 0 sessions for all scopes...
2026-09-16 01:15:17.224 [info] Getting sessions for all scopes...
2026-09-16 01:15:17.224 [info] Got 0 sessions for all scopes...
2026-09-16 01:15:17.224 [info] Getting sessions for all scopes...
2026-09-16 01:15:17.225 [info] Got 0 sessions for all scopes...
2026-09-16 01:15:17.225 [info] Getting sessions for all scopes...
2026-09-16 01:15:17.225 [info] Got 0 sessions for all scopes...
2026-09-16 01:15:18.402 [info] Getting sessions for repo...
2026-09-16 01:15:18.402 [info] Got 0 sessions for repo...
2026-09-16 01:15:18.402 [info] Getting sessions for repo...
2026-09-16 01:15:18.402 [info] Got 0 sessions for repo...
2026-09-16 01:15:18.402 [info] Getting sessions for repo...
2026-09-16 01:15:18.402 [info] Got 0 sessions for repo...
2026-09-16 01:15:18.472 [info] Getting sessions for user:email...
2026-09-16 01:15:18.473 [info] Got 0 sessions for user:email...
2026-09-16 01:15:18.558 [info] Getting sessions for all scopes...
2026-09-16 01:15:18.558 [info] Got 0 sessions for all scopes...
2026-09-16 01:15:18.558 [info] Getting sessions for all scopes...
2026-09-16 01:15:18.558 [info] Got 0 sessions for all scopes...
2026-09-16 01:15:18.558 [info] Getting sessions for all scopes...
2026-09-16 01:15:18.558 [info] Got 0 sessions for all scopes...
2026-09-16 01:15:18.558 [info] Getting sessions for all scopes...
2026-09-16 01:15:18.558 [info] Got 0 sessions for all scopes...
2026-09-16 01:15:18.690 [info] Getting sessions for user:email...
2026-09-16 01:15:18.690 [info] Got 0 sessions for user:email...
2026-09-16 01:15:18.692 [info] Getting sessions for read:user,repo,user:email,workflow...
2026-09-16 01:15:18.692 [info] Got 0 sessions for read:user,repo,user:email,workflow...
2026-09-16 01:15:18.749 [info] Getting sessions for user:email...
2026-09-16 01:15:18.749 [info] Got 0 sessions for user:email...
2026-09-16 01:15:18.749 [info] Getting sessions for read:user,user:email...
2026-09-16 01:15:18.749 [info] Got 0 sessions for read:user,user:email...
2026-09-16 01:15:18.903 [info] Getting sessions for all scopes...
2026-09-16 01:15:18.903 [info] Got 0 sessions for all scopes...
2026-09-16 01:15:18.910 [info] Getting sessions for all scopes...
2026-09-16 01:15:18.911 [info] Got 0 sessions for all scopes...
2026-09-16 01:15:18.911 [info] Getting sessions for all scopes...
2026-09-16 01:15:18.911 [info] Got 0 sessions for all scopes...
2026-09-16 01:15:18.941 [info] Getting sessions for repo...
2026-09-16 01:15:18.941 [info] Got 0 sessions for repo...
2026-09-16 01:15:18.941 [info] Getting sessions for read:user,repo,user:email...
2026-09-16 01:15:18.941 [info] Got 0 sessions for read:user,repo,user:email...
2026-09-16 01:15:19.008 [info] Getting sessions for all scopes...
2026-09-16 01:15:19.008 [info] Got 0 sessions for all scopes...
2026-09-16 01:15:19.084 [info] Getting sessions for read:user,user:email...
2026-09-16 01:15:19.084 [info] Got 0 sessions for read:user,user:email...
2026-09-16 01:15:19.092 [info] Getting sessions for read:user,repo,user:email,workflow...
2026-09-16 01:15:19.092 [info] Got 0 sessions for read:user,repo,user:email,workflow...
2026-09-16 01:15:19.093 [info] Getting sessions for user:email...
2026-09-16 01:15:19.093 [info] Got 0 sessions for user:email...
2026-09-16 01:15:19.094 [info] Getting sessions for all scopes...
2026-09-16 01:15:19.094 [info] Got 0 sessions for all scopes...
2026-09-16 01:15:19.094 [info] Getting sessions for project,read:org,read:user,repo,user:email,workflow...
2026-09-16 01:15:19.094 [info] Got 0 sessions for project,read:org,read:user,repo,user:email,workflow...
2026-09-16 01:15:19.136 [info] Getting sessions for repo...
2026-09-16 01:15:19.136 [info] Got 0 sessions for repo...
2026-09-16 01:15:19.140 [info] Getting sessions for all scopes...
2026-09-16 01:15:19.140 [info] Got 0 sessions for all scopes...
2026-09-16 01:15:19.141 [info] Getting sessions for all scopes...
2026-09-16 01:15:19.141 [info] Got 0 sessions for all scopes...
2026-09-16 01:15:19.141 [info] Getting sessions for all scopes...
2026-09-16 01:15:19.141 [info] Got 0 sessions for all scopes...
2026-09-16 01:15:19.141 [info] Getting sessions for read:user,repo,user:email,workflow...
2026-09-16 01:15:19.141 [info] Got 0 sessions for read:user,repo,user:email,workflow...
2026-09-16 01:15:19.168 [info] Getting sessions for read:user,repo,user:email,workflow...
2026-09-16 01:15:19.168 [info] Got 0 sessions for read:user,repo,user:email,workflow...
2026-09-16 01:15:19.168 [info] Getting sessions for user:email...
2026-09-16 01:15:19.168 [info] Got 0 sessions for user:email...
2026-09-16 01:15:19.180 [info] Getting sessions for all scopes...
2026-09-16 01:15:19.181 [info] Got 0 sessions for all scopes...
2026-09-16 01:15:19.187 [info] Getting sessions for user:email...
2026-09-16 01:15:19.187 [info] Got 0 sessions for user:email...
2026-09-16 01:15:19.199 [info] Getting sessions for all scopes...
2026-09-16 01:15:19.199 [info] Got 0 sessions for all scopes...
2026-09-16 01:15:19.202 [info] Getting sessions for user:email...
2026-09-16 01:15:19.202 [info] Got 0 sessions for user:email...
2026-09-16 01:15:20.265 [info] Getting sessions for all scopes...
2026-09-16 01:15:20.265 [info] Got 0 sessions for all scopes...
2026-09-16 01:15:52.682 [info] Getting sessions for read:user,user:email...
2026-09-16 01:15:52.682 [info] Got 0 sessions for read:user,user:email...
2026-09-16 01:15:52.683 [info] Getting sessions for all scopes...
2026-09-16 01:15:52.683 [info] Got 0 sessions for all scopes...
2026-09-16 01:15:52.684 [info] Getting sessions for repo...
2026-09-16 01:15:52.684 [info] Got 0 sessions for repo...
2026-09-16 01:15:52.684 [info] Getting sessions for all scopes...
2026-09-16 01:15:52.684 [info] Got 0 sessions for all scopes...
2026-09-16 01:15:52.685 [info] Getting sessions for read:user,user:email...
2026-09-16 01:15:52.685 [info] Got 0 sessions for read:user,user:email...
2026-09-16 01:15:52.685 [info] Getting sessions for all scopes...
2026-09-16 01:15:52.685 [info] Got 0 sessions for all scopes...
2026-09-16 01:15:52.686 [info] Getting sessions for repo...
2026-09-16 01:15:52.686 [info] Got 0 sessions for repo...
2026-09-16 01:15:52.687 [info] Getting sessions for all scopes...
2026-09-16 01:15:52.687 [info] Got 0 sessions for all scopes...
