2026-09-16 21:19:43.367 [info] [RemoteAgentHost] Reconciling: desired=[], current=[]
2026-09-16 21:19:43.400 [info] [AgentHost:renderer] Acquiring MessagePort to agent host...
2026-09-16 21:19:43.784 [info] [AgentHost:renderer] MessagePort acquired, creating client...
2026-09-16 21:19:43.860 [info] Started local extension host with pid 1640.
2026-09-16 21:19:43.883 [info] [AgentHost:renderer] Protocol connection established; clientId=7f1c26cd-a183-4fd3-a81c-5d5b1c3a376c
2026-09-16 21:19:44.091 [warning] [ms-toolsai.vscode-jupyter-cell-tags]: View container 'jupyter-variables' does not exist and all views registered to it will be added to 'Explorer'.
2026-09-16 21:19:44.576 [info] [RemoteAgentHostProtocol] Mirroring configuration to host root config from DEFAULT: byokModelsEnabled=true (chat.agentHost.byokModels.enabled)
2026-09-16 21:19:45.397 [info] [AccountPolicyGate] apply: state=inactive, reason=undefined, isRestricted=false
2026-09-16 21:19:45.475 [info] [AgentHost] No signed-in session resolved for resource: https://api.github.com
2026-09-16 21:19:45.594 [info] [AgentHost] No signed-in session resolved for resource: https://api.github.com/repos
2026-09-16 21:19:45.620 [info] [AgentHost] No signed-in session resolved for resource: https://api.github.com
2026-09-16 21:19:45.621 [info] [AgentHost] No signed-in session resolved for resource: https://api.github.com/repos
2026-09-16 21:19:45.818 [info] Settings Sync: Account status changed from uninitialized to unavailable
2026-09-16 21:19:46.700 [info] [perf] Render performance baseline is 17ms
2026-09-16 21:19:47.410 [error] [Extension Host] (node:1640) [DEP0040] DeprecationWarning: The `punycode` module is deprecated. Please use a userland alternative instead.
(Use `exe --trace-deprecation ...` to show where the warning was created)
2026-09-16 21:19:47.893 [info] Auto updating outdated extensions. ms-azuretools.vscode-containers
2026-09-16 21:19:48.006 [error] [Extension Host] (node:1640) [DEP0169] DeprecationWarning: `url.parse()` behavior is not standardized and prone to errors that have security implications. Use the WHATWG URL API instead. CVEs are not issued for `url.parse()` vulnerabilities.
2026-09-16 21:19:48.851 [info] [AgentHost] No signed-in session resolved for resource: https://api.github.com
2026-09-16 21:19:48.907 [info] [AgentHost] No signed-in session resolved for resource: https://api.github.com/repos
2026-09-16 21:19:48.936 [info] [AgentHost] No signed-in session resolved for resource: https://api.github.com
2026-09-16 21:19:48.950 [info] [AgentHost] No signed-in session resolved for resource: https://api.github.com/repos
2026-09-16 21:19:50.399 [info] [AccountPolicyGate] apply: state=inactive, reason=undefined, isRestricted=false
2026-09-16 22:58:23.164 [info] [AgentHost] No signed-in session resolved for resource: https://api.github.com
2026-09-16 22:58:23.164 [info] [AgentHost] No signed-in session resolved for resource: https://api.github.com/repos
2026-09-16 22:58:23.164 [info] [AgentHost] No signed-in session resolved for resource: https://api.github.com
2026-09-16 22:58:23.165 [info] [AgentHost] No signed-in session resolved for resource: https://api.github.com/repos
