2026-09-16 01:14:54.922 [info] Reading sessions from keychain...
2026-09-16 01:14:54.922 [info] Getting sessions for all scopes...
2026-09-16 01:14:54.922 [info] Got 0 sessions for all scopes...
2026-09-16 01:14:54.922 [info] Getting sessions for all scopes...
2026-09-16 01:14:54.922 [info] Got 0 sessions for all scopes...
2026-09-16 01:14:54.922 [info] Getting sessions for all scopes...
2026-09-16 01:14:54.922 [info] Got 0 sessions for all scopes...
2026-09-16 01:14:54.922 [info] Getting sessions for all scopes...
2026-09-16 01:14:54.922 [info] Got 0 sessions for all scopes...
2026-09-16 01:14:54.960 [info] Getting sessions for all scopes...
2026-09-16 01:14:54.960 [info] Got 0 sessions for all scopes...
2026-09-16 01:14:56.314 [info] Getting sessions for read:user,repo,user:email,workflow...
2026-09-16 01:14:56.314 [info] Got 0 sessions for read:user,repo,user:email,workflow...
2026-09-16 01:14:56.324 [info] Getting sessions for read:user,repo,user:email...
2026-09-16 01:14:56.324 [info] Got 0 sessions for read:user,repo,user:email...
2026-09-16 01:14:56.419 [info] Getting sessions for project,read:org,read:user,repo,user:email,workflow...
2026-09-16 01:14:56.419 [info] Got 0 sessions for project,read:org,read:user,repo,user:email,workflow...
2026-09-16 01:14:56.421 [info] Getting sessions for read:user,repo,user:email,workflow...
2026-09-16 01:14:56.422 [info] Got 0 sessions for read:user,repo,user:email,workflow...
2026-09-16 01:15:19.828 [info] Getting sessions for read:user,user:email...
2026-09-16 01:15:19.828 [info] Got 0 sessions for read:user,user:email...
2026-09-16 01:15:19.831 [info] Getting sessions for all scopes...
2026-09-16 01:15:19.831 [info] Got 0 sessions for all scopes...
2026-09-16 01:15:19.832 [info] Getting sessions for repo...
2026-09-16 01:15:19.832 [info] Got 0 sessions for repo...
2026-09-16 01:15:19.832 [info] Getting sessions for all scopes...
2026-09-16 01:15:19.832 [info] Got 0 sessions for all scopes...
2026-09-16 01:15:19.832 [info] Getting sessions for read:user,user:email...
2026-09-16 01:15:19.832 [info] Got 0 sessions for read:user,user:email...
2026-09-16 01:15:19.832 [info] Getting sessions for all scopes...
2026-09-16 01:15:19.832 [info] Got 0 sessions for all scopes...
2026-09-16 01:15:19.833 [info] Getting sessions for repo...
2026-09-16 01:15:19.833 [info] Got 0 sessions for repo...
2026-09-16 01:15:19.833 [info] Getting sessions for all scopes...
2026-09-16 01:15:19.833 [info] Got 0 sessions for all scopes...
2026-09-16 01:15:38.585 [info] Getting sessions for all scopes...
2026-09-16 01:15:38.585 [info] Got 0 sessions for all scopes...
2026-09-16 01:15:40.148 [info] Getting sessions for user:email...
2026-09-16 01:15:40.148 [info] Got 0 sessions for user:email...
2026-09-16 01:15:52.698 [info] Getting sessions for read:user,user:email...
2026-09-16 01:15:52.698 [info] Got 0 sessions for read:user,user:email...
2026-09-16 01:15:52.705 [info] Getting sessions for all scopes...
2026-09-16 01:15:52.705 [info] Got 0 sessions for all scopes...
2026-09-16 01:15:52.708 [info] Getting sessions for repo...
2026-09-16 01:15:52.708 [info] Got 0 sessions for repo...
2026-09-16 01:15:52.720 [info] Getting sessions for all scopes...
2026-09-16 01:15:52.720 [info] Got 0 sessions for all scopes...
2026-09-16 01:15:52.734 [info] Getting sessions for read:user,user:email...
2026-09-16 01:15:52.734 [info] Got 0 sessions for read:user,user:email...
2026-09-16 01:15:52.768 [info] Getting sessions for all scopes...
2026-09-16 01:15:52.768 [info] Got 0 sessions for all scopes...
2026-09-16 01:15:52.805 [info] Getting sessions for repo...
2026-09-16 01:15:52.805 [info] Got 0 sessions for repo...
2026-09-16 01:15:52.835 [info] Getting sessions for all scopes...
2026-09-16 01:15:52.835 [info] Got 0 sessions for all scopes...
2026-09-16 01:16:40.446 [info] Getting sessions for all scopes...
2026-09-16 01:16:40.446 [info] Got 0 sessions for all scopes...
