2026-09-14 10:26:23.209 [info] Reading sessions from keychain...
2026-09-14 10:26:23.209 [info] Getting sessions for all scopes...
2026-09-14 10:26:23.209 [info] Got 0 sessions for all scopes...
2026-09-14 10:26:23.209 [info] Getting sessions for all scopes...
2026-09-14 10:26:23.209 [info] Got 0 sessions for all scopes...
2026-09-14 10:26:23.209 [info] Getting sessions for all scopes...
2026-09-14 10:26:23.209 [info] Got 0 sessions for all scopes...
2026-09-14 10:26:23.209 [info] Getting sessions for all scopes...
2026-09-14 10:26:23.209 [info] Got 0 sessions for all scopes...
2026-09-14 10:26:23.209 [info] Getting sessions for all scopes...
2026-09-14 10:26:23.209 [info] Got 0 sessions for all scopes...
2026-09-14 10:26:26.950 [info] Getting sessions for all scopes...
2026-09-14 10:26:26.950 [info] Got 0 sessions for all scopes...
2026-09-14 10:26:27.110 [info] Getting sessions for read:user,user:email...
2026-09-14 10:26:27.110 [info] Got 0 sessions for read:user,user:email...
2026-09-14 10:26:27.157 [info] Getting sessions for all scopes...
2026-09-14 10:26:27.158 [info] Got 0 sessions for all scopes...
2026-09-14 10:26:27.168 [info] Getting sessions for read:user,user:email...
2026-09-14 10:26:27.168 [info] Got 0 sessions for read:user,user:email...
2026-09-14 10:26:27.169 [info] Getting sessions for read:user,user:email...
2026-09-14 10:26:27.169 [info] Got 0 sessions for read:user,user:email...
2026-09-14 10:26:27.170 [info] Getting sessions for read:user,user:email...
2026-09-14 10:26:27.170 [info] Got 0 sessions for read:user,user:email...
2026-09-14 10:26:27.171 [info] Getting sessions for read:user,user:email...
2026-09-14 10:26:27.171 [info] Got 0 sessions for read:user,user:email...
2026-09-14 10:26:27.172 [info] Getting sessions for read:user,user:email...
2026-09-14 10:26:27.172 [info] Got 0 sessions for read:user,user:email...
2026-09-14 10:26:27.173 [info] Getting sessions for read:user,user:email...
2026-09-14 10:26:27.173 [info] Got 0 sessions for read:user,user:email...
2026-09-14 10:26:27.174 [info] Getting sessions for read:user,user:email...
2026-09-14 10:26:27.174 [info] Got 0 sessions for read:user,user:email...
2026-09-14 10:26:27.174 [info] Getting sessions for read:user,user:email...
2026-09-14 10:26:27.174 [info] Got 0 sessions for read:user,user:email...
2026-09-14 10:26:27.175 [info] Getting sessions for read:user,user:email...
2026-09-14 10:26:27.175 [info] Got 0 sessions for read:user,user:email...
2026-09-14 10:26:27.176 [info] Getting sessions for read:user,user:email...
2026-09-14 10:26:27.176 [info] Got 0 sessions for read:user,user:email...
2026-09-14 10:26:27.176 [info] Getting sessions for read:user,user:email...
2026-09-14 10:26:27.177 [info] Got 0 sessions for read:user,user:email...
2026-09-14 10:26:27.177 [info] Getting sessions for read:user,user:email...
2026-09-14 10:26:27.177 [info] Got 0 sessions for read:user,user:email...
2026-09-14 10:26:27.178 [info] Getting sessions for read:user,user:email...
2026-09-14 10:26:27.178 [info] Got 0 sessions for read:user,user:email...
2026-09-14 10:26:27.212 [info] Getting sessions for read:user,user:email...
2026-09-14 10:26:27.212 [info] Got 0 sessions for read:user,user:email...
2026-09-14 10:26:27.222 [info] Getting sessions for repo...
2026-09-14 10:26:27.222 [info] Got 0 sessions for repo...
2026-09-14 10:26:27.222 [info] Getting sessions for all scopes...
2026-09-14 10:26:27.222 [info] Got 0 sessions for all scopes...
2026-09-14 10:26:27.222 [info] Getting sessions for all scopes...
2026-09-14 10:26:27.222 [info] Got 0 sessions for all scopes...
2026-09-14 10:26:27.223 [info] Getting sessions for all scopes...
2026-09-14 10:26:27.223 [info] Got 0 sessions for all scopes...
2026-09-14 10:26:27.223 [info] Getting sessions for all scopes...
2026-09-14 10:26:27.223 [info] Got 0 sessions for all scopes...
2026-09-14 10:26:27.223 [info] Getting sessions for all scopes...
2026-09-14 10:26:27.223 [info] Got 0 sessions for all scopes...
2026-09-14 10:26:27.223 [info] Getting sessions for all scopes...
2026-09-14 10:26:27.223 [info] Got 0 sessions for all scopes...
2026-09-14 10:26:27.223 [info] Getting sessions for all scopes...
2026-09-14 10:26:27.223 [info] Got 0 sessions for all scopes...
2026-09-14 10:26:27.223 [info] Getting sessions for all scopes...
2026-09-14 10:26:27.223 [info] Got 0 sessions for all scopes...
2026-09-14 10:26:27.224 [info] Getting sessions for all scopes...
2026-09-14 10:26:27.224 [info] Got 0 sessions for all scopes...
2026-09-14 10:26:27.224 [info] Getting sessions for all scopes...
2026-09-14 10:26:27.224 [info] Got 0 sessions for all scopes...
2026-09-14 10:26:27.224 [info] Getting sessions for all scopes...
2026-09-14 10:26:27.224 [info] Got 0 sessions for all scopes...
2026-09-14 10:26:27.225 [info] Getting sessions for all scopes...
2026-09-14 10:26:27.225 [info] Got 0 sessions for all scopes...
2026-09-14 10:26:27.225 [info] Getting sessions for all scopes...
2026-09-14 10:26:27.225 [info] Got 0 sessions for all scopes...
2026-09-14 10:26:27.235 [info] Getting sessions for all scopes...
2026-09-14 10:26:27.235 [info] Got 0 sessions for all scopes...
2026-09-14 10:26:27.238 [info] Getting sessions for all scopes...
2026-09-14 10:26:27.238 [info] Got 0 sessions for all scopes...
2026-09-14 10:26:27.238 [info] Getting sessions for repo...
2026-09-14 10:26:27.238 [info] Got 0 sessions for repo...
2026-09-14 10:26:27.239 [info] Getting sessions for repo...
2026-09-14 10:26:27.239 [info] Got 0 sessions for repo...
2026-09-14 10:26:27.239 [info] Getting sessions for repo...
2026-09-14 10:26:27.239 [info] Got 0 sessions for repo...
2026-09-14 10:26:27.239 [info] Getting sessions for repo...
2026-09-14 10:26:27.239 [info] Got 0 sessions for repo...
2026-09-14 10:26:27.239 [info] Getting sessions for repo...
2026-09-14 10:26:27.239 [info] Got 0 sessions for repo...
2026-09-14 10:26:27.239 [info] Getting sessions for repo...
2026-09-14 10:26:27.239 [info] Got 0 sessions for repo...
2026-09-14 10:26:27.240 [info] Getting sessions for repo...
2026-09-14 10:26:27.240 [info] Got 0 sessions for repo...
2026-09-14 10:26:27.240 [info] Getting sessions for repo...
2026-09-14 10:26:27.240 [info] Got 0 sessions for repo...
2026-09-14 10:26:27.240 [info] Getting sessions for repo...
2026-09-14 10:26:27.240 [info] Got 0 sessions for repo...
2026-09-14 10:26:27.240 [info] Getting sessions for repo...
2026-09-14 10:26:27.240 [info] Got 0 sessions for repo...
2026-09-14 10:26:27.240 [info] Getting sessions for repo...
2026-09-14 10:26:27.240 [info] Got 0 sessions for repo...
2026-09-14 10:26:27.241 [info] Getting sessions for repo...
2026-09-14 10:26:27.241 [info] Got 0 sessions for repo...
2026-09-14 10:26:27.249 [info] Getting sessions for repo...
2026-09-14 10:26:27.249 [info] Got 0 sessions for repo...
2026-09-14 10:26:27.250 [info] Getting sessions for repo...
2026-09-14 10:26:27.250 [info] Got 0 sessions for repo...
2026-09-14 10:26:27.250 [info] Getting sessions for all scopes...
2026-09-14 10:26:27.250 [info] Got 0 sessions for all scopes...
2026-09-14 10:26:27.250 [info] Getting sessions for all scopes...
2026-09-14 10:26:27.250 [info] Got 0 sessions for all scopes...
2026-09-14 10:26:27.250 [info] Getting sessions for all scopes...
2026-09-14 10:26:27.250 [info] Got 0 sessions for all scopes...
2026-09-14 10:26:27.251 [info] Getting sessions for all scopes...
2026-09-14 10:26:27.251 [info] Got 0 sessions for all scopes...
2026-09-14 10:26:27.251 [info] Getting sessions for all scopes...
2026-09-14 10:26:27.251 [info] Got 0 sessions for all scopes...
2026-09-14 10:26:27.251 [info] Getting sessions for all scopes...
2026-09-14 10:26:27.251 [info] Got 0 sessions for all scopes...
2026-09-14 10:26:27.251 [info] Getting sessions for all scopes...
2026-09-14 10:26:27.251 [info] Got 0 sessions for all scopes...
2026-09-14 10:26:27.251 [info] Getting sessions for all scopes...
2026-09-14 10:26:27.251 [info] Got 0 sessions for all scopes...
2026-09-14 10:26:27.251 [info] Getting sessions for all scopes...
2026-09-14 10:26:27.251 [info] Got 0 sessions for all scopes...
2026-09-14 10:26:27.251 [info] Getting sessions for all scopes...
2026-09-14 10:26:27.251 [info] Got 0 sessions for all scopes...
2026-09-14 10:26:27.252 [info] Getting sessions for all scopes...
2026-09-14 10:26:27.252 [info] Got 0 sessions for all scopes...
2026-09-14 10:26:27.255 [info] Getting sessions for all scopes...
2026-09-14 10:26:27.255 [info] Got 0 sessions for all scopes...
2026-09-14 10:26:27.257 [info] Getting sessions for all scopes...
2026-09-14 10:26:27.257 [info] Got 0 sessions for all scopes...
2026-09-14 10:26:27.257 [info] Getting sessions for all scopes...
2026-09-14 10:26:27.257 [info] Got 0 sessions for all scopes...
2026-09-14 10:26:27.828 [info] Getting sessions for all scopes...
2026-09-14 10:26:27.828 [info] Got 0 sessions for all scopes...
